2026-08-19 21:39:36 - MayaTools.CNTManager3 - INFO - [CNTManager3] CNTManager3 initialized
2026-08-19 21:39:37 - MayaTools.CNTManager3 - INFO - [CNTManager3] UI Action: Add items to A list
2026-08-19 21:39:37 - MayaTools.CNTManager3 - INFO - [CNTManager3] Added 2 items to A list
2026-08-19 21:39:53 - MayaTools.CNTManager3 - INFO - [CNTManager3] UI Action: Add items to B list
2026-08-19 21:39:53 - MayaTools.CNTManager3 - INFO - [CNTManager3] Added 2 items to B list
2026-08-19 21:40:02 - MayaTools.CNTManager3 - INFO - [CNTManager3] Starting operation: Apply Constraints
2026-08-19 21:40:02 - MayaTools.CNTManager3 - INFO - [CNTManager3] Operation Apply Constraints completed
2026-08-19 21:40:50 - MayaTools.CNTManager3 - INFO - [CNTManager3] CNTManager3 cleanup completed
2026-08-19 21:41:56 - MayaTools.CNTManager3 - INFO - [CNTManager3] CNTManager3 cleanup completed
2026-08-19 21:41:56 - MayaTools.CNTManager3 - INFO - [CNTManager3] CNTManager3 initialized
2026-08-19 21:41:57 - MayaTools.CNTManager3 - INFO - [CNTManager3] UI Action: Add items to A list
2026-08-19 21:41:57 - MayaTools.CNTManager3 - INFO - [CNTManager3] Added 1 items to A list
2026-08-19 21:42:01 - MayaTools.CNTManager3 - INFO - [CNTManager3] UI Action: Add items to B list
2026-08-19 21:42:01 - MayaTools.CNTManager3 - INFO - [CNTManager3] Added 2 items to B list
2026-08-19 21:42:05 - MayaTools.CNTManager3 - INFO - [CNTManager3] Starting operation: List Connect
2026-08-19 21:42:05 - MayaTools.CNTManager3 - INFO - [CNTManager3] Operation List Connect completed
2026-08-19 21:45:15 - MayaTools.CNTManager3 - INFO - [CNTManager3] CNTManager3 cleanup completed
2026-08-19 22:14:50 - MayaTools.CNTManager3 - INFO - [CNTManager3] CNTManager3 cleanup completed
2026-08-19 22:14:50 - MayaTools.CNTManager3 - INFO - [CNTManager3] CNTManager3 initialized
2026-08-19 22:15:01 - MayaTools.CNTManager3 - INFO - [CNTManager3] UI Action: Add items to A list
2026-08-19 22:15:01 - MayaTools.CNTManager3 - INFO - [CNTManager3] Added 3 items to A list
2026-08-19 22:16:09 - MayaTools.CNTManager3 - INFO - [CNTManager3] UI Action: Add items to A list
2026-08-19 22:16:09 - MayaTools.CNTManager3 - INFO - [CNTManager3] Added 2 items to A list
2026-08-19 22:16:13 - MayaTools.CNTManager3 - INFO - [CNTManager3] UI Action: Add items to B list
2026-08-19 22:16:13 - MayaTools.CNTManager3 - INFO - [CNTManager3] Added 2 items to B list
2026-08-19 22:16:17 - MayaTools.CNTManager3 - INFO - [CNTManager3] Starting operation: Apply Constraints
2026-08-19 22:16:17 - MayaTools.CNTManager3 - INFO - [CNTManager3] Operation Apply Constraints completed
2026-08-19 22:16:42 - MayaTools.CNTManager3 - INFO - [CNTManager3] UI Action: Add items to B list
2026-08-19 22:16:42 - MayaTools.CNTManager3 - INFO - [CNTManager3] Added 2 items to B list
2026-08-19 22:16:55 - MayaTools.CNTManager3 - INFO - [CNTManager3] UI Action: Add items to A list
2026-08-19 22:16:55 - MayaTools.CNTManager3 - INFO - [CNTManager3] Added 1 items to A list
2026-08-19 22:17:01 - MayaTools.CNTManager3 - INFO - [CNTManager3] Starting operation: List Connect
2026-08-19 22:17:01 - MayaTools.CNTManager3 - INFO - [CNTManager3] Operation List Connect completed
2026-08-19 22:17:06 - MayaTools.CNTManager3 - INFO - [CNTManager3] CNTManager3 cleanup completed
2026-08-19 22:37:18 - MayaTools.CNTManager3 - INFO - [CNTManager3] CNTManager3 initialized
2026-08-19 22:37:24 - MayaTools.CNTManager3 - INFO - [CNTManager3] UI Action: Add items to A list
2026-08-19 22:37:24 - MayaTools.CNTManager3 - INFO - [CNTManager3] Added 6 items to A list
2026-08-19 22:37:27 - MayaTools.CNTManager3 - INFO - [CNTManager3] UI Action: Add items to B list
2026-08-19 22:37:27 - MayaTools.CNTManager3 - INFO - [CNTManager3] Added 6 items to B list
2026-08-19 22:37:33 - MayaTools.CNTManager3 - INFO - [CNTManager3] Starting operation: Match Transform
2026-08-19 22:37:33 - MayaTools.CNTManager3 - INFO - [CNTManager3] Operation Match Transform completed
2026-08-19 22:37:37 - MayaTools.CNTManager3 - INFO - [CNTManager3] UI Action: Swap A and B lists
2026-08-19 22:37:37 - MayaTools.CNTManager3 - INFO - [CNTManager3] UI Action: Add items to A list
2026-08-19 22:37:37 - MayaTools.CNTManager3 - INFO - [CNTManager3] Added 6 items to A list
2026-08-19 22:37:37 - MayaTools.CNTManager3 - INFO - [CNTManager3] UI Action: Add items to B list
2026-08-19 22:37:37 - MayaTools.CNTManager3 - INFO - [CNTManager3] Added 6 items to B list
2026-08-19 22:37:37 - MayaTools.CNTManager3 - INFO - [CNTManager3] Lists swapped
2026-08-19 22:37:41 - MayaTools.CNTManager3 - INFO - [CNTManager3] Starting operation: Match Transform
2026-08-19 22:37:41 - MayaTools.CNTManager3 - INFO - [CNTManager3] Operation Match Transform completed
2026-08-19 22:43:30 - MayaTools.CNTManager3 - INFO - [CNTManager3] UI Action: Add items to B list
2026-08-19 22:43:30 - MayaTools.CNTManager3 - INFO - [CNTManager3] Added 20 items to B list
2026-08-19 22:43:34 - MayaTools.CNTManager3 - INFO - [CNTManager3] UI Action: Add items to A list
2026-08-19 22:43:34 - MayaTools.CNTManager3 - INFO - [CNTManager3] Added 20 items to A list
2026-08-19 22:43:39 - MayaTools.CNTManager3 - INFO - [CNTManager3] Starting operation: Parent Items
2026-08-19 22:43:39 - MayaTools.CNTManager3 - INFO - [CNTManager3] Operation Parent Items completed
2026-08-19 22:44:04 - MayaTools.CNTManager3 - INFO - [CNTManager3] UI Action: Add items to B list
2026-08-19 22:44:04 - MayaTools.CNTManager3 - INFO - [CNTManager3] Added 20 items to B list
2026-08-19 22:44:10 - MayaTools.CNTManager3 - INFO - [CNTManager3] UI Action: Add items to A list
2026-08-19 22:44:10 - MayaTools.CNTManager3 - INFO - [CNTManager3] Added 23 items to A list
2026-08-19 22:46:09 - MayaTools.CNTManager3 - INFO - [CNTManager3] UI Action: Add items to A list
2026-08-19 22:46:09 - MayaTools.CNTManager3 - INFO - [CNTManager3] Added 20 items to A list
2026-08-19 22:46:16 - MayaTools.CNTManager3 - INFO - [CNTManager3] Starting operation: List Connect
2026-08-19 22:46:16 - MayaTools.CNTManager3 - INFO - [CNTManager3] Operation List Connect completed
2026-08-19 22:46:55 - MayaTools.CNTManager3 - INFO - [CNTManager3] CNTManager3 cleanup completed
2026-08-19 23:11:06 - MayaTools.CNTManager3 - INFO - [CNTManager3] CNTManager3 cleanup completed
2026-08-19 23:11:06 - MayaTools.CNTManager3 - INFO - [CNTManager3] CNTManager3 initialized
2026-08-19 23:11:07 - MayaTools.CNTManager3 - INFO - [CNTManager3] UI Action: Add items to B list
2026-08-19 23:11:07 - MayaTools.CNTManager3 - INFO - [CNTManager3] Added 6 items to B list
2026-08-19 23:11:20 - MayaTools.CNTManager3 - INFO - [CNTManager3] UI Action: Add items to A list
2026-08-19 23:11:20 - MayaTools.CNTManager3 - INFO - [CNTManager3] Added 6 items to A list
2026-08-19 23:11:25 - MayaTools.CNTManager3 - INFO - [CNTManager3] Starting operation: List Connect
2026-08-19 23:11:25 - MayaTools.CNTManager3 - INFO - [CNTManager3] Operation List Connect completed
2026-08-19 23:11:28 - MayaTools.CNTManager3 - INFO - [CNTManager3] Starting operation: List Connect
2026-08-19 23:11:28 - MayaTools.CNTManager3 - INFO - [CNTManager3] Operation List Connect completed
2026-08-19 23:11:31 - MayaTools.CNTManager3 - INFO - [CNTManager3] Starting operation: List Connect
2026-08-19 23:11:31 - MayaTools.CNTManager3 - INFO - [CNTManager3] Operation List Connect completed
2026-08-19 23:11:33 - MayaTools.CNTManager3 - INFO - [CNTManager3] CNTManager3 cleanup completed
2026-08-19 23:26:29 - MayaTools.CNTManager3 - INFO - [CNTManager3] CNTManager3 initialized
2026-08-19 23:26:31 - MayaTools.CNTManager3 - INFO - [CNTManager3] UI Action: Add items to B list
2026-08-19 23:26:31 - MayaTools.CNTManager3 - INFO - [CNTManager3] Added 6 items to B list
2026-08-19 23:26:34 - MayaTools.CNTManager3 - INFO - [CNTManager3] UI Action: Add items to A list
2026-08-19 23:26:34 - MayaTools.CNTManager3 - INFO - [CNTManager3] Added 6 items to A list
2026-08-19 23:26:38 - MayaTools.CNTManager3 - INFO - [CNTManager3] Starting operation: Match Transform
2026-08-19 23:26:38 - MayaTools.CNTManager3 - INFO - [CNTManager3] Operation Match Transform completed
2026-08-19 23:28:47 - MayaTools.CNTManager3 - INFO - [CNTManager3] UI Action: Add items to A list
2026-08-19 23:28:47 - MayaTools.CNTManager3 - INFO - [CNTManager3] Added 20 items to A list
2026-08-19 23:28:51 - MayaTools.CNTManager3 - INFO - [CNTManager3] UI Action: Add items to B list
2026-08-19 23:28:51 - MayaTools.CNTManager3 - INFO - [CNTManager3] Added 20 items to B list
2026-08-19 23:28:57 - MayaTools.CNTManager3 - INFO - [CNTManager3] Starting operation: List Connect
2026-08-19 23:28:57 - MayaTools.CNTManager3 - INFO - [CNTManager3] Operation List Connect completed
2026-08-19 23:29:03 - MayaTools.CNTManager3 - INFO - [CNTManager3] UI Action: Add items to B list
2026-08-19 23:29:03 - MayaTools.CNTManager3 - INFO - [CNTManager3] Added 20 items to B list
2026-08-19 23:29:09 - MayaTools.CNTManager3 - INFO - [CNTManager3] UI Action: Add items to A list
2026-08-19 23:29:09 - MayaTools.CNTManager3 - INFO - [CNTManager3] Added 20 items to A list
2026-08-19 23:29:18 - MayaTools.CNTManager3 - INFO - [CNTManager3] Starting operation: Parent Items
2026-08-19 23:29:18 - MayaTools.CNTManager3 - INFO - [CNTManager3] Operation Parent Items completed
2026-08-19 23:30:38 - MayaTools.CNTManager3 - INFO - [CNTManager3] CNTManager3 cleanup completed
2026-08-19 23:50:36 - MayaTools.CNTManager3 - INFO - [CNTManager3] CNTManager3 cleanup completed
2026-08-19 23:50:36 - MayaTools.CNTManager3 - INFO - [CNTManager3] CNTManager3 initialized
2026-08-19 23:50:37 - MayaTools.CNTManager3 - INFO - [CNTManager3] UI Action: Add items to B list
2026-08-19 23:50:37 - MayaTools.CNTManager3 - INFO - [CNTManager3] Added 6 items to B list
2026-08-19 23:50:45 - MayaTools.CNTManager3 - INFO - [CNTManager3] UI Action: Add items to A list
2026-08-19 23:50:45 - MayaTools.CNTManager3 - INFO - [CNTManager3] Added 6 items to A list
2026-08-19 23:50:51 - MayaTools.CNTManager3 - INFO - [CNTManager3] Starting operation: List Connect
2026-08-19 23:50:51 - MayaTools.CNTManager3 - INFO - [CNTManager3] Operation List Connect completed
2026-08-19 23:50:54 - MayaTools.CNTManager3 - INFO - [CNTManager3] Starting operation: List Connect
2026-08-19 23:50:54 - MayaTools.CNTManager3 - INFO - [CNTManager3] Operation List Connect completed
2026-08-19 23:50:57 - MayaTools.CNTManager3 - INFO - [CNTManager3] Starting operation: List Connect
2026-08-19 23:50:57 - MayaTools.CNTManager3 - INFO - [CNTManager3] Operation List Connect completed
2026-08-19 23:50:59 - MayaTools.CNTManager3 - INFO - [CNTManager3] CNTManager3 cleanup completed
