2026-08-25 17:35:21 - MayaTools.CNTManager3 - INFO - [CNTManager3] CNTManager3 initialized
2026-08-25 17:35:22 - MayaTools.CNTManager3 - INFO - [CNTManager3] UI Action: Add items to A list
2026-08-25 17:35:22 - MayaTools.CNTManager3 - INFO - [CNTManager3] Added 3 items to A list
2026-08-25 17:35:26 - MayaTools.CNTManager3 - INFO - [CNTManager3] UI Action: Add items to B list
2026-08-25 17:35:26 - MayaTools.CNTManager3 - INFO - [CNTManager3] Added 3 items to B list
2026-08-25 17:35:32 - MayaTools.CNTManager3 - INFO - [CNTManager3] UI Action: Add items to B list
2026-08-25 17:35:32 - MayaTools.CNTManager3 - INFO - [CNTManager3] Added 3 items to B list
2026-08-25 17:35:42 - MayaTools.CNTManager3 - INFO - [CNTManager3] Starting operation: Apply Constraints
2026-08-25 17:35:42 - MayaTools.CNTManager3 - INFO - [CNTManager3] Operation Apply Constraints completed
2026-08-25 17:36:11 - MayaTools.CNTManager3 - INFO - [CNTManager3] UI Action: Add items to A list
2026-08-25 17:36:11 - MayaTools.CNTManager3 - INFO - [CNTManager3] Added 3 items to A list
2026-08-25 17:36:13 - MayaTools.CNTManager3 - INFO - [CNTManager3] UI Action: Add items to B list
2026-08-25 17:36:13 - MayaTools.CNTManager3 - INFO - [CNTManager3] Added 3 items to B list
2026-08-25 17:37:00 - MayaTools.CNTManager3 - INFO - [CNTManager3] UI Action: Add items to A list
2026-08-25 17:37:00 - MayaTools.CNTManager3 - INFO - [CNTManager3] Added 3 items to A list
2026-08-25 17:37:05 - MayaTools.CNTManager3 - INFO - [CNTManager3] UI Action: Add items to B list
2026-08-25 17:37:05 - MayaTools.CNTManager3 - INFO - [CNTManager3] Added 3 items to B list
2026-08-25 17:37:09 - MayaTools.CNTManager3 - INFO - [CNTManager3] UI Action: Add items to A list
2026-08-25 17:37:09 - MayaTools.CNTManager3 - INFO - [CNTManager3] Added 3 items to A list
2026-08-25 17:37:13 - MayaTools.CNTManager3 - INFO - [CNTManager3] Starting operation: Match Transform
2026-08-25 17:37:13 - MayaTools.CNTManager3 - INFO - [CNTManager3] Operation Match Transform completed
2026-08-25 17:38:08 - MayaTools.CNTManager3 - INFO - [CNTManager3] UI Action: Add items to A list
2026-08-25 17:38:08 - MayaTools.CNTManager3 - INFO - [CNTManager3] Added 12 items to A list
2026-08-25 17:38:14 - MayaTools.CNTManager3 - INFO - [CNTManager3] UI Action: Add items to A list
2026-08-25 17:38:14 - MayaTools.CNTManager3 - INFO - [CNTManager3] Added 9 items to A list
2026-08-25 17:38:22 - MayaTools.CNTManager3 - INFO - [CNTManager3] UI Action: Add items to B list
2026-08-25 17:38:22 - MayaTools.CNTManager3 - INFO - [CNTManager3] Added 9 items to B list
2026-08-25 17:38:25 - MayaTools.CNTManager3 - INFO - [CNTManager3] Starting operation: Apply Constraints
2026-08-25 17:38:25 - MayaTools.CNTManager3 - INFO - [CNTManager3] Operation Apply Constraints completed
2026-08-25 17:42:50 - MayaTools.CNTManager3 - INFO - [CNTManager3] CNTManager3 cleanup completed
