2026-07-06 11:43:10 - MayaTools.CNTManager3 - INFO - [CNTManager3] CNTManager3 initialized
2026-07-06 11:43:10 - MayaTools.CNTManager3 - INFO - [CNTManager3] UI Action: Add items to A list
2026-07-06 11:43:11 - MayaTools.CNTManager3 - INFO - [CNTManager3] Added 2413 items to A list
2026-07-06 11:43:18 - MayaTools.CNTManager3 - INFO - [CNTManager3] Starting operation: Batch Attr Set
2026-07-06 11:43:18 - MayaTools.CNTManager3 - INFO - [CNTManager3] Operation Batch Attr Set completed
2026-07-06 11:43:18 - MayaTools.CNTManager3 - INFO - [CNTManager3] 완료: 2413/2413 오브젝트 처리됨
2026-07-06 11:45:39 - MayaTools.CNTManager3 - INFO - [CNTManager3] UI Action: Add items to A list
2026-07-06 11:45:39 - MayaTools.CNTManager3 - INFO - [CNTManager3] Added 4957 items to A list
2026-07-06 11:45:48 - MayaTools.CNTManager3 - INFO - [CNTManager3] Starting operation: Batch Attr Set
2026-07-06 11:45:48 - MayaTools.CNTManager3 - INFO - [CNTManager3] Operation Batch Attr Set completed
2026-07-06 11:45:48 - MayaTools.CNTManager3 - INFO - [CNTManager3] 완료: 4957/4957 오브젝트 처리됨
2026-07-06 12:01:51 - MayaTools.CNTManager3 - INFO - [CNTManager3] CNTManager3 cleanup completed
2026-07-06 13:27:15 - MayaTools.CNTManager3 - INFO - [CNTManager3] CNTManager3 initialized
2026-07-06 13:27:16 - MayaTools.CNTManager3 - INFO - [CNTManager3] UI Action: Add items to A list
2026-07-06 13:27:16 - MayaTools.CNTManager3 - INFO - [CNTManager3] Added 18 items to A list
2026-07-06 13:27:21 - MayaTools.CNTManager3 - INFO - [CNTManager3] UI Action: Add items to B list
2026-07-06 13:27:21 - MayaTools.CNTManager3 - INFO - [CNTManager3] Added 18 items to B list
2026-07-06 13:27:24 - MayaTools.CNTManager3 - INFO - [CNTManager3] UI Action: Sort items
2026-07-06 13:27:24 - MayaTools.CNTManager3 - INFO - [CNTManager3] UI Action: Add items to A list
2026-07-06 13:27:24 - MayaTools.CNTManager3 - INFO - [CNTManager3] Added 18 items to A list
2026-07-06 13:27:24 - MayaTools.CNTManager3 - INFO - [CNTManager3] UI Action: Add items to B list
2026-07-06 13:27:24 - MayaTools.CNTManager3 - INFO - [CNTManager3] Added 18 items to B list
2026-07-06 13:27:24 - MayaTools.CNTManager3 - INFO - [CNTManager3] Items sorted
2026-07-06 13:27:31 - MayaTools.CNTManager3 - INFO - [CNTManager3] Starting operation: Apply Constraints
2026-07-06 13:27:31 - MayaTools.CNTManager3 - INFO - [CNTManager3] Operation Apply Constraints completed
2026-07-06 13:27:59 - MayaTools.CNTManager3 - INFO - [CNTManager3] Starting operation: Apply Constraints
2026-07-06 13:27:59 - MayaTools.CNTManager3 - ERROR - [CNTManager3] Error in constraints: Connection not made: 'follower_scaleConstraint1.constraintScaleX' -> 'wpn_1911_skeleton:follower.scaleX'.  Destination attribute must be writable.
Could not add constraint or connections.

2026-07-06 13:27:59 - MayaTools.CNTManager3 - INFO - [CNTManager3] Operation Apply Constraints completed
2026-07-06 13:28:06 - MayaTools.CNTManager3 - INFO - [CNTManager3] Starting operation: Apply Constraints
2026-07-06 13:28:06 - MayaTools.CNTManager3 - INFO - [CNTManager3] Operation Apply Constraints completed
2026-07-06 13:28:10 - MayaTools.CNTManager3 - INFO - [CNTManager3] Starting operation: Apply Constraints
2026-07-06 13:28:10 - MayaTools.CNTManager3 - INFO - [CNTManager3] Operation Apply Constraints completed
2026-07-06 13:28:15 - MayaTools.CNTManager3 - INFO - [CNTManager3] Starting operation: Apply Constraints
2026-07-06 13:28:15 - MayaTools.CNTManager3 - INFO - [CNTManager3] Operation Apply Constraints completed
2026-07-06 13:28:18 - MayaTools.CNTManager3 - INFO - [CNTManager3] Starting operation: Apply Constraints
2026-07-06 13:28:18 - MayaTools.CNTManager3 - INFO - [CNTManager3] Operation Apply Constraints completed
2026-07-06 13:28:20 - MayaTools.CNTManager3 - INFO - [CNTManager3] Starting operation: Apply Constraints
2026-07-06 13:28:20 - MayaTools.CNTManager3 - INFO - [CNTManager3] Operation Apply Constraints completed
2026-07-06 13:29:11 - MayaTools.CNTManager3 - INFO - [CNTManager3] UI Action: Add items to A list
2026-07-06 13:29:11 - MayaTools.CNTManager3 - INFO - [CNTManager3] Added 1 items to A list
2026-07-06 13:29:16 - MayaTools.CNTManager3 - INFO - [CNTManager3] UI Action: Add items to B list
2026-07-06 13:29:16 - MayaTools.CNTManager3 - INFO - [CNTManager3] Added 1 items to B list
2026-07-06 13:29:18 - MayaTools.CNTManager3 - INFO - [CNTManager3] Starting operation: Apply Constraints
2026-07-06 13:29:18 - MayaTools.CNTManager3 - INFO - [CNTManager3] Operation Apply Constraints completed
2026-07-06 13:29:20 - MayaTools.CNTManager3 - INFO - [CNTManager3] CNTManager3 cleanup completed
2026-07-06 13:33:48 - MayaTools.CNTManager3 - INFO - [CNTManager3] CNTManager3 initialized
2026-07-06 13:33:51 - MayaTools.CNTManager3 - INFO - [CNTManager3] UI Action: Add items to A list
2026-07-06 13:33:51 - MayaTools.CNTManager3 - INFO - [CNTManager3] Added 1 items to A list
2026-07-06 13:33:55 - MayaTools.CNTManager3 - INFO - [CNTManager3] UI Action: Add items to B list
2026-07-06 13:33:55 - MayaTools.CNTManager3 - INFO - [CNTManager3] Added 1 items to B list
2026-07-06 13:33:58 - MayaTools.CNTManager3 - INFO - [CNTManager3] Starting operation: Apply Constraints
2026-07-06 13:33:58 - MayaTools.CNTManager3 - INFO - [CNTManager3] Operation Apply Constraints completed
2026-07-06 13:34:02 - MayaTools.CNTManager3 - INFO - [CNTManager3] UI Action: Add items to A list
2026-07-06 13:34:02 - MayaTools.CNTManager3 - INFO - [CNTManager3] Added 1 items to A list
2026-07-06 13:34:05 - MayaTools.CNTManager3 - INFO - [CNTManager3] UI Action: Add items to B list
2026-07-06 13:34:05 - MayaTools.CNTManager3 - INFO - [CNTManager3] Added 1 items to B list
2026-07-06 13:34:07 - MayaTools.CNTManager3 - INFO - [CNTManager3] Starting operation: Apply Constraints
2026-07-06 13:34:07 - MayaTools.CNTManager3 - INFO - [CNTManager3] Operation Apply Constraints completed
2026-07-06 13:34:14 - MayaTools.CNTManager3 - INFO - [CNTManager3] UI Action: Add items to B list
2026-07-06 13:34:14 - MayaTools.CNTManager3 - INFO - [CNTManager3] Added 5 items to B list
2026-07-06 13:34:25 - MayaTools.CNTManager3 - INFO - [CNTManager3] UI Action: Add items to A list
2026-07-06 13:34:25 - MayaTools.CNTManager3 - INFO - [CNTManager3] Added 5 items to A list
2026-07-06 13:34:28 - MayaTools.CNTManager3 - INFO - [CNTManager3] Starting operation: Apply Constraints
2026-07-06 13:34:28 - MayaTools.CNTManager3 - INFO - [CNTManager3] Operation Apply Constraints completed
2026-07-06 13:34:35 - MayaTools.CNTManager3 - INFO - [CNTManager3] UI Action: Add items to B list
2026-07-06 13:34:35 - MayaTools.CNTManager3 - INFO - [CNTManager3] Added 10 items to B list
2026-07-06 13:34:43 - MayaTools.CNTManager3 - INFO - [CNTManager3] UI Action: Add items to A list
2026-07-06 13:34:43 - MayaTools.CNTManager3 - INFO - [CNTManager3] Added 10 items to A list
2026-07-06 13:34:46 - MayaTools.CNTManager3 - INFO - [CNTManager3] Starting operation: Apply Constraints
2026-07-06 13:34:46 - MayaTools.CNTManager3 - ERROR - [CNTManager3] Error in constraints: Connection not made: 'follower_scaleConstraint1.constraintScaleX' -> 'wpn_1911_skeleton:follower.scaleX'.  Destination attribute must be writable.
Could not add constraint or connections.

2026-07-06 13:34:46 - MayaTools.CNTManager3 - INFO - [CNTManager3] Operation Apply Constraints completed
2026-07-06 13:35:00 - MayaTools.CNTManager3 - INFO - [CNTManager3] Starting operation: Apply Constraints
2026-07-06 13:35:00 - MayaTools.CNTManager3 - ERROR - [CNTManager3] Error in constraints: Connection not made: 'follower_scaleConstraint1.constraintScaleX' -> 'wpn_1911_skeleton:follower.scaleX'.  Destination attribute must be writable.
Could not add constraint or connections.

2026-07-06 13:35:00 - MayaTools.CNTManager3 - INFO - [CNTManager3] Operation Apply Constraints completed
2026-07-06 13:35:13 - MayaTools.CNTManager3 - INFO - [CNTManager3] Starting operation: Apply Constraints
2026-07-06 13:35:13 - MayaTools.CNTManager3 - ERROR - [CNTManager3] Error in constraints: Connection not made: 'follower_scaleConstraint1.constraintScaleX' -> 'wpn_1911_skeleton:follower.scaleX'.  Destination attribute must be writable.
Could not add constraint or connections.

2026-07-06 13:35:13 - MayaTools.CNTManager3 - INFO - [CNTManager3] Operation Apply Constraints completed
2026-07-06 13:36:16 - MayaTools.CNTManager3 - INFO - [CNTManager3] Starting operation: Apply Constraints
2026-07-06 13:36:16 - MayaTools.CNTManager3 - INFO - [CNTManager3] Operation Apply Constraints completed
2026-07-06 13:36:21 - MayaTools.CNTManager3 - INFO - [CNTManager3] Starting operation: Apply Constraints
2026-07-06 13:36:21 - MayaTools.CNTManager3 - INFO - [CNTManager3] Operation Apply Constraints completed
2026-07-06 13:38:01 - MayaTools.CNTManager3 - INFO - [CNTManager3] CNTManager3 cleanup completed
2026-07-06 13:38:16 - MayaTools.CNTManager3 - INFO - [CNTManager3] CNTManager3 initialized
2026-07-06 13:38:17 - MayaTools.CNTManager3 - INFO - [CNTManager3] UI Action: Add items to A list
2026-07-06 13:38:17 - MayaTools.CNTManager3 - INFO - [CNTManager3] Added 1 items to A list
2026-07-06 13:38:19 - MayaTools.CNTManager3 - INFO - [CNTManager3] UI Action: Add items to B list
2026-07-06 13:38:19 - MayaTools.CNTManager3 - INFO - [CNTManager3] Added 1 items to B list
2026-07-06 13:38:22 - MayaTools.CNTManager3 - INFO - [CNTManager3] Starting operation: Apply Constraints
2026-07-06 13:38:22 - MayaTools.CNTManager3 - INFO - [CNTManager3] Operation Apply Constraints completed
2026-07-06 13:48:23 - MayaTools.CNTManager3 - INFO - [CNTManager3] CNTManager3 initialized
2026-07-06 13:48:24 - MayaTools.CNTManager3 - INFO - [CNTManager3] UI Action: Add items to A list
2026-07-06 13:48:24 - MayaTools.CNTManager3 - INFO - [CNTManager3] Added 2544 items to A list
2026-07-06 13:48:39 - MayaTools.CNTManager3 - INFO - [CNTManager3] Starting operation: Batch Attr Set
2026-07-06 13:48:39 - MayaTools.CNTManager3 - INFO - [CNTManager3] Operation Batch Attr Set completed
2026-07-06 13:48:39 - MayaTools.CNTManager3 - INFO - [CNTManager3] 완료: 2544/2544 오브젝트 처리됨
2026-07-06 13:48:40 - MayaTools.CNTManager3 - INFO - [CNTManager3] CNTManager3 cleanup completed
2026-07-06 14:01:32 - MayaTools.CNTManager3 - INFO - [CNTManager3] CNTManager3 initialized
2026-07-06 14:01:36 - MayaTools.CNTManager3 - INFO - [CNTManager3] UI Action: Add items to A list
2026-07-06 14:01:36 - MayaTools.CNTManager3 - INFO - [CNTManager3] Added 1 items to A list
2026-07-06 14:01:42 - MayaTools.CNTManager3 - INFO - [CNTManager3] UI Action: Add items to B list
2026-07-06 14:01:42 - MayaTools.CNTManager3 - INFO - [CNTManager3] Added 2 items to B list
2026-07-06 14:01:46 - MayaTools.CNTManager3 - INFO - [CNTManager3] Starting operation: Apply Constraints
2026-07-06 14:01:46 - MayaTools.CNTManager3 - INFO - [CNTManager3] Operation Apply Constraints completed
2026-07-06 14:02:06 - MayaTools.CNTManager3 - INFO - [CNTManager3] UI Action: Add items to B list
2026-07-06 14:02:06 - MayaTools.CNTManager3 - INFO - [CNTManager3] Added 2 items to B list
2026-07-06 14:02:08 - MayaTools.CNTManager3 - INFO - [CNTManager3] Starting operation: Apply Constraints
2026-07-06 14:02:08 - MayaTools.CNTManager3 - INFO - [CNTManager3] Operation Apply Constraints completed
2026-07-06 14:03:27 - MayaTools.CNTManager3 - INFO - [CNTManager3] UI Action: Add items to A list
2026-07-06 14:03:27 - MayaTools.CNTManager3 - INFO - [CNTManager3] Added 1 items to A list
2026-07-06 14:03:29 - MayaTools.CNTManager3 - INFO - [CNTManager3] UI Action: Add items to B list
2026-07-06 14:03:29 - MayaTools.CNTManager3 - INFO - [CNTManager3] Added 1 items to B list
2026-07-06 14:03:31 - MayaTools.CNTManager3 - INFO - [CNTManager3] Starting operation: Apply Constraints
2026-07-06 14:03:31 - MayaTools.CNTManager3 - INFO - [CNTManager3] Operation Apply Constraints completed
2026-07-06 14:47:17 - MayaTools.CNTManager3 - INFO - [CNTManager3] UI Action: Add items to A list
2026-07-06 14:47:17 - MayaTools.CNTManager3 - INFO - [CNTManager3] Added 1 items to A list
2026-07-06 14:47:20 - MayaTools.CNTManager3 - INFO - [CNTManager3] UI Action: Add items to B list
2026-07-06 14:47:20 - MayaTools.CNTManager3 - INFO - [CNTManager3] Added 1 items to B list
2026-07-06 14:47:22 - MayaTools.CNTManager3 - INFO - [CNTManager3] Starting operation: Apply Constraints
2026-07-06 14:47:22 - MayaTools.CNTManager3 - INFO - [CNTManager3] Operation Apply Constraints completed
2026-07-06 14:47:39 - MayaTools.CNTManager3 - INFO - [CNTManager3] UI Action: Add items to B list
2026-07-06 14:47:39 - MayaTools.CNTManager3 - INFO - [CNTManager3] Added 2 items to B list
2026-07-06 14:47:43 - MayaTools.CNTManager3 - INFO - [CNTManager3] UI Action: Add items to A list
2026-07-06 14:47:43 - MayaTools.CNTManager3 - INFO - [CNTManager3] Added 1 items to A list
2026-07-06 14:47:47 - MayaTools.CNTManager3 - INFO - [CNTManager3] Starting operation: Apply Constraints
2026-07-06 14:47:47 - MayaTools.CNTManager3 - INFO - [CNTManager3] Operation Apply Constraints completed
2026-07-06 14:48:12 - MayaTools.CNTManager3 - INFO - [CNTManager3] CNTManager3 cleanup completed
2026-07-06 15:01:55 - MayaTools.CNTManager3 - INFO - [CNTManager3] UI Action: Add items to A list
2026-07-06 15:01:55 - MayaTools.CNTManager3 - INFO - [CNTManager3] Added 1 items to A list
2026-07-06 15:02:04 - MayaTools.CNTManager3 - INFO - [CNTManager3] UI Action: Add items to B list
2026-07-06 15:02:04 - MayaTools.CNTManager3 - INFO - [CNTManager3] Added 1 items to B list
2026-07-06 15:02:56 - MayaTools.CNTManager3 - INFO - [CNTManager3] UI Action: Swap A and B lists
2026-07-06 15:02:56 - MayaTools.CNTManager3 - INFO - [CNTManager3] UI Action: Add items to A list
2026-07-06 15:02:56 - MayaTools.CNTManager3 - INFO - [CNTManager3] Added 1 items to A list
2026-07-06 15:02:56 - MayaTools.CNTManager3 - INFO - [CNTManager3] UI Action: Add items to B list
2026-07-06 15:02:56 - MayaTools.CNTManager3 - INFO - [CNTManager3] Added 1 items to B list
2026-07-06 15:02:56 - MayaTools.CNTManager3 - INFO - [CNTManager3] Lists swapped
2026-07-06 15:03:24 - MayaTools.CNTManager3 - INFO - [CNTManager3] Selected attribute: keyTimeValue.keyTime
2026-07-06 15:03:26 - MayaTools.CNTManager3 - INFO - [CNTManager3] UI Action: Swap A and B lists
2026-07-06 15:03:26 - MayaTools.CNTManager3 - INFO - [CNTManager3] UI Action: Add items to A list
2026-07-06 15:03:26 - MayaTools.CNTManager3 - INFO - [CNTManager3] Added 1 items to A list
2026-07-06 15:03:26 - MayaTools.CNTManager3 - INFO - [CNTManager3] UI Action: Add items to B list
2026-07-06 15:03:26 - MayaTools.CNTManager3 - INFO - [CNTManager3] Added 1 items to B list
2026-07-06 15:03:26 - MayaTools.CNTManager3 - INFO - [CNTManager3] Lists swapped
2026-07-06 15:03:46 - MayaTools.CNTManager3 - INFO - [CNTManager3] Starting operation: List Connect
2026-07-06 15:03:46 - MayaTools.CNTManager3 - ERROR - [CNTManager3] Error in list connect: The destination attribute 'follower_rotateX.keyTime[0]' cannot be found.

2026-07-06 15:03:46 - MayaTools.CNTManager3 - INFO - [CNTManager3] Operation List Connect completed
2026-07-06 15:03:52 - MayaTools.CNTManager3 - INFO - [CNTManager3] Starting operation: List Connect
2026-07-06 15:03:52 - MayaTools.CNTManager3 - ERROR - [CNTManager3] Error in list connect: The destination attribute 'follower_rotateX.keyTime' cannot be found.

2026-07-06 15:03:52 - MayaTools.CNTManager3 - INFO - [CNTManager3] Operation List Connect completed
2026-07-06 15:04:23 - MayaTools.CNTManager3 - INFO - [CNTManager3] UI Action: Swap A and B lists
2026-07-06 15:04:23 - MayaTools.CNTManager3 - INFO - [CNTManager3] UI Action: Add items to A list
2026-07-06 15:04:23 - MayaTools.CNTManager3 - INFO - [CNTManager3] Added 1 items to A list
2026-07-06 15:04:23 - MayaTools.CNTManager3 - INFO - [CNTManager3] UI Action: Add items to B list
2026-07-06 15:04:23 - MayaTools.CNTManager3 - INFO - [CNTManager3] Added 1 items to B list
2026-07-06 15:04:23 - MayaTools.CNTManager3 - INFO - [CNTManager3] Lists swapped
2026-07-06 15:04:59 - MayaTools.CNTManager3 - INFO - [CNTManager3] CNTManager3 cleanup completed
2026-07-06 15:24:45 - MayaTools.CNTManager3 - INFO - [CNTManager3] CNTManager3 initialized
2026-07-06 15:24:45 - MayaTools.CNTManager3 - INFO - [CNTManager3] UI Action: Add items to A list
2026-07-06 15:24:45 - MayaTools.CNTManager3 - INFO - [CNTManager3] Added 1 items to A list
2026-07-06 15:24:52 - MayaTools.CNTManager3 - INFO - [CNTManager3] UI Action: Add items to B list
2026-07-06 15:24:52 - MayaTools.CNTManager3 - INFO - [CNTManager3] Added 2 items to B list
2026-07-06 15:24:56 - MayaTools.CNTManager3 - INFO - [CNTManager3] Starting operation: Apply Constraints
2026-07-06 15:24:56 - MayaTools.CNTManager3 - INFO - [CNTManager3] Operation Apply Constraints completed
2026-07-06 15:26:39 - MayaTools.CNTManager3 - INFO - [CNTManager3] UI Action: Add items to B list
2026-07-06 15:26:39 - MayaTools.CNTManager3 - INFO - [CNTManager3] Added 1 items to B list
2026-07-06 15:26:42 - MayaTools.CNTManager3 - INFO - [CNTManager3] Starting operation: Apply Constraints
2026-07-06 15:26:42 - MayaTools.CNTManager3 - INFO - [CNTManager3] Operation Apply Constraints completed
2026-07-06 15:27:19 - MayaTools.CNTManager3 - INFO - [CNTManager3] CNTManager3 cleanup completed
2026-07-06 16:06:28 - MayaTools.CNTManager3 - INFO - [CNTManager3] CNTManager3 initialized
2026-07-06 16:06:29 - MayaTools.CNTManager3 - INFO - [CNTManager3] UI Action: Add items to B list
2026-07-06 16:06:29 - MayaTools.CNTManager3 - INFO - [CNTManager3] Added 9 items to B list
2026-07-06 16:06:53 - MayaTools.CNTManager3 - INFO - [CNTManager3] UI Action: Add items to A list
2026-07-06 16:06:53 - MayaTools.CNTManager3 - INFO - [CNTManager3] Added 8 items to A list
2026-07-06 16:07:03 - MayaTools.CNTManager3 - INFO - [CNTManager3] UI Action: Add items to B list
2026-07-06 16:07:03 - MayaTools.CNTManager3 - INFO - [CNTManager3] Added 8 items to B list
2026-07-06 16:07:08 - MayaTools.CNTManager3 - INFO - [CNTManager3] Starting operation: Apply Constraints
2026-07-06 16:07:08 - MayaTools.CNTManager3 - INFO - [CNTManager3] Operation Apply Constraints completed
2026-07-06 16:07:31 - MayaTools.CNTManager3 - INFO - [CNTManager3] UI Action: Add items to A list
2026-07-06 16:07:31 - MayaTools.CNTManager3 - INFO - [CNTManager3] Added 3 items to A list
2026-07-06 16:07:35 - MayaTools.CNTManager3 - INFO - [CNTManager3] UI Action: Add items to A list
2026-07-06 16:07:35 - MayaTools.CNTManager3 - INFO - [CNTManager3] Added 4 items to A list
2026-07-06 16:07:46 - MayaTools.CNTManager3 - INFO - [CNTManager3] UI Action: Add items to B list
2026-07-06 16:07:46 - MayaTools.CNTManager3 - INFO - [CNTManager3] Added 4 items to B list
2026-07-06 16:07:49 - MayaTools.CNTManager3 - INFO - [CNTManager3] Starting operation: Apply Constraints
2026-07-06 16:07:49 - MayaTools.CNTManager3 - INFO - [CNTManager3] Operation Apply Constraints completed
2026-07-06 16:08:15 - MayaTools.CNTManager3 - INFO - [CNTManager3] UI Action: Add items to A list
2026-07-06 16:08:15 - MayaTools.CNTManager3 - INFO - [CNTManager3] Added 19 items to A list
2026-07-06 16:08:49 - MayaTools.CNTManager3 - INFO - [CNTManager3] UI Action: Add items to B list
2026-07-06 16:08:49 - MayaTools.CNTManager3 - INFO - [CNTManager3] Added 19 items to B list
2026-07-06 16:08:54 - MayaTools.CNTManager3 - INFO - [CNTManager3] Starting operation: Apply Constraints
2026-07-06 16:08:54 - MayaTools.CNTManager3 - INFO - [CNTManager3] Operation Apply Constraints completed
2026-07-06 16:09:15 - MayaTools.CNTManager3 - INFO - [CNTManager3] UI Action: Add items to A list
2026-07-06 16:09:15 - MayaTools.CNTManager3 - INFO - [CNTManager3] Added 4 items to A list
2026-07-06 16:09:20 - MayaTools.CNTManager3 - INFO - [CNTManager3] UI Action: Add items to B list
2026-07-06 16:09:20 - MayaTools.CNTManager3 - INFO - [CNTManager3] Added 4 items to B list
2026-07-06 16:09:23 - MayaTools.CNTManager3 - INFO - [CNTManager3] Starting operation: Apply Constraints
2026-07-06 16:09:23 - MayaTools.CNTManager3 - INFO - [CNTManager3] Operation Apply Constraints completed
2026-07-06 16:09:35 - MayaTools.CNTManager3 - INFO - [CNTManager3] UI Action: Add items to A list
2026-07-06 16:09:35 - MayaTools.CNTManager3 - INFO - [CNTManager3] Added 19 items to A list
2026-07-06 16:09:53 - MayaTools.CNTManager3 - INFO - [CNTManager3] UI Action: Add items to B list
2026-07-06 16:09:53 - MayaTools.CNTManager3 - INFO - [CNTManager3] Added 19 items to B list
2026-07-06 16:09:57 - MayaTools.CNTManager3 - INFO - [CNTManager3] Starting operation: Apply Constraints
2026-07-06 16:09:57 - MayaTools.CNTManager3 - INFO - [CNTManager3] Operation Apply Constraints completed
2026-07-06 16:11:26 - MayaTools.CNTManager3 - INFO - [CNTManager3] CNTManager3 cleanup completed
2026-07-06 16:31:16 - MayaTools.CNTManager3 - INFO - [CNTManager3] CNTManager3 initialized
2026-07-06 16:31:25 - MayaTools.CNTManager3 - INFO - [CNTManager3] UI Action: Add items to B list
2026-07-06 16:31:25 - MayaTools.CNTManager3 - INFO - [CNTManager3] Added 8 items to B list
2026-07-06 16:31:32 - MayaTools.CNTManager3 - INFO - [CNTManager3] UI Action: Add items to A list
2026-07-06 16:31:32 - MayaTools.CNTManager3 - INFO - [CNTManager3] Added 8 items to A list
2026-07-06 16:31:37 - MayaTools.CNTManager3 - INFO - [CNTManager3] Starting operation: Apply Constraints
2026-07-06 16:31:38 - MayaTools.CNTManager3 - INFO - [CNTManager3] Operation Apply Constraints completed
2026-07-06 16:32:04 - MayaTools.CNTManager3 - INFO - [CNTManager3] UI Action: Add items to A list
2026-07-06 16:32:04 - MayaTools.CNTManager3 - INFO - [CNTManager3] Added 23 items to A list
2026-07-06 16:32:32 - MayaTools.CNTManager3 - INFO - [CNTManager3] UI Action: Add items to B list
2026-07-06 16:32:32 - MayaTools.CNTManager3 - INFO - [CNTManager3] Added 23 items to B list
2026-07-06 16:32:37 - MayaTools.CNTManager3 - INFO - [CNTManager3] Starting operation: Apply Constraints
2026-07-06 16:32:37 - MayaTools.CNTManager3 - INFO - [CNTManager3] Operation Apply Constraints completed
2026-07-06 16:32:54 - MayaTools.CNTManager3 - INFO - [CNTManager3] UI Action: Add items to A list
2026-07-06 16:32:54 - MayaTools.CNTManager3 - INFO - [CNTManager3] Added 23 items to A list
2026-07-06 16:33:14 - MayaTools.CNTManager3 - INFO - [CNTManager3] UI Action: Add items to B list
2026-07-06 16:33:14 - MayaTools.CNTManager3 - INFO - [CNTManager3] Added 23 items to B list
2026-07-06 16:33:18 - MayaTools.CNTManager3 - INFO - [CNTManager3] Starting operation: Apply Constraints
2026-07-06 16:33:18 - MayaTools.CNTManager3 - INFO - [CNTManager3] Operation Apply Constraints completed
2026-07-06 16:33:31 - MayaTools.CNTManager3 - INFO - [CNTManager3] UI Action: Add items to A list
2026-07-06 16:33:31 - MayaTools.CNTManager3 - INFO - [CNTManager3] Added 4 items to A list
2026-07-06 16:33:38 - MayaTools.CNTManager3 - INFO - [CNTManager3] UI Action: Add items to B list
2026-07-06 16:33:38 - MayaTools.CNTManager3 - INFO - [CNTManager3] Added 4 items to B list
2026-07-06 16:33:42 - MayaTools.CNTManager3 - INFO - [CNTManager3] Starting operation: Apply Constraints
2026-07-06 16:33:42 - MayaTools.CNTManager3 - INFO - [CNTManager3] Operation Apply Constraints completed
2026-07-06 16:33:45 - MayaTools.CNTManager3 - INFO - [CNTManager3] UI Action: Add items to B list
2026-07-06 16:33:45 - MayaTools.CNTManager3 - INFO - [CNTManager3] Added 4 items to B list
2026-07-06 16:33:51 - MayaTools.CNTManager3 - INFO - [CNTManager3] UI Action: Add items to A list
2026-07-06 16:33:51 - MayaTools.CNTManager3 - INFO - [CNTManager3] Added 4 items to A list
2026-07-06 16:33:54 - MayaTools.CNTManager3 - INFO - [CNTManager3] Starting operation: Apply Constraints
2026-07-06 16:33:54 - MayaTools.CNTManager3 - INFO - [CNTManager3] Operation Apply Constraints completed
2026-07-06 16:50:52 - MayaTools.CNTManager3 - INFO - [CNTManager3] CNTManager3 cleanup completed
2026-07-06 17:20:30 - MayaTools.CNTManager3 - INFO - [CNTManager3] CNTManager3 initialized
2026-07-06 17:20:33 - MayaTools.CNTManager3 - INFO - [CNTManager3] UI Action: Add items to A list
2026-07-06 17:20:33 - MayaTools.CNTManager3 - INFO - [CNTManager3] Added 1 items to A list
2026-07-06 17:20:37 - MayaTools.CNTManager3 - INFO - [CNTManager3] UI Action: Add items to B list
2026-07-06 17:20:37 - MayaTools.CNTManager3 - INFO - [CNTManager3] Added 2 items to B list
2026-07-06 17:20:41 - MayaTools.CNTManager3 - INFO - [CNTManager3] Starting operation: Apply Constraints
2026-07-06 17:20:41 - MayaTools.CNTManager3 - INFO - [CNTManager3] Operation Apply Constraints completed
2026-07-06 17:21:02 - MayaTools.CNTManager3 - INFO - [CNTManager3] UI Action: Add items to A list
2026-07-06 17:21:02 - MayaTools.CNTManager3 - INFO - [CNTManager3] Added 1 items to A list
2026-07-06 17:21:07 - MayaTools.CNTManager3 - INFO - [CNTManager3] UI Action: Add items to B list
2026-07-06 17:21:07 - MayaTools.CNTManager3 - INFO - [CNTManager3] Added 2 items to B list
2026-07-06 17:21:09 - MayaTools.CNTManager3 - INFO - [CNTManager3] Starting operation: Apply Constraints
2026-07-06 17:21:09 - MayaTools.CNTManager3 - INFO - [CNTManager3] Operation Apply Constraints completed
2026-07-06 17:21:17 - MayaTools.CNTManager3 - INFO - [CNTManager3] UI Action: Add items to A list
2026-07-06 17:21:17 - MayaTools.CNTManager3 - INFO - [CNTManager3] Added 1 items to A list
2026-07-06 17:21:21 - MayaTools.CNTManager3 - INFO - [CNTManager3] UI Action: Add items to B list
2026-07-06 17:21:21 - MayaTools.CNTManager3 - INFO - [CNTManager3] Added 2 items to B list
2026-07-06 17:21:23 - MayaTools.CNTManager3 - INFO - [CNTManager3] Starting operation: Apply Constraints
2026-07-06 17:21:23 - MayaTools.CNTManager3 - INFO - [CNTManager3] Operation Apply Constraints completed
2026-07-06 18:37:05 - MayaTools.CNTManager3 - INFO - [CNTManager3] CNTManager3 cleanup completed
