2026-04-14 11:04:41 - MayaTools.CNTManager3 - INFO - [CNTManager3] CNTManager3 initialized
2026-04-14 11:04:46 - MayaTools.CNTManager3 - INFO - [CNTManager3] UI Action: Add items to B list
2026-04-14 11:04:46 - MayaTools.CNTManager3 - INFO - [CNTManager3] Added 2 items to B list
2026-04-14 11:04:51 - MayaTools.CNTManager3 - INFO - [CNTManager3] UI Action: Add items to A list
2026-04-14 11:04:51 - MayaTools.CNTManager3 - INFO - [CNTManager3] Added 2 items to A list
2026-04-14 11:04:57 - MayaTools.CNTManager3 - INFO - [CNTManager3] Starting operation: Match Transform
2026-04-14 11:04:57 - MayaTools.CNTManager3 - INFO - [CNTManager3] Operation Match Transform completed
2026-04-14 11:05:06 - MayaTools.CNTManager3 - INFO - [CNTManager3] UI Action: Add items to B list
2026-04-14 11:05:06 - MayaTools.CNTManager3 - INFO - [CNTManager3] Added 2 items to B list
2026-04-14 11:05:08 - MayaTools.CNTManager3 - INFO - [CNTManager3] UI Action: Add items to A list
2026-04-14 11:05:08 - MayaTools.CNTManager3 - INFO - [CNTManager3] Added 2 items to A list
2026-04-14 11:05:11 - MayaTools.CNTManager3 - INFO - [CNTManager3] Starting operation: Match Transform
2026-04-14 11:05:11 - MayaTools.CNTManager3 - INFO - [CNTManager3] Operation Match Transform completed
2026-04-14 11:05:48 - MayaTools.CNTManager3 - INFO - [CNTManager3] UI Action: Add items to A list
2026-04-14 11:05:48 - MayaTools.CNTManager3 - INFO - [CNTManager3] Added 2 items to A list
2026-04-14 11:05:51 - MayaTools.CNTManager3 - INFO - [CNTManager3] UI Action: Add items to B list
2026-04-14 11:05:51 - MayaTools.CNTManager3 - INFO - [CNTManager3] Added 2 items to B list
2026-04-14 11:05:54 - MayaTools.CNTManager3 - INFO - [CNTManager3] Starting operation: Apply Constraints
2026-04-14 11:05:54 - MayaTools.CNTManager3 - INFO - [CNTManager3] Operation Apply Constraints completed
2026-04-14 11:05:57 - MayaTools.CNTManager3 - INFO - [CNTManager3] UI Action: Add items to A list
2026-04-14 11:05:57 - MayaTools.CNTManager3 - INFO - [CNTManager3] Added 2 items to A list
2026-04-14 11:05:58 - MayaTools.CNTManager3 - INFO - [CNTManager3] UI Action: Add items to A list
2026-04-14 11:05:58 - MayaTools.CNTManager3 - INFO - [CNTManager3] Added 2 items to A list
2026-04-14 11:06:01 - MayaTools.CNTManager3 - INFO - [CNTManager3] UI Action: Add items to B list
2026-04-14 11:06:01 - MayaTools.CNTManager3 - INFO - [CNTManager3] Added 2 items to B list
2026-04-14 11:06:04 - MayaTools.CNTManager3 - INFO - [CNTManager3] Starting operation: Apply Constraints
2026-04-14 11:06:04 - MayaTools.CNTManager3 - INFO - [CNTManager3] Operation Apply Constraints completed
2026-04-14 11:17:47 - MayaTools.CNTManager3 - INFO - [CNTManager3] UI Action: Add items to B list
2026-04-14 11:17:47 - MayaTools.CNTManager3 - INFO - [CNTManager3] Added 2 items to B list
2026-04-14 11:17:54 - MayaTools.CNTManager3 - INFO - [CNTManager3] UI Action: Add items to A list
2026-04-14 11:17:54 - MayaTools.CNTManager3 - INFO - [CNTManager3] Added 2 items to A list
2026-04-14 11:17:58 - MayaTools.CNTManager3 - INFO - [CNTManager3] Starting operation: List Connect
2026-04-14 11:17:58 - MayaTools.CNTManager3 - INFO - [CNTManager3] Operation List Connect completed
2026-04-14 11:19:04 - MayaTools.CNTManager3 - INFO - [CNTManager3] UI Action: Add items to B list
2026-04-14 11:19:04 - MayaTools.CNTManager3 - INFO - [CNTManager3] Added 3 items to B list
2026-04-14 11:19:07 - MayaTools.CNTManager3 - INFO - [CNTManager3] UI Action: Add items to A list
2026-04-14 11:19:07 - MayaTools.CNTManager3 - INFO - [CNTManager3] Added 3 items to A list
2026-04-14 11:19:10 - MayaTools.CNTManager3 - INFO - [CNTManager3] Starting operation: Apply Constraints
2026-04-14 11:19:10 - MayaTools.CNTManager3 - INFO - [CNTManager3] Operation Apply Constraints completed
2026-04-14 11:19:43 - MayaTools.CNTManager3 - INFO - [CNTManager3] UI Action: Add items to A list
2026-04-14 11:19:43 - MayaTools.CNTManager3 - INFO - [CNTManager3] Added 1 items to A list
2026-04-14 11:19:50 - MayaTools.CNTManager3 - INFO - [CNTManager3] UI Action: Add items to B list
2026-04-14 11:19:50 - MayaTools.CNTManager3 - INFO - [CNTManager3] Added 2 items to B list
2026-04-14 11:19:54 - MayaTools.CNTManager3 - INFO - [CNTManager3] Starting operation: Apply Constraints
2026-04-14 11:19:54 - MayaTools.CNTManager3 - INFO - [CNTManager3] Operation Apply Constraints completed
2026-04-14 11:20:19 - MayaTools.CNTManager3 - INFO - [CNTManager3] UI Action: Add items to A list
2026-04-14 11:20:19 - MayaTools.CNTManager3 - INFO - [CNTManager3] Added 1 items to A list
2026-04-14 11:20:22 - MayaTools.CNTManager3 - INFO - [CNTManager3] UI Action: Add items to B list
2026-04-14 11:20:22 - MayaTools.CNTManager3 - INFO - [CNTManager3] Added 4 items to B list
2026-04-14 11:20:25 - MayaTools.CNTManager3 - INFO - [CNTManager3] Starting operation: Apply Constraints
2026-04-14 11:20:25 - MayaTools.CNTManager3 - INFO - [CNTManager3] Operation Apply Constraints completed
2026-04-14 13:50:39 - MayaTools.CNTManager3 - INFO - [CNTManager3] UI Action: Add items to B list
2026-04-14 13:50:39 - MayaTools.CNTManager3 - INFO - [CNTManager3] Added 31 items to B list
2026-04-14 13:51:14 - MayaTools.CNTManager3 - INFO - [CNTManager3] UI Action: Add items to A list
2026-04-14 13:51:14 - MayaTools.CNTManager3 - INFO - [CNTManager3] Added 1 items to A list
2026-04-14 13:51:28 - MayaTools.CNTManager3 - INFO - [CNTManager3] Starting operation: List Connect
2026-04-14 13:51:28 - MayaTools.CNTManager3 - INFO - [CNTManager3] Operation List Connect completed
2026-04-14 13:58:54 - MayaTools.CNTManager3 - INFO - [CNTManager3] UI Action: Add items to B list
2026-04-14 13:58:54 - MayaTools.CNTManager3 - INFO - [CNTManager3] Added 4 items to B list
2026-04-14 13:58:59 - MayaTools.CNTManager3 - INFO - [CNTManager3] UI Action: Add items to A list
2026-04-14 13:58:59 - MayaTools.CNTManager3 - INFO - [CNTManager3] Added 4 items to A list
2026-04-14 13:59:04 - MayaTools.CNTManager3 - INFO - [CNTManager3] Starting operation: Apply Constraints
2026-04-14 13:59:04 - MayaTools.CNTManager3 - INFO - [CNTManager3] Operation Apply Constraints completed
2026-04-14 13:59:48 - MayaTools.CNTManager3 - INFO - [CNTManager3] UI Action: Add items to A list
2026-04-14 13:59:48 - MayaTools.CNTManager3 - INFO - [CNTManager3] Added 4 items to A list
2026-04-14 13:59:53 - MayaTools.CNTManager3 - INFO - [CNTManager3] UI Action: Add items to B list
2026-04-14 13:59:53 - MayaTools.CNTManager3 - INFO - [CNTManager3] Added 4 items to B list
2026-04-14 13:59:56 - MayaTools.CNTManager3 - INFO - [CNTManager3] Starting operation: Apply Constraints
2026-04-14 13:59:56 - MayaTools.CNTManager3 - INFO - [CNTManager3] Operation Apply Constraints completed
2026-04-14 14:00:02 - MayaTools.CNTManager3 - INFO - [CNTManager3] UI Action: Add items to B list
2026-04-14 14:00:02 - MayaTools.CNTManager3 - INFO - [CNTManager3] Added 4 items to B list
2026-04-14 14:00:12 - MayaTools.CNTManager3 - INFO - [CNTManager3] UI Action: Add items to A list
2026-04-14 14:00:12 - MayaTools.CNTManager3 - INFO - [CNTManager3] Added 4 items to A list
2026-04-14 14:00:14 - MayaTools.CNTManager3 - INFO - [CNTManager3] UI Action: Add items to B list
2026-04-14 14:00:14 - MayaTools.CNTManager3 - INFO - [CNTManager3] Added 4 items to B list
2026-04-14 14:00:17 - MayaTools.CNTManager3 - INFO - [CNTManager3] Starting operation: Apply Constraints
2026-04-14 14:00:17 - MayaTools.CNTManager3 - INFO - [CNTManager3] Operation Apply Constraints completed
2026-04-14 14:00:31 - MayaTools.CNTManager3 - INFO - [CNTManager3] UI Action: Add items to B list
2026-04-14 14:00:31 - MayaTools.CNTManager3 - INFO - [CNTManager3] Added 3 items to B list
2026-04-14 14:00:36 - MayaTools.CNTManager3 - INFO - [CNTManager3] UI Action: Add items to A list
2026-04-14 14:00:36 - MayaTools.CNTManager3 - INFO - [CNTManager3] Added 3 items to A list
2026-04-14 14:00:39 - MayaTools.CNTManager3 - INFO - [CNTManager3] Starting operation: Apply Constraints
2026-04-14 14:00:39 - MayaTools.CNTManager3 - INFO - [CNTManager3] Operation Apply Constraints completed
2026-04-14 14:00:50 - MayaTools.CNTManager3 - INFO - [CNTManager3] UI Action: Add items to B list
2026-04-14 14:00:50 - MayaTools.CNTManager3 - INFO - [CNTManager3] Added 3 items to B list
2026-04-14 14:00:54 - MayaTools.CNTManager3 - INFO - [CNTManager3] UI Action: Add items to A list
2026-04-14 14:00:54 - MayaTools.CNTManager3 - INFO - [CNTManager3] Added 3 items to A list
2026-04-14 14:00:56 - MayaTools.CNTManager3 - INFO - [CNTManager3] Starting operation: Apply Constraints
2026-04-14 14:00:56 - MayaTools.CNTManager3 - INFO - [CNTManager3] Operation Apply Constraints completed
2026-04-14 14:01:01 - MayaTools.CNTManager3 - INFO - [CNTManager3] UI Action: Add items to B list
2026-04-14 14:01:01 - MayaTools.CNTManager3 - INFO - [CNTManager3] Added 3 items to B list
2026-04-14 14:01:07 - MayaTools.CNTManager3 - INFO - [CNTManager3] UI Action: Add items to A list
2026-04-14 14:01:07 - MayaTools.CNTManager3 - INFO - [CNTManager3] Added 3 items to A list
2026-04-14 14:01:11 - MayaTools.CNTManager3 - INFO - [CNTManager3] Starting operation: Apply Constraints
2026-04-14 14:01:11 - MayaTools.CNTManager3 - INFO - [CNTManager3] Operation Apply Constraints completed
2026-04-14 14:01:14 - MayaTools.CNTManager3 - INFO - [CNTManager3] UI Action: Add items to B list
2026-04-14 14:01:14 - MayaTools.CNTManager3 - INFO - [CNTManager3] Added 2 items to B list
2026-04-14 14:01:19 - MayaTools.CNTManager3 - INFO - [CNTManager3] UI Action: Add items to A list
2026-04-14 14:01:19 - MayaTools.CNTManager3 - INFO - [CNTManager3] Added 2 items to A list
2026-04-14 14:01:22 - MayaTools.CNTManager3 - INFO - [CNTManager3] Starting operation: Apply Constraints
2026-04-14 14:01:22 - MayaTools.CNTManager3 - INFO - [CNTManager3] Operation Apply Constraints completed
2026-04-14 14:01:24 - MayaTools.CNTManager3 - INFO - [CNTManager3] UI Action: Add items to B list
2026-04-14 14:01:24 - MayaTools.CNTManager3 - INFO - [CNTManager3] Added 3 items to B list
2026-04-14 14:01:29 - MayaTools.CNTManager3 - INFO - [CNTManager3] UI Action: Add items to A list
2026-04-14 14:01:29 - MayaTools.CNTManager3 - INFO - [CNTManager3] Added 3 items to A list
2026-04-14 14:01:32 - MayaTools.CNTManager3 - INFO - [CNTManager3] Starting operation: Apply Constraints
2026-04-14 14:01:32 - MayaTools.CNTManager3 - INFO - [CNTManager3] Operation Apply Constraints completed
2026-04-14 14:01:35 - MayaTools.CNTManager3 - INFO - [CNTManager3] UI Action: Add items to B list
2026-04-14 14:01:35 - MayaTools.CNTManager3 - INFO - [CNTManager3] Added 3 items to B list
2026-04-14 14:01:42 - MayaTools.CNTManager3 - INFO - [CNTManager3] UI Action: Add items to A list
2026-04-14 14:01:42 - MayaTools.CNTManager3 - INFO - [CNTManager3] Added 3 items to A list
2026-04-14 14:01:49 - MayaTools.CNTManager3 - INFO - [CNTManager3] Starting operation: Apply Constraints
2026-04-14 14:01:49 - MayaTools.CNTManager3 - INFO - [CNTManager3] Operation Apply Constraints completed
2026-04-14 14:01:51 - MayaTools.CNTManager3 - INFO - [CNTManager3] UI Action: Add items to B list
2026-04-14 14:01:51 - MayaTools.CNTManager3 - INFO - [CNTManager3] Added 2 items to B list
2026-04-14 14:01:56 - MayaTools.CNTManager3 - INFO - [CNTManager3] UI Action: Add items to A list
2026-04-14 14:01:56 - MayaTools.CNTManager3 - INFO - [CNTManager3] Added 2 items to A list
2026-04-14 14:01:59 - MayaTools.CNTManager3 - INFO - [CNTManager3] Starting operation: Apply Constraints
2026-04-14 14:01:59 - MayaTools.CNTManager3 - INFO - [CNTManager3] Operation Apply Constraints completed
2026-04-14 14:30:01 - MayaTools.CNTManager3 - INFO - [CNTManager3] UI Action: Add items to B list
2026-04-14 14:30:01 - MayaTools.CNTManager3 - INFO - [CNTManager3] Added 31 items to B list
2026-04-14 14:30:10 - MayaTools.CNTManager3 - INFO - [CNTManager3] UI Action: Add items to A list
2026-04-14 14:30:10 - MayaTools.CNTManager3 - INFO - [CNTManager3] Added 1 items to A list
2026-04-14 14:30:26 - MayaTools.CNTManager3 - INFO - [CNTManager3] Starting operation: List Connect
2026-04-14 14:30:26 - MayaTools.CNTManager3 - INFO - [CNTManager3] Operation List Connect completed
2026-04-14 14:30:44 - MayaTools.CNTManager3 - INFO - [CNTManager3] UI Action: Add items to B list
2026-04-14 14:30:44 - MayaTools.CNTManager3 - INFO - [CNTManager3] Added 10 items to B list
2026-04-14 14:30:47 - MayaTools.CNTManager3 - INFO - [CNTManager3] Starting operation: List Connect
2026-04-14 14:30:47 - MayaTools.CNTManager3 - INFO - [CNTManager3] Operation List Connect completed
2026-04-14 14:31:32 - MayaTools.CNTManager3 - INFO - [CNTManager3] UI Action: Add items to B list
2026-04-14 14:31:32 - MayaTools.CNTManager3 - INFO - [CNTManager3] Added 28 items to B list
2026-04-14 14:31:50 - MayaTools.CNTManager3 - INFO - [CNTManager3] Starting operation: List Connect
2026-04-14 14:31:50 - MayaTools.CNTManager3 - INFO - [CNTManager3] Operation List Connect completed
2026-04-14 14:43:25 - MayaTools.CNTManager3 - INFO - [CNTManager3] UI Action: Add items to A list
2026-04-14 14:43:25 - MayaTools.CNTManager3 - INFO - [CNTManager3] Added 4 items to A list
2026-04-14 14:43:28 - MayaTools.CNTManager3 - INFO - [CNTManager3] UI Action: Add items to B list
2026-04-14 14:43:28 - MayaTools.CNTManager3 - INFO - [CNTManager3] Added 4 items to B list
2026-04-14 14:43:31 - MayaTools.CNTManager3 - INFO - [CNTManager3] Starting operation: Apply Constraints
2026-04-14 14:43:31 - MayaTools.CNTManager3 - INFO - [CNTManager3] Operation Apply Constraints completed
2026-04-14 14:48:11 - MayaTools.CNTManager3 - INFO - [CNTManager3] UI Action: Add items to B list
2026-04-14 14:48:11 - MayaTools.CNTManager3 - INFO - [CNTManager3] Added 41 items to B list
2026-04-14 14:48:17 - MayaTools.CNTManager3 - INFO - [CNTManager3] UI Action: Add items to A list
2026-04-14 14:48:17 - MayaTools.CNTManager3 - INFO - [CNTManager3] Added 1 items to A list
2026-04-14 14:48:37 - MayaTools.CNTManager3 - INFO - [CNTManager3] Starting operation: List Connect
2026-04-14 14:48:37 - MayaTools.CNTManager3 - INFO - [CNTManager3] Operation List Connect completed
2026-04-14 14:48:57 - MayaTools.CNTManager3 - INFO - [CNTManager3] Starting operation: List Connect
2026-04-14 14:48:57 - MayaTools.CNTManager3 - ERROR - [CNTManager3] Error in list connect: The destination attribute 'frontHairJ3PB.blender' cannot be found.

2026-04-14 14:48:57 - MayaTools.CNTManager3 - INFO - [CNTManager3] Operation List Connect completed
2026-04-14 14:49:26 - MayaTools.CNTManager3 - INFO - [CNTManager3] UI Action: Add items to B list
2026-04-14 14:49:26 - MayaTools.CNTManager3 - INFO - [CNTManager3] Added 41 items to B list
2026-04-14 14:49:31 - MayaTools.CNTManager3 - INFO - [CNTManager3] Starting operation: List Connect
2026-04-14 14:49:31 - MayaTools.CNTManager3 - INFO - [CNTManager3] Operation List Connect completed
2026-04-14 14:50:59 - MayaTools.CNTManager3 - INFO - [CNTManager3] UI Action: Add items to A list
2026-04-14 14:50:59 - MayaTools.CNTManager3 - INFO - [CNTManager3] Added 31 items to A list
2026-04-14 14:51:18 - MayaTools.CNTManager3 - INFO - [CNTManager3] UI Action: Add items to B list
2026-04-14 14:51:18 - MayaTools.CNTManager3 - INFO - [CNTManager3] Added 31 items to B list
2026-04-14 14:51:26 - MayaTools.CNTManager3 - INFO - [CNTManager3] Starting operation: Apply Constraints
2026-04-14 14:51:26 - MayaTools.CNTManager3 - INFO - [CNTManager3] Operation Apply Constraints completed
2026-04-14 14:56:48 - MayaTools.CNTManager3 - INFO - [CNTManager3] UI Action: Add items to A list
2026-04-14 14:56:48 - MayaTools.CNTManager3 - INFO - [CNTManager3] Added 1 items to A list
2026-04-14 14:56:50 - MayaTools.CNTManager3 - INFO - [CNTManager3] UI Action: Add items to B list
2026-04-14 14:56:50 - MayaTools.CNTManager3 - INFO - [CNTManager3] Added 1 items to B list
2026-04-14 14:56:52 - MayaTools.CNTManager3 - INFO - [CNTManager3] Starting operation: Apply Constraints
2026-04-14 14:56:52 - MayaTools.CNTManager3 - INFO - [CNTManager3] Operation Apply Constraints completed
2026-04-14 14:57:27 - MayaTools.CNTManager3 - INFO - [CNTManager3] UI Action: Add items to B list
2026-04-14 14:57:27 - MayaTools.CNTManager3 - INFO - [CNTManager3] Added 1 items to B list
2026-04-14 14:57:39 - MayaTools.CNTManager3 - INFO - [CNTManager3] Starting operation: Apply Constraints
2026-04-14 14:57:39 - MayaTools.CNTManager3 - INFO - [CNTManager3] Operation Apply Constraints completed
2026-04-14 16:01:45 - MayaTools.CNTManager3 - INFO - [CNTManager3] CNTManager3 initialized
2026-04-14 16:01:47 - MayaTools.CNTManager3 - INFO - [CNTManager3] UI Action: Add items to A list
2026-04-14 16:01:47 - MayaTools.CNTManager3 - INFO - [CNTManager3] Added 1 items to A list
2026-04-14 16:02:53 - MayaTools.CNTManager3 - INFO - [CNTManager3] UI Action: Add items to B list
2026-04-14 16:02:53 - MayaTools.CNTManager3 - INFO - [CNTManager3] Added 41 items to B list
2026-04-14 16:03:04 - MayaTools.CNTManager3 - INFO - [CNTManager3] Starting operation: List Connect
2026-04-14 16:03:04 - MayaTools.CNTManager3 - INFO - [CNTManager3] Operation List Connect completed
2026-04-14 16:03:12 - MayaTools.CNTManager3 - INFO - [CNTManager3] UI Action: Add items to B list
2026-04-14 16:03:12 - MayaTools.CNTManager3 - INFO - [CNTManager3] Added 41 items to B list
2026-04-14 16:03:20 - MayaTools.CNTManager3 - INFO - [CNTManager3] Starting operation: List Connect
2026-04-14 16:03:20 - MayaTools.CNTManager3 - INFO - [CNTManager3] Operation List Connect completed
2026-04-14 16:04:33 - MayaTools.CNTManager3 - INFO - [CNTManager3] UI Action: Add items to B list
2026-04-14 16:04:33 - MayaTools.CNTManager3 - INFO - [CNTManager3] Added 33 items to B list
2026-04-14 16:04:42 - MayaTools.CNTManager3 - INFO - [CNTManager3] Starting operation: List Connect
2026-04-14 16:04:42 - MayaTools.CNTManager3 - INFO - [CNTManager3] Operation List Connect completed
2026-04-14 16:28:45 - MayaTools.CNTManager3 - INFO - [CNTManager3] UI Action: Add items to B list
2026-04-14 16:28:45 - MayaTools.CNTManager3 - INFO - [CNTManager3] Added 1 items to B list
2026-04-14 16:28:48 - MayaTools.CNTManager3 - INFO - [CNTManager3] UI Action: Add items to A list
2026-04-14 16:28:48 - MayaTools.CNTManager3 - INFO - [CNTManager3] Added 1 items to A list
2026-04-14 16:28:50 - MayaTools.CNTManager3 - INFO - [CNTManager3] Starting operation: Apply Constraints
2026-04-14 16:28:50 - MayaTools.CNTManager3 - INFO - [CNTManager3] Operation Apply Constraints completed
2026-04-14 16:28:50 - MayaTools.CNTManager3 - INFO - [CNTManager3] Starting operation: Apply Constraints
2026-04-14 16:28:50 - MayaTools.CNTManager3 - INFO - [CNTManager3] Operation Apply Constraints completed
2026-04-14 16:28:55 - MayaTools.CNTManager3 - INFO - [CNTManager3] Starting operation: Apply Constraints
2026-04-14 16:28:55 - MayaTools.CNTManager3 - INFO - [CNTManager3] Operation Apply Constraints completed
2026-04-14 16:28:59 - MayaTools.CNTManager3 - INFO - [CNTManager3] UI Action: Add items to B list
2026-04-14 16:28:59 - MayaTools.CNTManager3 - INFO - [CNTManager3] Added 1 items to B list
2026-04-14 16:29:00 - MayaTools.CNTManager3 - INFO - [CNTManager3] Starting operation: Apply Constraints
2026-04-14 16:29:00 - MayaTools.CNTManager3 - INFO - [CNTManager3] Operation Apply Constraints completed
2026-04-14 16:29:14 - MayaTools.CNTManager3 - INFO - [CNTManager3] UI Action: Add items to B list
2026-04-14 16:29:14 - MayaTools.CNTManager3 - INFO - [CNTManager3] Added 33 items to B list
2026-04-14 16:29:33 - MayaTools.CNTManager3 - INFO - [CNTManager3] UI Action: Add items to A list
2026-04-14 16:29:33 - MayaTools.CNTManager3 - INFO - [CNTManager3] Added 33 items to A list
2026-04-14 16:29:41 - MayaTools.CNTManager3 - INFO - [CNTManager3] Starting operation: Apply Constraints
2026-04-14 16:29:41 - MayaTools.CNTManager3 - INFO - [CNTManager3] Operation Apply Constraints completed
2026-04-14 16:30:59 - MayaTools.CNTManager3 - INFO - [CNTManager3] UI Action: Add items to A list
2026-04-14 16:30:59 - MayaTools.CNTManager3 - INFO - [CNTManager3] Added 1 items to A list
2026-04-14 16:31:01 - MayaTools.CNTManager3 - INFO - [CNTManager3] UI Action: Add items to B list
2026-04-14 16:31:01 - MayaTools.CNTManager3 - INFO - [CNTManager3] Added 1 items to B list
2026-04-14 16:31:03 - MayaTools.CNTManager3 - INFO - [CNTManager3] Starting operation: Apply Constraints
2026-04-14 16:31:03 - MayaTools.CNTManager3 - INFO - [CNTManager3] Operation Apply Constraints completed
2026-04-14 16:40:44 - MayaTools.CNTManager3 - INFO - [CNTManager3] CNTManager3 cleanup completed
2026-04-14 17:55:42 - MayaTools.CNTManager3 - INFO - [CNTManager3] CNTManager3 initialized
2026-04-14 17:55:45 - MayaTools.CNTManager3 - INFO - [CNTManager3] UI Action: Add items to A list
2026-04-14 17:55:45 - MayaTools.CNTManager3 - INFO - [CNTManager3] Added 1 items to A list
2026-04-14 17:55:55 - MayaTools.CNTManager3 - INFO - [CNTManager3] UI Action: Add items to B list
2026-04-14 17:55:55 - MayaTools.CNTManager3 - INFO - [CNTManager3] Added 1 items to B list
2026-04-14 17:55:57 - MayaTools.CNTManager3 - INFO - [CNTManager3] Starting operation: Apply Constraints
2026-04-14 17:55:57 - MayaTools.CNTManager3 - INFO - [CNTManager3] Operation Apply Constraints completed
2026-04-14 18:30:26 - MayaTools.CNTManager3 - INFO - [CNTManager3] UI Action: Add items to A list
2026-04-14 18:30:26 - MayaTools.CNTManager3 - INFO - [CNTManager3] Added 2 items to A list
2026-04-14 18:30:29 - MayaTools.CNTManager3 - INFO - [CNTManager3] UI Action: Add items to B list
2026-04-14 18:30:29 - MayaTools.CNTManager3 - INFO - [CNTManager3] Added 2 items to B list
2026-04-14 18:30:32 - MayaTools.CNTManager3 - INFO - [CNTManager3] Starting operation: Apply Constraints
2026-04-14 18:30:32 - MayaTools.CNTManager3 - INFO - [CNTManager3] Operation Apply Constraints completed
2026-04-14 18:30:48 - MayaTools.CNTManager3 - INFO - [CNTManager3] UI Action: Add items to A list
2026-04-14 18:30:48 - MayaTools.CNTManager3 - INFO - [CNTManager3] Added 1 items to A list
2026-04-14 18:30:51 - MayaTools.CNTManager3 - INFO - [CNTManager3] UI Action: Add items to B list
2026-04-14 18:30:51 - MayaTools.CNTManager3 - INFO - [CNTManager3] Added 2 items to B list
2026-04-14 18:30:59 - MayaTools.CNTManager3 - INFO - [CNTManager3] Starting operation: Apply Constraints
2026-04-14 18:30:59 - MayaTools.CNTManager3 - INFO - [CNTManager3] Operation Apply Constraints completed
2026-04-14 18:34:28 - MayaTools.CNTManager3 - INFO - [CNTManager3] CNTManager3 cleanup completed
2026-04-14 18:45:12 - MayaTools.CNTManager3 - INFO - [CNTManager3] CNTManager3 initialized
2026-04-14 18:45:14 - MayaTools.CNTManager3 - INFO - [CNTManager3] UI Action: Add items to B list
2026-04-14 18:45:14 - MayaTools.CNTManager3 - INFO - [CNTManager3] Added 1 items to B list
2026-04-14 18:45:15 - MayaTools.CNTManager3 - INFO - [CNTManager3] UI Action: Add items to A list
2026-04-14 18:45:15 - MayaTools.CNTManager3 - INFO - [CNTManager3] Added 1 items to A list
2026-04-14 18:45:18 - MayaTools.CNTManager3 - INFO - [CNTManager3] Starting operation: Apply Constraints
2026-04-14 18:45:18 - MayaTools.CNTManager3 - INFO - [CNTManager3] Operation Apply Constraints completed
2026-04-14 18:45:18 - MayaTools.CNTManager3 - INFO - [CNTManager3] CNTManager3 cleanup completed
