2026-08-24 11:54:51 - MayaTools.CNTManager3 - INFO - [CNTManager3] CNTManager3 initialized
2026-08-24 11:54:53 - MayaTools.CNTManager3 - INFO - [CNTManager3] UI Action: Add items to A list
2026-08-24 11:54:53 - MayaTools.CNTManager3 - INFO - [CNTManager3] Added 1 items to A list
2026-08-24 11:54:56 - MayaTools.CNTManager3 - INFO - [CNTManager3] UI Action: Add items to B list
2026-08-24 11:54:56 - MayaTools.CNTManager3 - INFO - [CNTManager3] Added 2 items to B list
2026-08-24 11:55:30 - MayaTools.CNTManager3 - INFO - [CNTManager3] UI Action: Add items to A list
2026-08-24 11:55:30 - MayaTools.CNTManager3 - INFO - [CNTManager3] Added 4 items to A list
2026-08-24 11:55:35 - MayaTools.CNTManager3 - INFO - [CNTManager3] UI Action: Add items to B list
2026-08-24 11:55:35 - MayaTools.CNTManager3 - INFO - [CNTManager3] Added 4 items to B list
2026-08-24 11:55:44 - MayaTools.CNTManager3 - INFO - [CNTManager3] Starting operation: Parent Items
2026-08-24 11:55:44 - MayaTools.CNTManager3 - INFO - [CNTManager3] Operation Parent Items completed
2026-08-24 11:55:55 - MayaTools.CNTManager3 - INFO - [CNTManager3] UI Action: Add items to A list
2026-08-24 11:55:55 - MayaTools.CNTManager3 - INFO - [CNTManager3] Added 2 items to A list
2026-08-24 11:56:06 - MayaTools.CNTManager3 - INFO - [CNTManager3] UI Action: Add items to A list
2026-08-24 11:56:06 - MayaTools.CNTManager3 - INFO - [CNTManager3] Added 2 items to A list
2026-08-24 11:56:10 - MayaTools.CNTManager3 - INFO - [CNTManager3] UI Action: Add items to B list
2026-08-24 11:56:10 - MayaTools.CNTManager3 - INFO - [CNTManager3] Added 2 items to B list
2026-08-24 11:56:14 - MayaTools.CNTManager3 - INFO - [CNTManager3] Starting operation: Parent Items
2026-08-24 11:56:14 - MayaTools.CNTManager3 - INFO - [CNTManager3] Operation Parent Items completed
2026-08-24 11:57:51 - MayaTools.CNTManager3 - INFO - [CNTManager3] CNTManager3 cleanup completed
2026-08-24 13:55:57 - MayaTools.CNTManager3 - INFO - [CNTManager3] CNTManager3 initialized
2026-08-24 13:55:58 - MayaTools.CNTManager3 - INFO - [CNTManager3] UI Action: Add items to B list
2026-08-24 13:55:58 - MayaTools.CNTManager3 - INFO - [CNTManager3] Added 40 items to B list
2026-08-24 13:56:03 - MayaTools.CNTManager3 - INFO - [CNTManager3] UI Action: Add items to A list
2026-08-24 13:56:03 - MayaTools.CNTManager3 - INFO - [CNTManager3] Added 40 items to A list
2026-08-24 13:56:05 - MayaTools.CNTManager3 - INFO - [CNTManager3] UI Action: Sort items
2026-08-24 13:56:05 - MayaTools.CNTManager3 - INFO - [CNTManager3] UI Action: Add items to A list
2026-08-24 13:56:05 - MayaTools.CNTManager3 - INFO - [CNTManager3] Added 40 items to A list
2026-08-24 13:56:05 - MayaTools.CNTManager3 - INFO - [CNTManager3] UI Action: Add items to B list
2026-08-24 13:56:05 - MayaTools.CNTManager3 - INFO - [CNTManager3] Added 40 items to B list
2026-08-24 13:56:05 - MayaTools.CNTManager3 - INFO - [CNTManager3] Items sorted
2026-08-24 13:56:17 - MayaTools.CNTManager3 - INFO - [CNTManager3] Starting operation: Apply Constraints
2026-08-24 13:56:17 - MayaTools.CNTManager3 - INFO - [CNTManager3] Operation Apply Constraints completed
2026-08-24 13:58:12 - MayaTools.CNTManager3 - INFO - [CNTManager3] CNTManager3 cleanup completed
2026-08-24 14:17:51 - MayaTools.CNTManager3 - INFO - [CNTManager3] CNTManager3 initialized
2026-08-24 14:17:52 - MayaTools.CNTManager3 - INFO - [CNTManager3] UI Action: Add items to A list
2026-08-24 14:17:52 - MayaTools.CNTManager3 - INFO - [CNTManager3] Added 6 items to A list
2026-08-24 14:17:57 - MayaTools.CNTManager3 - INFO - [CNTManager3] UI Action: Add items to B list
2026-08-24 14:17:57 - MayaTools.CNTManager3 - INFO - [CNTManager3] Added 6 items to B list
2026-08-24 14:18:06 - MayaTools.CNTManager3 - INFO - [CNTManager3] UI Action: Add items to B list
2026-08-24 14:18:06 - MayaTools.CNTManager3 - INFO - [CNTManager3] Added 6 items to B list
2026-08-24 14:18:12 - MayaTools.CNTManager3 - INFO - [CNTManager3] Starting operation: Apply Constraints
2026-08-24 14:18:12 - MayaTools.CNTManager3 - INFO - [CNTManager3] Operation Apply Constraints completed
2026-08-24 14:18:34 - MayaTools.CNTManager3 - INFO - [CNTManager3] UI Action: Add items to A list
2026-08-24 14:18:34 - MayaTools.CNTManager3 - INFO - [CNTManager3] Added 1 items to A list
2026-08-24 14:18:35 - MayaTools.CNTManager3 - INFO - [CNTManager3] UI Action: Add items to B list
2026-08-24 14:18:35 - MayaTools.CNTManager3 - INFO - [CNTManager3] Added 1 items to B list
2026-08-24 14:18:39 - MayaTools.CNTManager3 - INFO - [CNTManager3] Starting operation: List Connect
2026-08-24 14:18:39 - MayaTools.CNTManager3 - INFO - [CNTManager3] Operation List Connect completed
2026-08-24 14:18:40 - MayaTools.CNTManager3 - INFO - [CNTManager3] Starting operation: List Connect
2026-08-24 14:18:40 - MayaTools.CNTManager3 - INFO - [CNTManager3] Operation List Connect completed
2026-08-24 14:18:42 - MayaTools.CNTManager3 - INFO - [CNTManager3] Starting operation: List Connect
2026-08-24 14:18:42 - MayaTools.CNTManager3 - INFO - [CNTManager3] Operation List Connect completed
2026-08-24 14:21:22 - MayaTools.CNTManager3 - INFO - [CNTManager3] UI Action: Add items to B list
2026-08-24 14:21:22 - MayaTools.CNTManager3 - INFO - [CNTManager3] Added 5 items to B list
2026-08-24 14:21:35 - MayaTools.CNTManager3 - INFO - [CNTManager3] UI Action: Add items to A list
2026-08-24 14:21:35 - MayaTools.CNTManager3 - INFO - [CNTManager3] Added 5 items to A list
2026-08-24 14:21:40 - MayaTools.CNTManager3 - INFO - [CNTManager3] Starting operation: List Connect
2026-08-24 14:21:40 - MayaTools.CNTManager3 - INFO - [CNTManager3] Operation List Connect completed
2026-08-24 14:31:16 - MayaTools.CNTManager3 - INFO - [CNTManager3] UI Action: Add items to B list
2026-08-24 14:31:16 - MayaTools.CNTManager3 - INFO - [CNTManager3] Added 5 items to B list
2026-08-24 14:31:22 - MayaTools.CNTManager3 - INFO - [CNTManager3] UI Action: Add items to A list
2026-08-24 14:31:22 - MayaTools.CNTManager3 - INFO - [CNTManager3] Added 5 items to A list
2026-08-24 14:31:27 - MayaTools.CNTManager3 - INFO - [CNTManager3] Starting operation: Match Transform
2026-08-24 14:31:27 - MayaTools.CNTManager3 - INFO - [CNTManager3] Operation Match Transform completed
2026-08-24 14:31:46 - MayaTools.CNTManager3 - INFO - [CNTManager3] Got: radio_connectline2_l_fk_offset.r = [(0.0, 1.4143622643100395, 0.0)]
2026-08-24 14:31:49 - MayaTools.CNTManager3 - INFO - [CNTManager3] Starting operation: Batch Attr Set
2026-08-24 14:31:49 - MayaTools.CNTManager3 - WARNING - [CNTManager3] 실패 - radio_connectline2_l_fk_offset.r: setAttr: Error reading data element number 1: [(0.0, 1.4143622643100395, 0.0)]

2026-08-24 14:31:49 - MayaTools.CNTManager3 - WARNING - [CNTManager3] 실패 - radio_connectline3_l_fk_offset.r: setAttr: Error reading data element number 1: [(0.0, 1.4143622643100395, 0.0)]

2026-08-24 14:31:49 - MayaTools.CNTManager3 - WARNING - [CNTManager3] 실패 - radio_connectline4_l_fk_offset.r: setAttr: Error reading data element number 1: [(0.0, 1.4143622643100395, 0.0)]

2026-08-24 14:31:49 - MayaTools.CNTManager3 - WARNING - [CNTManager3] 실패 - radio_connectline5_l_fk_offset.r: setAttr: Error reading data element number 1: [(0.0, 1.4143622643100395, 0.0)]

2026-08-24 14:31:49 - MayaTools.CNTManager3 - WARNING - [CNTManager3] 실패 - radio_connectline6_l_fk_offset.r: setAttr: Error reading data element number 1: [(0.0, 1.4143622643100395, 0.0)]

2026-08-24 14:31:49 - MayaTools.CNTManager3 - INFO - [CNTManager3] Operation Batch Attr Set completed
2026-08-24 14:31:49 - MayaTools.CNTManager3 - INFO - [CNTManager3] 완료: 0/5 오브젝트 처리됨
2026-08-24 14:31:53 - MayaTools.CNTManager3 - INFO - [CNTManager3] Starting operation: Batch Attr Set
2026-08-24 14:31:53 - MayaTools.CNTManager3 - WARNING - [CNTManager3] 실패 - radio_connectline2_l_fk_offset.r: setAttr: Error reading data element number 1: [(0.0, 1.4143622643100395, 0.0)]

2026-08-24 14:31:53 - MayaTools.CNTManager3 - WARNING - [CNTManager3] 실패 - radio_connectline3_l_fk_offset.r: setAttr: Error reading data element number 1: [(0.0, 1.4143622643100395, 0.0)]

2026-08-24 14:31:53 - MayaTools.CNTManager3 - WARNING - [CNTManager3] 실패 - radio_connectline4_l_fk_offset.r: setAttr: Error reading data element number 1: [(0.0, 1.4143622643100395, 0.0)]

2026-08-24 14:31:53 - MayaTools.CNTManager3 - WARNING - [CNTManager3] 실패 - radio_connectline5_l_fk_offset.r: setAttr: Error reading data element number 1: [(0.0, 1.4143622643100395, 0.0)]

2026-08-24 14:31:53 - MayaTools.CNTManager3 - WARNING - [CNTManager3] 실패 - radio_connectline6_l_fk_offset.r: setAttr: Error reading data element number 1: [(0.0, 1.4143622643100395, 0.0)]

2026-08-24 14:31:53 - MayaTools.CNTManager3 - INFO - [CNTManager3] Operation Batch Attr Set completed
2026-08-24 14:31:53 - MayaTools.CNTManager3 - INFO - [CNTManager3] 완료: 0/5 오브젝트 처리됨
2026-08-24 14:35:20 - MayaTools.CNTManager3 - INFO - [CNTManager3] CNTManager3 cleanup completed
2026-08-24 14:39:11 - MayaTools.CNTManager3 - INFO - [CNTManager3] CNTManager3 initialized
2026-08-24 14:39:12 - MayaTools.CNTManager3 - INFO - [CNTManager3] UI Action: Add items to A list
2026-08-24 14:39:12 - MayaTools.CNTManager3 - INFO - [CNTManager3] Added 6 items to A list
2026-08-24 14:39:19 - MayaTools.CNTManager3 - INFO - [CNTManager3] UI Action: Add items to B list
2026-08-24 14:39:19 - MayaTools.CNTManager3 - INFO - [CNTManager3] Added 6 items to B list
2026-08-24 14:39:25 - MayaTools.CNTManager3 - INFO - [CNTManager3] Starting operation: List Connect
2026-08-24 14:39:25 - MayaTools.CNTManager3 - INFO - [CNTManager3] Operation List Connect completed
2026-08-24 14:39:38 - MayaTools.CNTManager3 - INFO - [CNTManager3] Starting operation: List Connect
2026-08-24 14:39:38 - MayaTools.CNTManager3 - INFO - [CNTManager3] Operation List Connect completed
2026-08-24 14:40:30 - MayaTools.CNTManager3 - INFO - [CNTManager3] UI Action: Add items to A list
2026-08-24 14:40:30 - MayaTools.CNTManager3 - INFO - [CNTManager3] Added 6 items to A list
2026-08-24 14:40:35 - MayaTools.CNTManager3 - INFO - [CNTManager3] UI Action: Add items to B list
2026-08-24 14:40:35 - MayaTools.CNTManager3 - INFO - [CNTManager3] Added 6 items to B list
2026-08-24 14:40:39 - MayaTools.CNTManager3 - INFO - [CNTManager3] Starting operation: Apply Constraints
2026-08-24 14:40:39 - MayaTools.CNTManager3 - INFO - [CNTManager3] Operation Apply Constraints completed
2026-08-24 14:45:04 - MayaTools.CNTManager3 - INFO - [CNTManager3] UI Action: Add items to B list
2026-08-24 14:45:04 - MayaTools.CNTManager3 - INFO - [CNTManager3] Added 6 items to B list
2026-08-24 14:45:10 - MayaTools.CNTManager3 - INFO - [CNTManager3] UI Action: Add items to A list
2026-08-24 14:45:10 - MayaTools.CNTManager3 - INFO - [CNTManager3] Added 6 items to A list
2026-08-24 14:45:13 - MayaTools.CNTManager3 - INFO - [CNTManager3] Starting operation: List Connect
2026-08-24 14:45:13 - MayaTools.CNTManager3 - INFO - [CNTManager3] Operation List Connect completed
2026-08-24 14:45:15 - MayaTools.CNTManager3 - INFO - [CNTManager3] Starting operation: List Connect
2026-08-24 14:45:15 - MayaTools.CNTManager3 - INFO - [CNTManager3] Operation List Connect completed
2026-08-24 14:45:22 - MayaTools.CNTManager3 - INFO - [CNTManager3] UI Action: Add items to A list
2026-08-24 14:45:22 - MayaTools.CNTManager3 - INFO - [CNTManager3] Added 6 items to A list
2026-08-24 14:45:24 - MayaTools.CNTManager3 - INFO - [CNTManager3] UI Action: Add items to B list
2026-08-24 14:45:24 - MayaTools.CNTManager3 - INFO - [CNTManager3] Added 6 items to B list
2026-08-24 14:45:28 - MayaTools.CNTManager3 - INFO - [CNTManager3] Starting operation: Apply Constraints
2026-08-24 14:45:28 - MayaTools.CNTManager3 - INFO - [CNTManager3] Operation Apply Constraints completed
2026-08-24 14:47:25 - MayaTools.CNTManager3 - INFO - [CNTManager3] CNTManager3 cleanup completed
2026-08-24 14:51:42 - MayaTools.CNTManager3 - INFO - [CNTManager3] CNTManager3 initialized
2026-08-24 14:51:43 - MayaTools.CNTManager3 - INFO - [CNTManager3] UI Action: Add items to B list
2026-08-24 14:51:43 - MayaTools.CNTManager3 - INFO - [CNTManager3] Added 5478 items to B list
2026-08-24 14:51:45 - MayaTools.CNTManager3 - INFO - [CNTManager3] UI Action: Swap A and B lists
2026-08-24 14:51:45 - MayaTools.CNTManager3 - INFO - [CNTManager3] UI Action: Add items to A list
2026-08-24 14:51:45 - MayaTools.CNTManager3 - INFO - [CNTManager3] Added 5478 items to A list
2026-08-24 14:51:45 - MayaTools.CNTManager3 - INFO - [CNTManager3] UI Action: Add items to B list
2026-08-24 14:51:45 - MayaTools.CNTManager3 - INFO - [CNTManager3] Added 0 items to B list
2026-08-24 14:51:45 - MayaTools.CNTManager3 - INFO - [CNTManager3] Lists swapped
2026-08-24 14:51:56 - MayaTools.CNTManager3 - INFO - [CNTManager3] Starting operation: Batch Attr Set
2026-08-24 14:51:56 - MayaTools.CNTManager3 - INFO - [CNTManager3] Operation Batch Attr Set completed
2026-08-24 14:51:56 - MayaTools.CNTManager3 - INFO - [CNTManager3] 완료: 5478/5478 오브젝트 처리됨
2026-08-24 14:51:58 - MayaTools.CNTManager3 - INFO - [CNTManager3] CNTManager3 cleanup completed
2026-08-24 14:52:05 - MayaTools.CNTManager3 - INFO - [CNTManager3] CNTManager3 initialized
2026-08-24 14:52:06 - MayaTools.CNTManager3 - INFO - [CNTManager3] UI Action: Add items to A list
2026-08-24 14:52:06 - MayaTools.CNTManager3 - INFO - [CNTManager3] Added 54 items to A list
2026-08-24 14:52:12 - MayaTools.CNTManager3 - INFO - [CNTManager3] Starting operation: Batch Attr Set
2026-08-24 14:52:12 - MayaTools.CNTManager3 - INFO - [CNTManager3] Operation Batch Attr Set completed
2026-08-24 14:52:12 - MayaTools.CNTManager3 - INFO - [CNTManager3] 완료: 54/54 오브젝트 처리됨
2026-08-24 14:52:26 - MayaTools.CNTManager3 - INFO - [CNTManager3] CNTManager3 cleanup completed
2026-08-24 23:48:51 - MayaTools.CNTManager3 - INFO - [CNTManager3] CNTManager3 initialized
2026-08-24 23:49:00 - MayaTools.CNTManager3 - INFO - [CNTManager3] UI Action: Add items to B list
2026-08-24 23:49:00 - MayaTools.CNTManager3 - INFO - [CNTManager3] Added 1 items to B list
2026-08-24 23:49:03 - MayaTools.CNTManager3 - INFO - [CNTManager3] UI Action: Add items to A list
2026-08-24 23:49:03 - MayaTools.CNTManager3 - INFO - [CNTManager3] Added 1 items to A list
2026-08-24 23:49:09 - MayaTools.CNTManager3 - INFO - [CNTManager3] Starting operation: List Connect
2026-08-24 23:49:09 - MayaTools.CNTManager3 - INFO - [CNTManager3] Operation List Connect completed
2026-08-24 23:49:14 - MayaTools.CNTManager3 - INFO - [CNTManager3] Starting operation: List Connect
2026-08-24 23:49:14 - MayaTools.CNTManager3 - INFO - [CNTManager3] Operation List Connect completed
2026-08-24 23:49:19 - MayaTools.CNTManager3 - INFO - [CNTManager3] Starting operation: List Connect
2026-08-24 23:49:19 - MayaTools.CNTManager3 - INFO - [CNTManager3] Operation List Connect completed
2026-08-24 23:49:24 - MayaTools.CNTManager3 - INFO - [CNTManager3] Starting operation: List Connect
2026-08-24 23:49:24 - MayaTools.CNTManager3 - INFO - [CNTManager3] Operation List Connect completed
2026-08-24 23:49:28 - MayaTools.CNTManager3 - INFO - [CNTManager3] Starting operation: List Connect
2026-08-24 23:49:28 - MayaTools.CNTManager3 - INFO - [CNTManager3] Operation List Connect completed
2026-08-24 23:49:33 - MayaTools.CNTManager3 - INFO - [CNTManager3] Starting operation: List Connect
2026-08-24 23:49:33 - MayaTools.CNTManager3 - INFO - [CNTManager3] Operation List Connect completed
2026-08-24 23:49:38 - MayaTools.CNTManager3 - INFO - [CNTManager3] CNTManager3 cleanup completed
