2026-04-15 10:19:53 - MayaTools.CNTManager3 - INFO - [CNTManager3] CNTManager3 initialized
2026-04-15 10:20:00 - MayaTools.CNTManager3 - INFO - [CNTManager3] UI Action: Add items to B list
2026-04-15 10:20:00 - MayaTools.CNTManager3 - INFO - [CNTManager3] Added 26 items to B list
2026-04-15 10:20:04 - MayaTools.CNTManager3 - INFO - [CNTManager3] UI Action: Add items to A list
2026-04-15 10:20:04 - MayaTools.CNTManager3 - INFO - [CNTManager3] Added 1 items to A list
2026-04-15 10:20:13 - MayaTools.CNTManager3 - INFO - [CNTManager3] Starting operation: List Connect
2026-04-15 10:20:13 - MayaTools.CNTManager3 - INFO - [CNTManager3] Operation List Connect completed
2026-04-15 10:20:18 - MayaTools.CNTManager3 - INFO - [CNTManager3] CNTManager3 cleanup completed
2026-04-15 10:33:38 - MayaTools.CNTManager3 - INFO - [CNTManager3] CNTManager3 initialized
2026-04-15 10:33:47 - MayaTools.CNTManager3 - INFO - [CNTManager3] UI Action: Add items to B list
2026-04-15 10:33:47 - MayaTools.CNTManager3 - INFO - [CNTManager3] Added 103 items to B list
2026-04-15 10:33:49 - MayaTools.CNTManager3 - INFO - [CNTManager3] UI Action: Add items to A list
2026-04-15 10:33:49 - MayaTools.CNTManager3 - INFO - [CNTManager3] Added 1 items to A list
2026-04-15 10:33:54 - MayaTools.CNTManager3 - INFO - [CNTManager3] Starting operation: List Connect
2026-04-15 10:33:54 - MayaTools.CNTManager3 - ERROR - [CNTManager3] Error in list connect: The destination attribute 'boneDynamicsNode1.reset_time' cannot be found.

2026-04-15 10:33:54 - MayaTools.CNTManager3 - INFO - [CNTManager3] Operation List Connect completed
2026-04-15 10:34:03 - MayaTools.CNTManager3 - INFO - [CNTManager3] Starting operation: List Connect
2026-04-15 10:34:03 - MayaTools.CNTManager3 - INFO - [CNTManager3] Operation List Connect completed
2026-04-15 10:35:30 - MayaTools.CNTManager3 - INFO - [CNTManager3] CNTManager3 cleanup completed
2026-04-15 14:30:14 - MayaTools.CNTManager3 - INFO - [CNTManager3] CNTManager3 initialized
2026-04-15 14:30:15 - MayaTools.CNTManager3 - INFO - [CNTManager3] UI Action: Add items to A list
2026-04-15 14:30:15 - MayaTools.CNTManager3 - INFO - [CNTManager3] Added 5 items to A list
2026-04-15 14:30:23 - MayaTools.CNTManager3 - INFO - [CNTManager3] UI Action: Add items to B list
2026-04-15 14:30:23 - MayaTools.CNTManager3 - INFO - [CNTManager3] Added 5 items to B list
2026-04-15 14:30:28 - MayaTools.CNTManager3 - INFO - [CNTManager3] Starting operation: Apply Constraints
2026-04-15 14:30:28 - MayaTools.CNTManager3 - INFO - [CNTManager3] Operation Apply Constraints completed
2026-04-15 14:43:34 - MayaTools.CNTManager3 - INFO - [CNTManager3] CNTManager3 cleanup completed
2026-04-15 15:03:54 - MayaTools.CNTManager3 - INFO - [CNTManager3] CNTManager3 initialized
2026-04-15 15:03:56 - MayaTools.CNTManager3 - INFO - [CNTManager3] UI Action: Add items to A list
2026-04-15 15:03:56 - MayaTools.CNTManager3 - INFO - [CNTManager3] Added 31 items to A list
2026-04-15 15:04:27 - MayaTools.CNTManager3 - INFO - [CNTManager3] UI Action: Add items to B list
2026-04-15 15:04:27 - MayaTools.CNTManager3 - INFO - [CNTManager3] Added 41 items to B list
2026-04-15 15:05:05 - MayaTools.CNTManager3 - INFO - [CNTManager3] UI Action: Add items to B list
2026-04-15 15:05:05 - MayaTools.CNTManager3 - INFO - [CNTManager3] Added 31 items to B list
2026-04-15 15:05:20 - MayaTools.CNTManager3 - INFO - [CNTManager3] Starting operation: Apply Constraints
2026-04-15 15:05:20 - MayaTools.CNTManager3 - INFO - [CNTManager3] Operation Apply Constraints completed
2026-04-15 15:05:49 - MayaTools.CNTManager3 - INFO - [CNTManager3] UI Action: Add items to A list
2026-04-15 15:05:49 - MayaTools.CNTManager3 - INFO - [CNTManager3] Added 33 items to A list
2026-04-15 15:05:59 - MayaTools.CNTManager3 - INFO - [CNTManager3] UI Action: Add items to B list
2026-04-15 15:05:59 - MayaTools.CNTManager3 - INFO - [CNTManager3] Added 33 items to B list
2026-04-15 15:06:05 - MayaTools.CNTManager3 - INFO - [CNTManager3] Starting operation: Apply Constraints
2026-04-15 15:06:05 - MayaTools.CNTManager3 - INFO - [CNTManager3] Operation Apply Constraints completed
2026-04-15 15:06:27 - MayaTools.CNTManager3 - INFO - [CNTManager3] UI Action: Add items to A list
2026-04-15 15:06:27 - MayaTools.CNTManager3 - INFO - [CNTManager3] Added 11 items to A list
2026-04-15 15:06:32 - MayaTools.CNTManager3 - INFO - [CNTManager3] UI Action: Add items to B list
2026-04-15 15:06:32 - MayaTools.CNTManager3 - INFO - [CNTManager3] Added 11 items to B list
2026-04-15 15:06:35 - MayaTools.CNTManager3 - INFO - [CNTManager3] Starting operation: Apply Constraints
2026-04-15 15:06:35 - MayaTools.CNTManager3 - INFO - [CNTManager3] Operation Apply Constraints completed
2026-04-15 15:06:57 - MayaTools.CNTManager3 - INFO - [CNTManager3] UI Action: Add items to A list
2026-04-15 15:06:57 - MayaTools.CNTManager3 - INFO - [CNTManager3] Added 28 items to A list
2026-04-15 15:07:33 - MayaTools.CNTManager3 - INFO - [CNTManager3] UI Action: Add items to B list
2026-04-15 15:07:33 - MayaTools.CNTManager3 - INFO - [CNTManager3] Added 28 items to B list
2026-04-15 15:07:38 - MayaTools.CNTManager3 - INFO - [CNTManager3] Starting operation: Apply Constraints
2026-04-15 15:07:38 - MayaTools.CNTManager3 - INFO - [CNTManager3] Operation Apply Constraints completed
2026-04-15 15:07:45 - MayaTools.CNTManager3 - INFO - [CNTManager3] CNTManager3 cleanup completed
2026-04-15 15:51:25 - MayaTools.CNTManager3 - INFO - [CNTManager3] CNTManager3 initialized
2026-04-15 15:51:26 - MayaTools.CNTManager3 - INFO - [CNTManager3] UI Action: Add items to A list
2026-04-15 15:51:26 - MayaTools.CNTManager3 - INFO - [CNTManager3] Added 1 items to A list
2026-04-15 15:51:29 - MayaTools.CNTManager3 - INFO - [CNTManager3] UI Action: Add items to B list
2026-04-15 15:51:29 - MayaTools.CNTManager3 - INFO - [CNTManager3] Added 1 items to B list
2026-04-15 15:51:31 - MayaTools.CNTManager3 - INFO - [CNTManager3] Starting operation: Apply Constraints
2026-04-15 15:51:31 - MayaTools.CNTManager3 - INFO - [CNTManager3] Operation Apply Constraints completed
2026-04-15 15:52:19 - MayaTools.CNTManager3 - INFO - [CNTManager3] CNTManager3 cleanup completed
2026-04-15 16:43:32 - MayaTools.CNTManager3 - INFO - [CNTManager3] CNTManager3 initialized
2026-04-15 16:43:34 - MayaTools.CNTManager3 - INFO - [CNTManager3] UI Action: Add items to A list
2026-04-15 16:43:34 - MayaTools.CNTManager3 - INFO - [CNTManager3] Added 1 items to A list
2026-04-15 16:43:43 - MayaTools.CNTManager3 - INFO - [CNTManager3] UI Action: Add items to B list
2026-04-15 16:43:43 - MayaTools.CNTManager3 - INFO - [CNTManager3] Added 8 items to B list
2026-04-15 16:43:56 - MayaTools.CNTManager3 - INFO - [CNTManager3] Starting operation: Apply Constraints
2026-04-15 16:43:56 - MayaTools.CNTManager3 - INFO - [CNTManager3] Operation Apply Constraints completed
2026-04-15 16:44:08 - MayaTools.CNTManager3 - INFO - [CNTManager3] UI Action: Add items to B list
2026-04-15 16:44:08 - MayaTools.CNTManager3 - INFO - [CNTManager3] Added 8 items to B list
2026-04-15 16:44:10 - MayaTools.CNTManager3 - INFO - [CNTManager3] UI Action: Add items to A list
2026-04-15 16:44:10 - MayaTools.CNTManager3 - INFO - [CNTManager3] Added 1 items to A list
2026-04-15 16:44:13 - MayaTools.CNTManager3 - INFO - [CNTManager3] Starting operation: Apply Constraints
2026-04-15 16:44:13 - MayaTools.CNTManager3 - INFO - [CNTManager3] Operation Apply Constraints completed
2026-04-15 16:46:55 - MayaTools.CNTManager3 - INFO - [CNTManager3] UI Action: Add items to A list
2026-04-15 16:46:55 - MayaTools.CNTManager3 - INFO - [CNTManager3] Added 1 items to A list
2026-04-15 16:46:57 - MayaTools.CNTManager3 - INFO - [CNTManager3] UI Action: Add items to B list
2026-04-15 16:46:57 - MayaTools.CNTManager3 - INFO - [CNTManager3] Added 1 items to B list
2026-04-15 16:46:59 - MayaTools.CNTManager3 - INFO - [CNTManager3] Starting operation: Apply Constraints
2026-04-15 16:46:59 - MayaTools.CNTManager3 - INFO - [CNTManager3] Operation Apply Constraints completed
2026-04-15 16:47:55 - MayaTools.CNTManager3 - INFO - [CNTManager3] UI Action: Add items to A list
2026-04-15 16:47:55 - MayaTools.CNTManager3 - INFO - [CNTManager3] Added 8 items to A list
2026-04-15 16:47:58 - MayaTools.CNTManager3 - INFO - [CNTManager3] UI Action: Add items to B list
2026-04-15 16:47:58 - MayaTools.CNTManager3 - INFO - [CNTManager3] Added 8 items to B list
2026-04-15 16:48:07 - MayaTools.CNTManager3 - INFO - [CNTManager3] Starting operation: Apply Constraints
2026-04-15 16:48:07 - MayaTools.CNTManager3 - INFO - [CNTManager3] Operation Apply Constraints completed
2026-04-15 16:48:12 - MayaTools.CNTManager3 - INFO - [CNTManager3] Starting operation: Apply Constraints
2026-04-15 16:48:12 - MayaTools.CNTManager3 - INFO - [CNTManager3] Operation Apply Constraints completed
2026-04-15 16:54:34 - MayaTools.CNTManager3 - INFO - [CNTManager3] UI Action: Add items to B list
2026-04-15 16:54:34 - MayaTools.CNTManager3 - INFO - [CNTManager3] Added 33 items to B list
2026-04-15 16:54:36 - MayaTools.CNTManager3 - INFO - [CNTManager3] UI Action: Sort items
2026-04-15 16:54:36 - MayaTools.CNTManager3 - INFO - [CNTManager3] UI Action: Add items to A list
2026-04-15 16:54:36 - MayaTools.CNTManager3 - INFO - [CNTManager3] Added 8 items to A list
2026-04-15 16:54:36 - MayaTools.CNTManager3 - INFO - [CNTManager3] UI Action: Add items to B list
2026-04-15 16:54:36 - MayaTools.CNTManager3 - INFO - [CNTManager3] Added 33 items to B list
2026-04-15 16:54:36 - MayaTools.CNTManager3 - INFO - [CNTManager3] Items sorted
2026-04-15 16:55:44 - MayaTools.CNTManager3 - INFO - [CNTManager3] UI Action: Remove items from B list
2026-04-15 16:55:44 - MayaTools.CNTManager3 - INFO - [CNTManager3] Removed 0 items from B list
2026-04-15 16:55:44 - MayaTools.CNTManager3 - INFO - [CNTManager3] UI Action: Remove items from A list
2026-04-15 16:55:44 - MayaTools.CNTManager3 - INFO - [CNTManager3] Removed 0 items from A list
2026-04-15 16:55:47 - MayaTools.CNTManager3 - INFO - [CNTManager3] UI Action: Remove items from B list
2026-04-15 16:55:47 - MayaTools.CNTManager3 - INFO - [CNTManager3] Removed 33 items from B list
2026-04-15 16:55:49 - MayaTools.CNTManager3 - INFO - [CNTManager3] UI Action: Remove items from A list
2026-04-15 16:55:49 - MayaTools.CNTManager3 - INFO - [CNTManager3] Removed 8 items from A list
2026-04-15 16:57:12 - MayaTools.CNTManager3 - INFO - [CNTManager3] UI Action: Add items to A list
2026-04-15 16:57:12 - MayaTools.CNTManager3 - INFO - [CNTManager3] Added 1 items to A list
2026-04-15 16:57:35 - MayaTools.CNTManager3 - INFO - [CNTManager3] UI Action: Add items to B list
2026-04-15 16:57:35 - MayaTools.CNTManager3 - INFO - [CNTManager3] Added 4 items to B list
2026-04-15 16:57:41 - MayaTools.CNTManager3 - INFO - [CNTManager3] Starting operation: List Connect
2026-04-15 16:57:41 - MayaTools.CNTManager3 - INFO - [CNTManager3] Operation List Connect completed
2026-04-15 16:57:44 - MayaTools.CNTManager3 - INFO - [CNTManager3] UI Action: Add items to B list
2026-04-15 16:57:44 - MayaTools.CNTManager3 - INFO - [CNTManager3] Added 4 items to B list
2026-04-15 16:57:52 - MayaTools.CNTManager3 - INFO - [CNTManager3] Starting operation: List Connect
2026-04-15 16:57:52 - MayaTools.CNTManager3 - INFO - [CNTManager3] Operation List Connect completed
2026-04-15 16:59:12 - MayaTools.CNTManager3 - INFO - [CNTManager3] UI Action: Add items to B list
2026-04-15 16:59:12 - MayaTools.CNTManager3 - INFO - [CNTManager3] Added 4 items to B list
2026-04-15 16:59:18 - MayaTools.CNTManager3 - INFO - [CNTManager3] Starting operation: List Connect
2026-04-15 16:59:18 - MayaTools.CNTManager3 - INFO - [CNTManager3] Operation List Connect completed
2026-04-15 16:59:27 - MayaTools.CNTManager3 - INFO - [CNTManager3] UI Action: Add items to B list
2026-04-15 16:59:27 - MayaTools.CNTManager3 - INFO - [CNTManager3] Added 4 items to B list
2026-04-15 16:59:33 - MayaTools.CNTManager3 - INFO - [CNTManager3] Starting operation: List Connect
2026-04-15 16:59:33 - MayaTools.CNTManager3 - INFO - [CNTManager3] Operation List Connect completed
2026-04-15 17:01:40 - MayaTools.CNTManager3 - INFO - [CNTManager3] UI Action: Add items to B list
2026-04-15 17:01:40 - MayaTools.CNTManager3 - INFO - [CNTManager3] Added 21 items to B list
2026-04-15 17:01:47 - MayaTools.CNTManager3 - INFO - [CNTManager3] Starting operation: List Connect
2026-04-15 17:01:47 - MayaTools.CNTManager3 - INFO - [CNTManager3] Operation List Connect completed
2026-04-15 17:02:00 - MayaTools.CNTManager3 - INFO - [CNTManager3] Starting operation: List Connect
2026-04-15 17:02:00 - MayaTools.CNTManager3 - INFO - [CNTManager3] Operation List Connect completed
2026-04-15 17:02:04 - MayaTools.CNTManager3 - INFO - [CNTManager3] UI Action: Add items to B list
2026-04-15 17:02:04 - MayaTools.CNTManager3 - INFO - [CNTManager3] Added 21 items to B list
2026-04-15 17:02:10 - MayaTools.CNTManager3 - INFO - [CNTManager3] Starting operation: List Connect
2026-04-15 17:02:10 - MayaTools.CNTManager3 - INFO - [CNTManager3] Operation List Connect completed
2026-04-15 17:09:57 - MayaTools.CNTManager3 - INFO - [CNTManager3] UI Action: Add items to A list
2026-04-15 17:09:57 - MayaTools.CNTManager3 - INFO - [CNTManager3] Added 1 items to A list
2026-04-15 17:10:01 - MayaTools.CNTManager3 - INFO - [CNTManager3] UI Action: Add items to B list
2026-04-15 17:10:01 - MayaTools.CNTManager3 - INFO - [CNTManager3] Added 3 items to B list
2026-04-15 17:10:07 - MayaTools.CNTManager3 - INFO - [CNTManager3] Starting operation: Apply Constraints
2026-04-15 17:10:07 - MayaTools.CNTManager3 - INFO - [CNTManager3] Operation Apply Constraints completed
2026-04-15 17:10:10 - MayaTools.CNTManager3 - INFO - [CNTManager3] UI Action: Add items to A list
2026-04-15 17:10:10 - MayaTools.CNTManager3 - INFO - [CNTManager3] Added 1 items to A list
2026-04-15 17:10:14 - MayaTools.CNTManager3 - INFO - [CNTManager3] UI Action: Add items to B list
2026-04-15 17:10:14 - MayaTools.CNTManager3 - INFO - [CNTManager3] Added 3 items to B list
2026-04-15 17:10:16 - MayaTools.CNTManager3 - INFO - [CNTManager3] Starting operation: Apply Constraints
2026-04-15 17:10:16 - MayaTools.CNTManager3 - INFO - [CNTManager3] Operation Apply Constraints completed
2026-04-15 17:12:37 - MayaTools.CNTManager3 - INFO - [CNTManager3] UI Action: Add items to B list
2026-04-15 17:12:37 - MayaTools.CNTManager3 - INFO - [CNTManager3] Added 4 items to B list
2026-04-15 17:12:47 - MayaTools.CNTManager3 - INFO - [CNTManager3] UI Action: Add items to A list
2026-04-15 17:12:47 - MayaTools.CNTManager3 - INFO - [CNTManager3] Added 1 items to A list
2026-04-15 17:13:02 - MayaTools.CNTManager3 - INFO - [CNTManager3] UI Action: Add items to A list
2026-04-15 17:13:02 - MayaTools.CNTManager3 - INFO - [CNTManager3] Added 1 items to A list
2026-04-15 17:13:09 - MayaTools.CNTManager3 - INFO - [CNTManager3] Starting operation: List Connect
2026-04-15 17:13:09 - MayaTools.CNTManager3 - INFO - [CNTManager3] Operation List Connect completed
2026-04-15 17:15:53 - MayaTools.CNTManager3 - INFO - [CNTManager3] UI Action: Add items to B list
2026-04-15 17:15:53 - MayaTools.CNTManager3 - INFO - [CNTManager3] Added 12 items to B list
2026-04-15 17:18:08 - MayaTools.CNTManager3 - INFO - [CNTManager3] UI Action: Add items to B list
2026-04-15 17:18:08 - MayaTools.CNTManager3 - INFO - [CNTManager3] Added 9 items to B list
2026-04-15 17:18:20 - MayaTools.CNTManager3 - INFO - [CNTManager3] UI Action: Add items to B list
2026-04-15 17:18:20 - MayaTools.CNTManager3 - INFO - [CNTManager3] Added 11 items to B list
2026-04-15 17:18:26 - MayaTools.CNTManager3 - INFO - [CNTManager3] UI Action: Add items to A list
2026-04-15 17:18:26 - MayaTools.CNTManager3 - INFO - [CNTManager3] Added 1 items to A list
2026-04-15 17:18:44 - MayaTools.CNTManager3 - INFO - [CNTManager3] Starting operation: List Connect
2026-04-15 17:18:44 - MayaTools.CNTManager3 - INFO - [CNTManager3] Operation List Connect completed
2026-04-15 17:20:36 - MayaTools.CNTManager3 - INFO - [CNTManager3] UI Action: Add items to B list
2026-04-15 17:20:36 - MayaTools.CNTManager3 - INFO - [CNTManager3] Added 1 items to B list
2026-04-15 17:20:40 - MayaTools.CNTManager3 - INFO - [CNTManager3] UI Action: Add items to A list
2026-04-15 17:20:40 - MayaTools.CNTManager3 - INFO - [CNTManager3] Added 1 items to A list
2026-04-15 17:20:42 - MayaTools.CNTManager3 - INFO - [CNTManager3] Starting operation: Apply Constraints
2026-04-15 17:20:42 - MayaTools.CNTManager3 - INFO - [CNTManager3] Operation Apply Constraints completed
2026-04-15 17:20:56 - MayaTools.CNTManager3 - INFO - [CNTManager3] UI Action: Add items to A list
2026-04-15 17:20:56 - MayaTools.CNTManager3 - INFO - [CNTManager3] Added 1 items to A list
2026-04-15 17:20:58 - MayaTools.CNTManager3 - INFO - [CNTManager3] Starting operation: Apply Constraints
2026-04-15 17:20:58 - MayaTools.CNTManager3 - INFO - [CNTManager3] Operation Apply Constraints completed
2026-04-15 17:28:15 - MayaTools.CNTManager3 - INFO - [CNTManager3] UI Action: Add items to A list
2026-04-15 17:28:15 - MayaTools.CNTManager3 - INFO - [CNTManager3] Added 1 items to A list
2026-04-15 17:29:24 - MayaTools.CNTManager3 - INFO - [CNTManager3] UI Action: Add items to B list
2026-04-15 17:29:24 - MayaTools.CNTManager3 - INFO - [CNTManager3] Added 8 items to B list
2026-04-15 17:29:32 - MayaTools.CNTManager3 - INFO - [CNTManager3] Starting operation: Apply Constraints
2026-04-15 17:29:32 - MayaTools.CNTManager3 - INFO - [CNTManager3] Operation Apply Constraints completed
2026-04-15 17:29:42 - MayaTools.CNTManager3 - INFO - [CNTManager3] UI Action: Add items to B list
2026-04-15 17:29:42 - MayaTools.CNTManager3 - INFO - [CNTManager3] Added 8 items to B list
2026-04-15 17:29:45 - MayaTools.CNTManager3 - INFO - [CNTManager3] UI Action: Add items to A list
2026-04-15 17:29:45 - MayaTools.CNTManager3 - INFO - [CNTManager3] Added 1 items to A list
2026-04-15 17:29:48 - MayaTools.CNTManager3 - INFO - [CNTManager3] Starting operation: Apply Constraints
2026-04-15 17:29:48 - MayaTools.CNTManager3 - INFO - [CNTManager3] Operation Apply Constraints completed
2026-04-15 17:40:13 - MayaTools.CNTManager3 - INFO - [CNTManager3] UI Action: Add items to B list
2026-04-15 17:40:13 - MayaTools.CNTManager3 - INFO - [CNTManager3] Added 28 items to B list
2026-04-15 17:40:18 - MayaTools.CNTManager3 - INFO - [CNTManager3] UI Action: Add items to A list
2026-04-15 17:40:18 - MayaTools.CNTManager3 - INFO - [CNTManager3] Added 1 items to A list
2026-04-15 17:40:35 - MayaTools.CNTManager3 - INFO - [CNTManager3] Starting operation: List Connect
2026-04-15 17:40:35 - MayaTools.CNTManager3 - INFO - [CNTManager3] Operation List Connect completed
2026-04-15 17:52:12 - MayaTools.CNTManager3 - INFO - [CNTManager3] UI Action: Add items to A list
2026-04-15 17:52:12 - MayaTools.CNTManager3 - INFO - [CNTManager3] Added 1 items to A list
2026-04-15 17:52:25 - MayaTools.CNTManager3 - INFO - [CNTManager3] UI Action: Add items to B list
2026-04-15 17:52:25 - MayaTools.CNTManager3 - INFO - [CNTManager3] Added 10 items to B list
2026-04-15 17:52:28 - MayaTools.CNTManager3 - INFO - [CNTManager3] Starting operation: Apply Constraints
2026-04-15 17:52:28 - MayaTools.CNTManager3 - INFO - [CNTManager3] Operation Apply Constraints completed
2026-04-15 17:52:41 - MayaTools.CNTManager3 - INFO - [CNTManager3] UI Action: Add items to B list
2026-04-15 17:52:41 - MayaTools.CNTManager3 - INFO - [CNTManager3] Added 10 items to B list
2026-04-15 17:52:44 - MayaTools.CNTManager3 - INFO - [CNTManager3] UI Action: Add items to A list
2026-04-15 17:52:44 - MayaTools.CNTManager3 - INFO - [CNTManager3] Added 1 items to A list
2026-04-15 17:52:46 - MayaTools.CNTManager3 - INFO - [CNTManager3] Starting operation: Apply Constraints
2026-04-15 17:52:46 - MayaTools.CNTManager3 - INFO - [CNTManager3] Operation Apply Constraints completed
2026-04-15 17:55:32 - MayaTools.CNTManager3 - INFO - [CNTManager3] UI Action: Add items to B list
2026-04-15 17:55:32 - MayaTools.CNTManager3 - INFO - [CNTManager3] Added 31 items to B list
2026-04-15 17:55:38 - MayaTools.CNTManager3 - INFO - [CNTManager3] UI Action: Add items to A list
2026-04-15 17:55:38 - MayaTools.CNTManager3 - INFO - [CNTManager3] Added 1 items to A list
2026-04-15 17:55:58 - MayaTools.CNTManager3 - INFO - [CNTManager3] Starting operation: List Connect
2026-04-15 17:55:58 - MayaTools.CNTManager3 - INFO - [CNTManager3] Operation List Connect completed
2026-04-15 18:06:30 - MayaTools.CNTManager3 - INFO - [CNTManager3] UI Action: Add items to B list
2026-04-15 18:06:30 - MayaTools.CNTManager3 - INFO - [CNTManager3] Added 32 items to B list
2026-04-15 18:06:39 - MayaTools.CNTManager3 - INFO - [CNTManager3] UI Action: Add items to B list
2026-04-15 18:06:39 - MayaTools.CNTManager3 - INFO - [CNTManager3] Added 31 items to B list
2026-04-15 18:06:42 - MayaTools.CNTManager3 - INFO - [CNTManager3] Starting operation: List Connect
2026-04-15 18:06:42 - MayaTools.CNTManager3 - INFO - [CNTManager3] Operation List Connect completed
2026-04-15 18:34:20 - MayaTools.CNTManager3 - INFO - [CNTManager3] UI Action: Add items to B list
2026-04-15 18:34:20 - MayaTools.CNTManager3 - INFO - [CNTManager3] Added 31 items to B list
2026-04-15 18:34:23 - MayaTools.CNTManager3 - INFO - [CNTManager3] Starting operation: List Connect
2026-04-15 18:34:23 - MayaTools.CNTManager3 - INFO - [CNTManager3] Operation List Connect completed
2026-04-15 18:36:47 - MayaTools.CNTManager3 - INFO - [CNTManager3] UI Action: Add items to B list
2026-04-15 18:36:47 - MayaTools.CNTManager3 - INFO - [CNTManager3] Added 11 items to B list
2026-04-15 18:37:01 - MayaTools.CNTManager3 - INFO - [CNTManager3] Starting operation: List Connect
2026-04-15 18:37:01 - MayaTools.CNTManager3 - INFO - [CNTManager3] Operation List Connect completed
2026-04-15 18:46:56 - MayaTools.CNTManager3 - INFO - [CNTManager3] UI Action: Add items to B list
2026-04-15 18:46:56 - MayaTools.CNTManager3 - INFO - [CNTManager3] Added 28 items to B list
2026-04-15 18:47:12 - MayaTools.CNTManager3 - INFO - [CNTManager3] UI Action: Add items to A list
2026-04-15 18:47:12 - MayaTools.CNTManager3 - INFO - [CNTManager3] Added 1 items to A list
2026-04-15 18:47:32 - MayaTools.CNTManager3 - INFO - [CNTManager3] Starting operation: List Connect
2026-04-15 18:47:32 - MayaTools.CNTManager3 - INFO - [CNTManager3] Operation List Connect completed
2026-04-15 18:52:50 - MayaTools.CNTManager3 - INFO - [CNTManager3] CNTManager3 cleanup completed
2026-04-16 10:13:21 - MayaTools.CNTManager3 - INFO - [CNTManager3] CNTManager3 initialized
2026-04-16 10:13:22 - MayaTools.CNTManager3 - INFO - [CNTManager3] UI Action: Add items to B list
2026-04-16 10:13:22 - MayaTools.CNTManager3 - INFO - [CNTManager3] Added 33 items to B list
2026-04-16 10:13:26 - MayaTools.CNTManager3 - INFO - [CNTManager3] UI Action: Add items to A list
2026-04-16 10:13:26 - MayaTools.CNTManager3 - INFO - [CNTManager3] Added 1 items to A list
2026-04-16 10:13:51 - MayaTools.CNTManager3 - INFO - [CNTManager3] Starting operation: List Connect
2026-04-16 10:13:51 - MayaTools.CNTManager3 - ERROR - [CNTManager3] Invalid selection for list connect
2026-04-16 10:13:55 - MayaTools.CNTManager3 - INFO - [CNTManager3] Starting operation: List Connect
2026-04-16 10:13:55 - MayaTools.CNTManager3 - INFO - [CNTManager3] Operation List Connect completed
2026-04-16 10:13:58 - MayaTools.CNTManager3 - INFO - [CNTManager3] CNTManager3 cleanup completed
