2026-08-22 00:59:37 - MayaTools.CNTManager3 - INFO - [CNTManager3] CNTManager3 initialized
2026-08-22 01:00:06 - MayaTools.CNTManager3 - INFO - [CNTManager3] UI Action: Add items to A list
2026-08-22 01:00:06 - MayaTools.CNTManager3 - INFO - [CNTManager3] Added 7 items to A list
2026-08-22 01:00:18 - MayaTools.CNTManager3 - INFO - [CNTManager3] UI Action: Add items to B list
2026-08-22 01:00:18 - MayaTools.CNTManager3 - INFO - [CNTManager3] Added 28 items to B list
2026-08-22 01:00:35 - MayaTools.CNTManager3 - INFO - [CNTManager3] Starting operation: List Connect
2026-08-22 01:00:35 - MayaTools.CNTManager3 - INFO - [CNTManager3] Operation List Connect completed
2026-08-22 01:00:42 - MayaTools.CNTManager3 - INFO - [CNTManager3] Starting operation: List Connect
2026-08-22 01:00:42 - MayaTools.CNTManager3 - INFO - [CNTManager3] Operation List Connect completed
2026-08-22 01:00:46 - MayaTools.CNTManager3 - INFO - [CNTManager3] Starting operation: List Connect
2026-08-22 01:00:46 - MayaTools.CNTManager3 - INFO - [CNTManager3] Operation List Connect completed
2026-08-22 01:00:49 - MayaTools.CNTManager3 - INFO - [CNTManager3] Starting operation: List Connect
2026-08-22 01:00:49 - MayaTools.CNTManager3 - INFO - [CNTManager3] Operation List Connect completed
2026-08-22 01:00:53 - MayaTools.CNTManager3 - INFO - [CNTManager3] Starting operation: List Connect
2026-08-22 01:00:53 - MayaTools.CNTManager3 - INFO - [CNTManager3] Operation List Connect completed
2026-08-22 01:00:56 - MayaTools.CNTManager3 - INFO - [CNTManager3] Starting operation: List Connect
2026-08-22 01:00:56 - MayaTools.CNTManager3 - INFO - [CNTManager3] Operation List Connect completed
2026-08-22 01:00:59 - MayaTools.CNTManager3 - INFO - [CNTManager3] Starting operation: List Connect
2026-08-22 01:00:59 - MayaTools.CNTManager3 - INFO - [CNTManager3] Operation List Connect completed
2026-08-22 01:01:07 - MayaTools.CNTManager3 - INFO - [CNTManager3] UI Action: Add items to B list
2026-08-22 01:01:07 - MayaTools.CNTManager3 - INFO - [CNTManager3] Added 7 items to B list
2026-08-22 01:01:17 - MayaTools.CNTManager3 - INFO - [CNTManager3] Starting operation: List Connect
2026-08-22 01:01:17 - MayaTools.CNTManager3 - INFO - [CNTManager3] Operation List Connect completed
2026-08-22 01:01:21 - MayaTools.CNTManager3 - INFO - [CNTManager3] UI Action: Add items to B list
2026-08-22 01:01:21 - MayaTools.CNTManager3 - INFO - [CNTManager3] Added 7 items to B list
2026-08-22 01:01:28 - MayaTools.CNTManager3 - INFO - [CNTManager3] Starting operation: List Connect
2026-08-22 01:01:28 - MayaTools.CNTManager3 - INFO - [CNTManager3] Operation List Connect completed
2026-08-22 01:01:33 - MayaTools.CNTManager3 - INFO - [CNTManager3] UI Action: Add items to B list
2026-08-22 01:01:33 - MayaTools.CNTManager3 - INFO - [CNTManager3] Added 7 items to B list
2026-08-22 01:01:39 - MayaTools.CNTManager3 - INFO - [CNTManager3] Starting operation: List Connect
2026-08-22 01:01:39 - MayaTools.CNTManager3 - INFO - [CNTManager3] Operation List Connect completed
2026-08-22 01:01:43 - MayaTools.CNTManager3 - INFO - [CNTManager3] UI Action: Add items to B list
2026-08-22 01:01:43 - MayaTools.CNTManager3 - INFO - [CNTManager3] Added 7 items to B list
2026-08-22 01:01:48 - MayaTools.CNTManager3 - INFO - [CNTManager3] Starting operation: List Connect
2026-08-22 01:01:48 - MayaTools.CNTManager3 - INFO - [CNTManager3] Operation List Connect completed
2026-08-22 01:01:51 - MayaTools.CNTManager3 - INFO - [CNTManager3] CNTManager3 cleanup completed
2026-08-22 01:23:05 - MayaTools.CNTManager3 - INFO - [CNTManager3] CNTManager3 cleanup completed
2026-08-22 01:23:05 - MayaTools.CNTManager3 - INFO - [CNTManager3] CNTManager3 initialized
2026-08-22 01:23:05 - MayaTools.CNTManager3 - INFO - [CNTManager3] UI Action: Add items to A list
2026-08-22 01:23:05 - MayaTools.CNTManager3 - INFO - [CNTManager3] Added 1 items to A list
2026-08-22 01:23:14 - MayaTools.CNTManager3 - INFO - [CNTManager3] UI Action: Add items to B list
2026-08-22 01:23:14 - MayaTools.CNTManager3 - INFO - [CNTManager3] Added 7 items to B list
2026-08-22 01:23:18 - MayaTools.CNTManager3 - INFO - [CNTManager3] Starting operation: Apply Constraints
2026-08-22 01:23:18 - MayaTools.CNTManager3 - INFO - [CNTManager3] Operation Apply Constraints completed
2026-08-22 01:23:19 - MayaTools.CNTManager3 - INFO - [CNTManager3] CNTManager3 cleanup completed
2026-08-22 01:42:24 - MayaTools.CNTManager3 - INFO - [CNTManager3] CNTManager3 cleanup completed
2026-08-22 01:42:24 - MayaTools.CNTManager3 - INFO - [CNTManager3] CNTManager3 initialized
2026-08-22 01:42:26 - MayaTools.CNTManager3 - INFO - [CNTManager3] UI Action: Add items to A list
2026-08-22 01:42:26 - MayaTools.CNTManager3 - INFO - [CNTManager3] Added 1 items to A list
2026-08-22 01:42:43 - MayaTools.CNTManager3 - INFO - [CNTManager3] UI Action: Add items to B list
2026-08-22 01:42:43 - MayaTools.CNTManager3 - INFO - [CNTManager3] Added 1 items to B list
2026-08-22 01:42:49 - MayaTools.CNTManager3 - INFO - [CNTManager3] Starting operation: List Connect
2026-08-22 01:42:49 - MayaTools.CNTManager3 - ERROR - [CNTManager3] Error in list connect: The destination attribute 'blendShape10.enable' cannot be found.

2026-08-22 01:42:49 - MayaTools.CNTManager3 - INFO - [CNTManager3] Operation List Connect completed
2026-08-22 01:42:58 - MayaTools.CNTManager3 - INFO - [CNTManager3] Starting operation: List Connect
2026-08-22 01:42:58 - MayaTools.CNTManager3 - INFO - [CNTManager3] Operation List Connect completed
2026-08-22 01:43:17 - MayaTools.CNTManager3 - INFO - [CNTManager3] UI Action: Add items to B list
2026-08-22 01:43:17 - MayaTools.CNTManager3 - INFO - [CNTManager3] Added 7 items to B list
2026-08-22 01:43:22 - MayaTools.CNTManager3 - INFO - [CNTManager3] Starting operation: List Connect
2026-08-22 01:43:22 - MayaTools.CNTManager3 - INFO - [CNTManager3] Operation List Connect completed
2026-08-22 01:44:07 - MayaTools.CNTManager3 - INFO - [CNTManager3] UI Action: Add items to A list
2026-08-22 01:44:07 - MayaTools.CNTManager3 - INFO - [CNTManager3] Added 1 items to A list
2026-08-22 01:44:22 - MayaTools.CNTManager3 - INFO - [CNTManager3] UI Action: Add items to B list
2026-08-22 01:44:22 - MayaTools.CNTManager3 - INFO - [CNTManager3] Added 14 items to B list
2026-08-22 01:44:29 - MayaTools.CNTManager3 - INFO - [CNTManager3] UI Action: Add items to B list
2026-08-22 01:44:29 - MayaTools.CNTManager3 - INFO - [CNTManager3] Added 7 items to B list
2026-08-22 01:44:32 - MayaTools.CNTManager3 - INFO - [CNTManager3] Starting operation: List Connect
2026-08-22 01:44:32 - MayaTools.CNTManager3 - INFO - [CNTManager3] Operation List Connect completed
2026-08-22 01:47:09 - MayaTools.CNTManager3 - INFO - [CNTManager3] UI Action: Add items to A list
2026-08-22 01:47:09 - MayaTools.CNTManager3 - INFO - [CNTManager3] Added 16 items to A list
2026-08-22 01:47:22 - MayaTools.CNTManager3 - INFO - [CNTManager3] Starting operation: Batch Attr Set
2026-08-22 01:47:22 - MayaTools.CNTManager3 - INFO - [CNTManager3] Operation Batch Attr Set completed
2026-08-22 01:47:22 - MayaTools.CNTManager3 - INFO - [CNTManager3] 완료: 16/16 오브젝트 처리됨
2026-08-22 01:49:34 - MayaTools.CNTManager3 - INFO - [CNTManager3] CNTManager3 cleanup completed
2026-08-22 02:36:14 - MayaTools.CNTManager3 - INFO - [CNTManager3] CNTManager3 cleanup completed
2026-08-22 02:36:14 - MayaTools.CNTManager3 - INFO - [CNTManager3] CNTManager3 initialized
2026-08-22 02:36:15 - MayaTools.CNTManager3 - INFO - [CNTManager3] UI Action: Add items to A list
2026-08-22 02:36:15 - MayaTools.CNTManager3 - INFO - [CNTManager3] Added 7 items to A list
2026-08-22 02:36:22 - MayaTools.CNTManager3 - INFO - [CNTManager3] UI Action: Add items to B list
2026-08-22 02:36:22 - MayaTools.CNTManager3 - INFO - [CNTManager3] Added 7 items to B list
2026-08-22 02:36:25 - MayaTools.CNTManager3 - INFO - [CNTManager3] Starting operation: Apply Constraints
2026-08-22 02:36:25 - MayaTools.CNTManager3 - INFO - [CNTManager3] Operation Apply Constraints completed
2026-08-22 02:36:26 - MayaTools.CNTManager3 - INFO - [CNTManager3] CNTManager3 cleanup completed
