2026-09-01 23:53:10 - MayaTools.CNTManager3 - INFO - [CNTManager3] CNTManager3 initialized
2026-09-01 23:53:14 - MayaTools.CNTManager3 - INFO - [CNTManager3] UI Action: Add items to A list
2026-09-01 23:53:14 - MayaTools.CNTManager3 - INFO - [CNTManager3] Added 2 items to A list
2026-09-01 23:53:17 - MayaTools.CNTManager3 - INFO - [CNTManager3] UI Action: Add items to A list
2026-09-01 23:53:17 - MayaTools.CNTManager3 - INFO - [CNTManager3] Added 2 items to A list
2026-09-01 23:53:21 - MayaTools.CNTManager3 - INFO - [CNTManager3] UI Action: Add items to B list
2026-09-01 23:53:21 - MayaTools.CNTManager3 - INFO - [CNTManager3] Added 2 items to B list
2026-09-01 23:53:36 - MayaTools.CNTManager3 - INFO - [CNTManager3] Starting operation: List Connect
2026-09-01 23:53:36 - MayaTools.CNTManager3 - INFO - [CNTManager3] Operation List Connect completed
2026-09-01 23:54:52 - MayaTools.CNTManager3 - INFO - [CNTManager3] UI Action: Add items to B list
2026-09-01 23:54:52 - MayaTools.CNTManager3 - INFO - [CNTManager3] Added 2 items to B list
2026-09-01 23:54:54 - MayaTools.CNTManager3 - INFO - [CNTManager3] Starting operation: List Connect
2026-09-01 23:54:54 - MayaTools.CNTManager3 - INFO - [CNTManager3] Operation List Connect completed
2026-09-01 23:55:02 - MayaTools.CNTManager3 - INFO - [CNTManager3] UI Action: Add items to B list
2026-09-01 23:55:02 - MayaTools.CNTManager3 - INFO - [CNTManager3] Added 2 items to B list
2026-09-01 23:55:05 - MayaTools.CNTManager3 - INFO - [CNTManager3] Starting operation: List Connect
2026-09-01 23:55:05 - MayaTools.CNTManager3 - INFO - [CNTManager3] Operation List Connect completed
2026-09-01 23:55:10 - MayaTools.CNTManager3 - INFO - [CNTManager3] UI Action: Add items to B list
2026-09-01 23:55:10 - MayaTools.CNTManager3 - INFO - [CNTManager3] Added 2 items to B list
2026-09-01 23:55:18 - MayaTools.CNTManager3 - INFO - [CNTManager3] Starting operation: List Connect
2026-09-01 23:55:18 - MayaTools.CNTManager3 - INFO - [CNTManager3] Operation List Connect completed
2026-09-01 23:55:39 - MayaTools.CNTManager3 - INFO - [CNTManager3] UI Action: Add items to B list
2026-09-01 23:55:39 - MayaTools.CNTManager3 - INFO - [CNTManager3] Added 8 items to B list
2026-09-01 23:55:52 - MayaTools.CNTManager3 - INFO - [CNTManager3] Starting operation: List Connect
2026-09-01 23:55:52 - MayaTools.CNTManager3 - INFO - [CNTManager3] Operation List Connect completed
2026-09-01 23:55:56 - MayaTools.CNTManager3 - INFO - [CNTManager3] Starting operation: List Connect
2026-09-01 23:55:56 - MayaTools.CNTManager3 - INFO - [CNTManager3] Operation List Connect completed
2026-09-01 23:55:58 - MayaTools.CNTManager3 - INFO - [CNTManager3] CNTManager3 cleanup completed
2026-09-02 00:09:02 - MayaTools.CNTManager3 - INFO - [CNTManager3] CNTManager3 cleanup completed
2026-09-02 00:09:02 - MayaTools.CNTManager3 - INFO - [CNTManager3] CNTManager3 initialized
2026-09-02 00:09:04 - MayaTools.CNTManager3 - INFO - [CNTManager3] UI Action: Add items to A list
2026-09-02 00:09:04 - MayaTools.CNTManager3 - INFO - [CNTManager3] Added 1 items to A list
2026-09-02 00:09:07 - MayaTools.CNTManager3 - INFO - [CNTManager3] UI Action: Add items to B list
2026-09-02 00:09:07 - MayaTools.CNTManager3 - INFO - [CNTManager3] Added 1 items to B list
2026-09-02 00:09:13 - MayaTools.CNTManager3 - INFO - [CNTManager3] Starting operation: Apply Constraints
2026-09-02 00:09:13 - MayaTools.CNTManager3 - INFO - [CNTManager3] Operation Apply Constraints completed
2026-09-02 00:09:18 - MayaTools.CNTManager3 - INFO - [CNTManager3] UI Action: Add items to B list
2026-09-02 00:09:18 - MayaTools.CNTManager3 - INFO - [CNTManager3] Added 1 items to B list
2026-09-02 00:09:21 - MayaTools.CNTManager3 - INFO - [CNTManager3] UI Action: Add items to A list
2026-09-02 00:09:21 - MayaTools.CNTManager3 - INFO - [CNTManager3] Added 1 items to A list
2026-09-02 00:09:23 - MayaTools.CNTManager3 - INFO - [CNTManager3] Starting operation: Apply Constraints
2026-09-02 00:09:23 - MayaTools.CNTManager3 - INFO - [CNTManager3] Operation Apply Constraints completed
2026-09-02 00:09:26 - MayaTools.CNTManager3 - INFO - [CNTManager3] UI Action: Add items to A list
2026-09-02 00:09:26 - MayaTools.CNTManager3 - INFO - [CNTManager3] Added 2 items to A list
2026-09-02 00:09:30 - MayaTools.CNTManager3 - INFO - [CNTManager3] UI Action: Add items to B list
2026-09-02 00:09:30 - MayaTools.CNTManager3 - INFO - [CNTManager3] Added 2 items to B list
2026-09-02 00:09:34 - MayaTools.CNTManager3 - INFO - [CNTManager3] Starting operation: Apply Constraints
2026-09-02 00:09:34 - MayaTools.CNTManager3 - INFO - [CNTManager3] Operation Apply Constraints completed
2026-09-02 00:10:34 - MayaTools.CNTManager3 - INFO - [CNTManager3] CNTManager3 cleanup completed
2026-09-02 00:14:01 - MayaTools.CNTManager3 - INFO - [CNTManager3] CNTManager3 cleanup completed
2026-09-02 00:14:01 - MayaTools.CNTManager3 - INFO - [CNTManager3] CNTManager3 initialized
2026-09-02 00:14:02 - MayaTools.CNTManager3 - INFO - [CNTManager3] CNTManager3 cleanup completed
2026-09-02 00:19:07 - MayaTools.CNTManager3 - INFO - [CNTManager3] CNTManager3 cleanup completed
2026-09-02 00:19:07 - MayaTools.CNTManager3 - INFO - [CNTManager3] CNTManager3 initialized
2026-09-02 00:19:08 - MayaTools.CNTManager3 - INFO - [CNTManager3] UI Action: Add items to A list
2026-09-02 00:19:08 - MayaTools.CNTManager3 - INFO - [CNTManager3] Added 1 items to A list
2026-09-02 00:19:12 - MayaTools.CNTManager3 - INFO - [CNTManager3] CNTManager3 cleanup completed
