2026-09-05 00:13:36 - MayaTools.CNTManager3 - INFO - [CNTManager3] CNTManager3 initialized
2026-09-05 00:13:38 - MayaTools.CNTManager3 - INFO - [CNTManager3] UI Action: Add items to A list
2026-09-05 00:13:38 - MayaTools.CNTManager3 - INFO - [CNTManager3] Added 1 items to A list
2026-09-05 00:13:40 - MayaTools.CNTManager3 - INFO - [CNTManager3] UI Action: Add items to B list
2026-09-05 00:13:40 - MayaTools.CNTManager3 - INFO - [CNTManager3] Added 1 items to B list
2026-09-05 00:13:43 - MayaTools.CNTManager3 - INFO - [CNTManager3] Starting operation: List Connect
2026-09-05 00:13:43 - MayaTools.CNTManager3 - INFO - [CNTManager3] Operation List Connect completed
2026-09-05 00:13:44 - MayaTools.CNTManager3 - INFO - [CNTManager3] CNTManager3 cleanup completed
2026-09-05 00:19:23 - MayaTools.CNTManager3 - INFO - [CNTManager3] CNTManager3 cleanup completed
2026-09-05 00:19:23 - MayaTools.CNTManager3 - INFO - [CNTManager3] CNTManager3 initialized
2026-09-05 00:19:24 - MayaTools.CNTManager3 - INFO - [CNTManager3] UI Action: Add items to B list
2026-09-05 00:19:24 - MayaTools.CNTManager3 - INFO - [CNTManager3] Added 8 items to B list
2026-09-05 00:19:26 - MayaTools.CNTManager3 - INFO - [CNTManager3] UI Action: Add items to A list
2026-09-05 00:19:26 - MayaTools.CNTManager3 - INFO - [CNTManager3] Added 8 items to A list
2026-09-05 00:19:32 - MayaTools.CNTManager3 - INFO - [CNTManager3] Starting operation: List Connect
2026-09-05 00:19:32 - MayaTools.CNTManager3 - INFO - [CNTManager3] Operation List Connect completed
2026-09-05 00:21:15 - MayaTools.CNTManager3 - INFO - [CNTManager3] CNTManager3 cleanup completed
2026-09-05 00:23:16 - MayaTools.CNTManager3 - INFO - [CNTManager3] CNTManager3 cleanup completed
2026-09-05 00:23:16 - MayaTools.CNTManager3 - INFO - [CNTManager3] CNTManager3 initialized
2026-09-05 00:23:17 - MayaTools.CNTManager3 - INFO - [CNTManager3] UI Action: Add items to A list
2026-09-05 00:23:17 - MayaTools.CNTManager3 - INFO - [CNTManager3] Added 1 items to A list
2026-09-05 00:23:24 - MayaTools.CNTManager3 - INFO - [CNTManager3] UI Action: Add items to B list
2026-09-05 00:23:24 - MayaTools.CNTManager3 - INFO - [CNTManager3] Added 16 items to B list
2026-09-05 00:23:31 - MayaTools.CNTManager3 - INFO - [CNTManager3] Starting operation: List Connect
2026-09-05 00:23:31 - MayaTools.CNTManager3 - INFO - [CNTManager3] Operation List Connect completed
2026-09-05 00:23:39 - MayaTools.CNTManager3 - INFO - [CNTManager3] Starting operation: List Connect
2026-09-05 00:23:39 - MayaTools.CNTManager3 - INFO - [CNTManager3] Operation List Connect completed
2026-09-05 00:23:44 - MayaTools.CNTManager3 - INFO - [CNTManager3] Starting operation: List Connect
2026-09-05 00:23:44 - MayaTools.CNTManager3 - INFO - [CNTManager3] Operation List Connect completed
2026-09-05 00:23:48 - MayaTools.CNTManager3 - INFO - [CNTManager3] Starting operation: List Connect
2026-09-05 00:23:48 - MayaTools.CNTManager3 - INFO - [CNTManager3] Operation List Connect completed
2026-09-05 00:23:52 - MayaTools.CNTManager3 - INFO - [CNTManager3] Starting operation: List Connect
2026-09-05 00:23:52 - MayaTools.CNTManager3 - INFO - [CNTManager3] Operation List Connect completed
2026-09-05 00:23:56 - MayaTools.CNTManager3 - INFO - [CNTManager3] Starting operation: List Connect
2026-09-05 00:23:56 - MayaTools.CNTManager3 - INFO - [CNTManager3] Operation List Connect completed
2026-09-05 00:24:00 - MayaTools.CNTManager3 - INFO - [CNTManager3] Starting operation: List Connect
2026-09-05 00:24:00 - MayaTools.CNTManager3 - INFO - [CNTManager3] Operation List Connect completed
2026-09-05 00:24:03 - MayaTools.CNTManager3 - INFO - [CNTManager3] Starting operation: List Connect
2026-09-05 00:24:03 - MayaTools.CNTManager3 - INFO - [CNTManager3] Operation List Connect completed
2026-09-05 00:24:04 - MayaTools.CNTManager3 - INFO - [CNTManager3] CNTManager3 cleanup completed
2026-09-05 00:51:21 - MayaTools.CNTManager3 - INFO - [CNTManager3] CNTManager3 cleanup completed
2026-09-05 00:51:21 - MayaTools.CNTManager3 - INFO - [CNTManager3] CNTManager3 initialized
2026-09-05 00:51:23 - MayaTools.CNTManager3 - INFO - [CNTManager3] UI Action: Add items to A list
2026-09-05 00:51:23 - MayaTools.CNTManager3 - INFO - [CNTManager3] Added 1 items to A list
2026-09-05 00:51:54 - MayaTools.CNTManager3 - INFO - [CNTManager3] UI Action: Add items to A list
2026-09-05 00:51:54 - MayaTools.CNTManager3 - INFO - [CNTManager3] Added 8 items to A list
2026-09-05 00:51:56 - MayaTools.CNTManager3 - INFO - [CNTManager3] UI Action: Add items to B list
2026-09-05 00:51:56 - MayaTools.CNTManager3 - INFO - [CNTManager3] Added 8 items to B list
2026-09-05 00:52:01 - MayaTools.CNTManager3 - INFO - [CNTManager3] Starting operation: List Connect
2026-09-05 00:52:01 - MayaTools.CNTManager3 - INFO - [CNTManager3] Operation List Connect completed
2026-09-05 00:52:02 - MayaTools.CNTManager3 - INFO - [CNTManager3] Starting operation: List Connect
2026-09-05 00:52:02 - MayaTools.CNTManager3 - INFO - [CNTManager3] Operation List Connect completed
2026-09-05 00:56:31 - MayaTools.CNTManager3 - INFO - [CNTManager3] CNTManager3 cleanup completed
2026-09-05 01:14:42 - MayaTools.CNTManager3 - INFO - [CNTManager3] CNTManager3 cleanup completed
2026-09-05 01:14:42 - MayaTools.CNTManager3 - INFO - [CNTManager3] CNTManager3 initialized
2026-09-05 01:14:43 - MayaTools.CNTManager3 - INFO - [CNTManager3] UI Action: Add items to B list
2026-09-05 01:14:43 - MayaTools.CNTManager3 - INFO - [CNTManager3] Added 8 items to B list
2026-09-05 01:14:46 - MayaTools.CNTManager3 - INFO - [CNTManager3] UI Action: Add items to A list
2026-09-05 01:14:46 - MayaTools.CNTManager3 - INFO - [CNTManager3] Added 8 items to A list
2026-09-05 01:14:56 - MayaTools.CNTManager3 - INFO - [CNTManager3] Starting operation: List Connect
2026-09-05 01:14:56 - MayaTools.CNTManager3 - INFO - [CNTManager3] Operation List Connect completed
2026-09-05 01:14:57 - MayaTools.CNTManager3 - INFO - [CNTManager3] Starting operation: List Connect
2026-09-05 01:14:57 - MayaTools.CNTManager3 - INFO - [CNTManager3] Operation List Connect completed
2026-09-05 01:14:59 - MayaTools.CNTManager3 - INFO - [CNTManager3] Starting operation: List Connect
2026-09-05 01:14:59 - MayaTools.CNTManager3 - INFO - [CNTManager3] Operation List Connect completed
2026-09-05 01:15:12 - MayaTools.CNTManager3 - INFO - [CNTManager3] CNTManager3 cleanup completed
