2026-09-06 00:51:09 - MayaTools.CNTManager3 - INFO - [CNTManager3] CNTManager3 initialized
2026-09-06 00:51:10 - MayaTools.CNTManager3 - INFO - [CNTManager3] UI Action: Add items to B list
2026-09-06 00:51:10 - MayaTools.CNTManager3 - INFO - [CNTManager3] Added 1 items to B list
2026-09-06 00:51:17 - MayaTools.CNTManager3 - INFO - [CNTManager3] UI Action: Add items to A list
2026-09-06 00:51:17 - MayaTools.CNTManager3 - INFO - [CNTManager3] Added 1 items to A list
2026-09-06 00:51:21 - MayaTools.CNTManager3 - INFO - [CNTManager3] Starting operation: List Connect
2026-09-06 00:51:21 - MayaTools.CNTManager3 - INFO - [CNTManager3] Operation List Connect completed
2026-09-06 00:51:23 - MayaTools.CNTManager3 - INFO - [CNTManager3] Starting operation: List Connect
2026-09-06 00:51:23 - MayaTools.CNTManager3 - INFO - [CNTManager3] Operation List Connect completed
2026-09-06 00:51:25 - MayaTools.CNTManager3 - INFO - [CNTManager3] Starting operation: List Connect
2026-09-06 00:51:25 - MayaTools.CNTManager3 - INFO - [CNTManager3] Operation List Connect completed
2026-09-06 00:58:23 - MayaTools.CNTManager3 - INFO - [CNTManager3] CNTManager3 cleanup completed
2026-09-06 01:31:07 - MayaTools.CNTManager3 - INFO - [CNTManager3] CNTManager3 cleanup completed
2026-09-06 01:31:07 - MayaTools.CNTManager3 - INFO - [CNTManager3] CNTManager3 initialized
2026-09-06 01:31:08 - MayaTools.CNTManager3 - INFO - [CNTManager3] UI Action: Add items to A list
2026-09-06 01:31:08 - MayaTools.CNTManager3 - INFO - [CNTManager3] Added 73 items to A list
2026-09-06 01:31:14 - MayaTools.CNTManager3 - INFO - [CNTManager3] UI Action: Add items to B list
2026-09-06 01:31:14 - MayaTools.CNTManager3 - INFO - [CNTManager3] Added 73 items to B list
2026-09-06 01:31:23 - MayaTools.CNTManager3 - INFO - [CNTManager3] Starting operation: List Connect
2026-09-06 01:31:23 - MayaTools.CNTManager3 - INFO - [CNTManager3] Operation List Connect completed
2026-09-06 01:31:25 - MayaTools.CNTManager3 - INFO - [CNTManager3] Starting operation: List Connect
2026-09-06 01:31:25 - MayaTools.CNTManager3 - INFO - [CNTManager3] Operation List Connect completed
2026-09-06 01:33:34 - MayaTools.CNTManager3 - INFO - [CNTManager3] UI Action: Add items to B list
2026-09-06 01:33:34 - MayaTools.CNTManager3 - INFO - [CNTManager3] Added 1 items to B list
2026-09-06 01:33:36 - MayaTools.CNTManager3 - INFO - [CNTManager3] UI Action: Add items to A list
2026-09-06 01:33:36 - MayaTools.CNTManager3 - INFO - [CNTManager3] Added 1 items to A list
2026-09-06 01:33:40 - MayaTools.CNTManager3 - INFO - [CNTManager3] Starting operation: List Connect
2026-09-06 01:33:40 - MayaTools.CNTManager3 - INFO - [CNTManager3] Operation List Connect completed
2026-09-06 01:33:41 - MayaTools.CNTManager3 - INFO - [CNTManager3] Starting operation: List Connect
2026-09-06 01:33:41 - MayaTools.CNTManager3 - INFO - [CNTManager3] Operation List Connect completed
2026-09-06 01:34:16 - MayaTools.CNTManager3 - INFO - [CNTManager3] CNTManager3 cleanup completed
2026-09-06 01:36:20 - MayaTools.CNTManager3 - INFO - [CNTManager3] CNTManager3 cleanup completed
2026-09-06 01:36:20 - MayaTools.CNTManager3 - INFO - [CNTManager3] CNTManager3 initialized
2026-09-06 01:36:20 - MayaTools.CNTManager3 - INFO - [CNTManager3] UI Action: Add items to B list
2026-09-06 01:36:20 - MayaTools.CNTManager3 - INFO - [CNTManager3] Added 8 items to B list
2026-09-06 01:36:23 - MayaTools.CNTManager3 - INFO - [CNTManager3] UI Action: Add items to A list
2026-09-06 01:36:23 - MayaTools.CNTManager3 - INFO - [CNTManager3] Added 8 items to A list
2026-09-06 01:36:28 - MayaTools.CNTManager3 - INFO - [CNTManager3] Starting operation: List Connect
2026-09-06 01:36:28 - MayaTools.CNTManager3 - INFO - [CNTManager3] Operation List Connect completed
2026-09-06 01:36:29 - MayaTools.CNTManager3 - INFO - [CNTManager3] CNTManager3 cleanup completed
2026-09-06 01:38:25 - MayaTools.CNTManager3 - INFO - [CNTManager3] CNTManager3 cleanup completed
2026-09-06 01:38:25 - MayaTools.CNTManager3 - INFO - [CNTManager3] CNTManager3 initialized
2026-09-06 01:38:27 - MayaTools.CNTManager3 - INFO - [CNTManager3] UI Action: Add items to B list
2026-09-06 01:38:27 - MayaTools.CNTManager3 - INFO - [CNTManager3] Added 1 items to B list
2026-09-06 01:38:37 - MayaTools.CNTManager3 - INFO - [CNTManager3] UI Action: Add items to A list
2026-09-06 01:38:37 - MayaTools.CNTManager3 - INFO - [CNTManager3] Added 1 items to A list
2026-09-06 01:38:41 - MayaTools.CNTManager3 - INFO - [CNTManager3] Starting operation: List Connect
2026-09-06 01:38:41 - MayaTools.CNTManager3 - INFO - [CNTManager3] Operation List Connect completed
2026-09-06 01:38:42 - MayaTools.CNTManager3 - INFO - [CNTManager3] Starting operation: List Connect
2026-09-06 01:38:42 - MayaTools.CNTManager3 - INFO - [CNTManager3] Operation List Connect completed
2026-09-06 01:38:44 - MayaTools.CNTManager3 - INFO - [CNTManager3] Starting operation: List Connect
2026-09-06 01:38:44 - MayaTools.CNTManager3 - INFO - [CNTManager3] Operation List Connect completed
2026-09-06 01:38:45 - MayaTools.CNTManager3 - INFO - [CNTManager3] CNTManager3 cleanup completed
2026-09-06 01:39:03 - MayaTools.CNTManager3 - INFO - [CNTManager3] CNTManager3 cleanup completed
2026-09-06 01:39:03 - MayaTools.CNTManager3 - INFO - [CNTManager3] CNTManager3 initialized
2026-09-06 01:39:05 - MayaTools.CNTManager3 - INFO - [CNTManager3] UI Action: Add items to B list
2026-09-06 01:39:05 - MayaTools.CNTManager3 - INFO - [CNTManager3] Added 1 items to B list
2026-09-06 01:39:14 - MayaTools.CNTManager3 - INFO - [CNTManager3] UI Action: Add items to A list
2026-09-06 01:39:14 - MayaTools.CNTManager3 - INFO - [CNTManager3] Added 1 items to A list
2026-09-06 01:39:19 - MayaTools.CNTManager3 - INFO - [CNTManager3] Starting operation: Matrix Constraint
2026-09-06 01:39:19 - MayaTools.CNTManager3 - ERROR - [CNTManager3] Error in matrix constraint: Maya command error
2026-09-06 01:39:19 - MayaTools.CNTManager3 - INFO - [CNTManager3] Operation Matrix Constraint completed
2026-09-06 01:39:22 - MayaTools.CNTManager3 - INFO - [CNTManager3] Starting operation: Apply Constraints
2026-09-06 01:39:22 - MayaTools.CNTManager3 - INFO - [CNTManager3] Operation Apply Constraints completed
2026-09-06 01:39:26 - MayaTools.CNTManager3 - INFO - [CNTManager3] CNTManager3 cleanup completed
2026-09-06 01:54:27 - MayaTools.CNTManager3 - INFO - [CNTManager3] CNTManager3 cleanup completed
2026-09-06 01:54:27 - MayaTools.CNTManager3 - INFO - [CNTManager3] CNTManager3 initialized
2026-09-06 01:54:27 - MayaTools.CNTManager3 - INFO - [CNTManager3] UI Action: Add items to A list
2026-09-06 01:54:27 - MayaTools.CNTManager3 - INFO - [CNTManager3] Added 1 items to A list
2026-09-06 01:54:28 - MayaTools.CNTManager3 - INFO - [CNTManager3] UI Action: Add items to B list
2026-09-06 01:54:28 - MayaTools.CNTManager3 - INFO - [CNTManager3] Added 1 items to B list
2026-09-06 01:54:32 - MayaTools.CNTManager3 - INFO - [CNTManager3] Starting operation: Apply Constraints
2026-09-06 01:54:32 - MayaTools.CNTManager3 - INFO - [CNTManager3] Operation Apply Constraints completed
2026-09-06 01:54:33 - MayaTools.CNTManager3 - INFO - [CNTManager3] CNTManager3 cleanup completed
2026-09-06 22:41:38 - MayaTools.CNTManager3 - INFO - [CNTManager3] CNTManager3 initialized
2026-09-06 22:41:39 - MayaTools.CNTManager3 - INFO - [CNTManager3] UI Action: Add items to A list
2026-09-06 22:41:39 - MayaTools.CNTManager3 - INFO - [CNTManager3] Added 1 items to A list
2026-09-06 22:41:45 - MayaTools.CNTManager3 - INFO - [CNTManager3] UI Action: Add items to B list
2026-09-06 22:41:45 - MayaTools.CNTManager3 - INFO - [CNTManager3] Added 1 items to B list
2026-09-06 22:41:47 - MayaTools.CNTManager3 - INFO - [CNTManager3] Starting operation: List Connect
2026-09-06 22:41:47 - MayaTools.CNTManager3 - INFO - [CNTManager3] Operation List Connect completed
2026-09-06 22:41:49 - MayaTools.CNTManager3 - INFO - [CNTManager3] CNTManager3 cleanup completed
