2026-07-25 23:53:55 - MayaTools.CNTManager3 - INFO - [CNTManager3] CNTManager3 initialized
2026-07-25 23:53:56 - MayaTools.CNTManager3 - INFO - [CNTManager3] UI Action: Add items to A list
2026-07-25 23:53:56 - MayaTools.CNTManager3 - INFO - [CNTManager3] Added 8 items to A list
2026-07-25 23:54:15 - MayaTools.CNTManager3 - INFO - [CNTManager3] UI Action: Add items to B list
2026-07-25 23:54:15 - MayaTools.CNTManager3 - INFO - [CNTManager3] Added 8 items to B list
2026-07-25 23:54:27 - MayaTools.CNTManager3 - INFO - [CNTManager3] Starting operation: List Connect
2026-07-25 23:54:27 - MayaTools.CNTManager3 - INFO - [CNTManager3] Operation List Connect completed
2026-07-25 23:54:35 - MayaTools.CNTManager3 - INFO - [CNTManager3] UI Action: Add items to B list
2026-07-25 23:54:35 - MayaTools.CNTManager3 - INFO - [CNTManager3] Added 8 items to B list
2026-07-25 23:54:44 - MayaTools.CNTManager3 - INFO - [CNTManager3] Starting operation: List Connect
2026-07-25 23:54:44 - MayaTools.CNTManager3 - INFO - [CNTManager3] Operation List Connect completed
2026-07-25 23:54:51 - MayaTools.CNTManager3 - INFO - [CNTManager3] UI Action: Add items to B list
2026-07-25 23:54:51 - MayaTools.CNTManager3 - INFO - [CNTManager3] Added 8 items to B list
2026-07-25 23:54:59 - MayaTools.CNTManager3 - INFO - [CNTManager3] Starting operation: List Connect
2026-07-25 23:54:59 - MayaTools.CNTManager3 - INFO - [CNTManager3] Operation List Connect completed
2026-07-25 23:55:05 - MayaTools.CNTManager3 - INFO - [CNTManager3] UI Action: Add items to B list
2026-07-25 23:55:05 - MayaTools.CNTManager3 - INFO - [CNTManager3] Added 8 items to B list
2026-07-25 23:55:13 - MayaTools.CNTManager3 - INFO - [CNTManager3] Starting operation: List Connect
2026-07-25 23:55:13 - MayaTools.CNTManager3 - INFO - [CNTManager3] Operation List Connect completed
2026-07-25 23:56:22 - MayaTools.CNTManager3 - INFO - [CNTManager3] UI Action: Add items to B list
2026-07-25 23:56:22 - MayaTools.CNTManager3 - INFO - [CNTManager3] Added 32 items to B list
2026-07-25 23:56:40 - MayaTools.CNTManager3 - INFO - [CNTManager3] Starting operation: List Connect
2026-07-25 23:56:40 - MayaTools.CNTManager3 - ERROR - [CNTManager3] Error in list connect: The attribute 'toptentacle01_IK01_CTL.visibility' is locked and cannot be connected.

2026-07-25 23:56:40 - MayaTools.CNTManager3 - INFO - [CNTManager3] Operation List Connect completed
2026-07-25 23:56:58 - MayaTools.CNTManager3 - INFO - [CNTManager3] Starting operation: List Connect
2026-07-25 23:56:58 - MayaTools.CNTManager3 - ERROR - [CNTManager3] Error in list connect: The attribute 'toptentacle01_IK01_CTL.visibility' is locked and cannot be connected.

2026-07-25 23:56:58 - MayaTools.CNTManager3 - INFO - [CNTManager3] Operation List Connect completed
2026-07-25 23:57:52 - MayaTools.CNTManager3 - INFO - [CNTManager3] Starting operation: List Connect
2026-07-25 23:57:52 - MayaTools.CNTManager3 - INFO - [CNTManager3] Operation List Connect completed
2026-07-25 23:57:56 - MayaTools.CNTManager3 - INFO - [CNTManager3] Starting operation: List Connect
2026-07-25 23:57:56 - MayaTools.CNTManager3 - INFO - [CNTManager3] Operation List Connect completed
2026-07-25 23:58:02 - MayaTools.CNTManager3 - INFO - [CNTManager3] Starting operation: List Connect
2026-07-25 23:58:02 - MayaTools.CNTManager3 - INFO - [CNTManager3] Operation List Connect completed
2026-07-25 23:58:07 - MayaTools.CNTManager3 - INFO - [CNTManager3] Starting operation: List Connect
2026-07-25 23:58:07 - MayaTools.CNTManager3 - INFO - [CNTManager3] Operation List Connect completed
2026-07-25 23:58:11 - MayaTools.CNTManager3 - INFO - [CNTManager3] Starting operation: List Connect
2026-07-25 23:58:11 - MayaTools.CNTManager3 - INFO - [CNTManager3] Operation List Connect completed
2026-07-25 23:58:15 - MayaTools.CNTManager3 - INFO - [CNTManager3] Starting operation: List Connect
2026-07-25 23:58:15 - MayaTools.CNTManager3 - INFO - [CNTManager3] Operation List Connect completed
2026-07-25 23:58:19 - MayaTools.CNTManager3 - INFO - [CNTManager3] Starting operation: List Connect
2026-07-25 23:58:19 - MayaTools.CNTManager3 - INFO - [CNTManager3] Operation List Connect completed
2026-07-25 23:58:22 - MayaTools.CNTManager3 - INFO - [CNTManager3] Starting operation: List Connect
2026-07-25 23:58:22 - MayaTools.CNTManager3 - INFO - [CNTManager3] Operation List Connect completed
2026-07-25 23:59:55 - MayaTools.CNTManager3 - INFO - [CNTManager3] UI Action: Add items to A list
2026-07-25 23:59:55 - MayaTools.CNTManager3 - INFO - [CNTManager3] Added 1 items to A list
2026-07-26 00:00:00 - MayaTools.CNTManager3 - INFO - [CNTManager3] UI Action: Add items to A list
2026-07-26 00:00:00 - MayaTools.CNTManager3 - INFO - [CNTManager3] Added 1 items to A list
2026-07-26 00:00:13 - MayaTools.CNTManager3 - INFO - [CNTManager3] UI Action: Add items to B list
2026-07-26 00:00:13 - MayaTools.CNTManager3 - INFO - [CNTManager3] Added 8 items to B list
2026-07-26 00:00:21 - MayaTools.CNTManager3 - INFO - [CNTManager3] Starting operation: Apply Constraints
2026-07-26 00:00:22 - MayaTools.CNTManager3 - INFO - [CNTManager3] Operation Apply Constraints completed
2026-07-26 00:01:03 - MayaTools.CNTManager3 - INFO - [CNTManager3] CNTManager3 cleanup completed
2026-07-26 00:05:01 - MayaTools.CNTManager3 - INFO - [CNTManager3] CNTManager3 cleanup completed
2026-07-26 00:05:01 - MayaTools.CNTManager3 - INFO - [CNTManager3] CNTManager3 initialized
2026-07-26 00:05:02 - MayaTools.CNTManager3 - INFO - [CNTManager3] UI Action: Add items to A list
2026-07-26 00:05:02 - MayaTools.CNTManager3 - INFO - [CNTManager3] Added 2 items to A list
2026-07-26 00:05:06 - MayaTools.CNTManager3 - INFO - [CNTManager3] UI Action: Add items to B list
2026-07-26 00:05:06 - MayaTools.CNTManager3 - INFO - [CNTManager3] Added 2 items to B list
2026-07-26 00:05:13 - MayaTools.CNTManager3 - INFO - [CNTManager3] Starting operation: Apply Constraints
2026-07-26 00:05:13 - MayaTools.CNTManager3 - INFO - [CNTManager3] Operation Apply Constraints completed
2026-07-26 00:05:14 - MayaTools.CNTManager3 - INFO - [CNTManager3] CNTManager3 cleanup completed
2026-07-26 01:19:31 - MayaTools.CNTManager3 - INFO - [CNTManager3] CNTManager3 cleanup completed
2026-07-26 01:19:31 - MayaTools.CNTManager3 - INFO - [CNTManager3] CNTManager3 initialized
2026-07-26 01:19:34 - MayaTools.CNTManager3 - INFO - [CNTManager3] UI Action: Add items to A list
2026-07-26 01:19:34 - MayaTools.CNTManager3 - INFO - [CNTManager3] Added 2 items to A list
2026-07-26 01:19:37 - MayaTools.CNTManager3 - INFO - [CNTManager3] UI Action: Add items to B list
2026-07-26 01:19:37 - MayaTools.CNTManager3 - INFO - [CNTManager3] Added 2 items to B list
2026-07-26 01:19:45 - MayaTools.CNTManager3 - INFO - [CNTManager3] CNTManager3 cleanup completed
2026-07-26 01:35:33 - MayaTools.CNTManager3 - INFO - [CNTManager3] CNTManager3 cleanup completed
2026-07-26 01:35:33 - MayaTools.CNTManager3 - INFO - [CNTManager3] CNTManager3 initialized
2026-07-26 01:35:33 - MayaTools.CNTManager3 - INFO - [CNTManager3] UI Action: Add items to A list
2026-07-26 01:35:33 - MayaTools.CNTManager3 - INFO - [CNTManager3] Added 1 items to A list
2026-07-26 01:35:50 - MayaTools.CNTManager3 - INFO - [CNTManager3] UI Action: Add items to B list
2026-07-26 01:35:50 - MayaTools.CNTManager3 - INFO - [CNTManager3] Added 8 items to B list
2026-07-26 01:36:02 - MayaTools.CNTManager3 - INFO - [CNTManager3] Starting operation: Apply Constraints
2026-07-26 01:36:02 - MayaTools.CNTManager3 - INFO - [CNTManager3] Operation Apply Constraints completed
2026-07-26 01:47:25 - MayaTools.CNTManager3 - INFO - [CNTManager3] UI Action: Add items to A list
2026-07-26 01:47:25 - MayaTools.CNTManager3 - INFO - [CNTManager3] Added 1 items to A list
2026-07-26 01:47:34 - MayaTools.CNTManager3 - INFO - [CNTManager3] UI Action: Add items to B list
2026-07-26 01:47:34 - MayaTools.CNTManager3 - INFO - [CNTManager3] Added 8 items to B list
2026-07-26 01:47:44 - MayaTools.CNTManager3 - INFO - [CNTManager3] Starting operation: Apply Constraints
2026-07-26 01:47:44 - MayaTools.CNTManager3 - INFO - [CNTManager3] Operation Apply Constraints completed
2026-07-26 01:50:46 - MayaTools.CNTManager3 - INFO - [CNTManager3] UI Action: Add items to A list
2026-07-26 01:50:46 - MayaTools.CNTManager3 - INFO - [CNTManager3] Added 1 items to A list
2026-07-26 01:50:56 - MayaTools.CNTManager3 - INFO - [CNTManager3] UI Action: Add items to B list
2026-07-26 01:50:56 - MayaTools.CNTManager3 - INFO - [CNTManager3] Added 8 items to B list
2026-07-26 01:51:02 - MayaTools.CNTManager3 - INFO - [CNTManager3] Starting operation: Apply Constraints
2026-07-26 01:51:02 - MayaTools.CNTManager3 - INFO - [CNTManager3] Operation Apply Constraints completed
2026-07-26 01:51:22 - MayaTools.CNTManager3 - INFO - [CNTManager3] UI Action: Add items to B list
2026-07-26 01:51:22 - MayaTools.CNTManager3 - INFO - [CNTManager3] Added 8 items to B list
2026-07-26 01:51:42 - MayaTools.CNTManager3 - INFO - [CNTManager3] Starting operation: Apply Constraints
2026-07-26 01:51:42 - MayaTools.CNTManager3 - INFO - [CNTManager3] Operation Apply Constraints completed
2026-07-26 01:52:45 - MayaTools.CNTManager3 - INFO - [CNTManager3] UI Action: Add items to B list
2026-07-26 01:52:45 - MayaTools.CNTManager3 - INFO - [CNTManager3] Added 8 items to B list
2026-07-26 01:55:42 - MayaTools.CNTManager3 - INFO - [CNTManager3] CNTManager3 cleanup completed
2026-07-26 01:58:11 - MayaTools.CNTManager3 - INFO - [CNTManager3] CNTManager3 cleanup completed
2026-07-26 01:58:11 - MayaTools.CNTManager3 - INFO - [CNTManager3] CNTManager3 initialized
2026-07-26 01:58:12 - MayaTools.CNTManager3 - INFO - [CNTManager3] UI Action: Add items to B list
2026-07-26 01:58:12 - MayaTools.CNTManager3 - INFO - [CNTManager3] Added 8 items to B list
2026-07-26 01:58:20 - MayaTools.CNTManager3 - INFO - [CNTManager3] UI Action: Add items to A list
2026-07-26 01:58:20 - MayaTools.CNTManager3 - INFO - [CNTManager3] Added 1 items to A list
2026-07-26 01:58:29 - MayaTools.CNTManager3 - INFO - [CNTManager3] Starting operation: Apply Constraints
2026-07-26 01:58:29 - MayaTools.CNTManager3 - INFO - [CNTManager3] Operation Apply Constraints completed
2026-07-26 01:58:51 - MayaTools.CNTManager3 - INFO - [CNTManager3] UI Action: Add items to B list
2026-07-26 01:58:51 - MayaTools.CNTManager3 - INFO - [CNTManager3] Added 8 items to B list
2026-07-26 01:58:55 - MayaTools.CNTManager3 - INFO - [CNTManager3] Starting operation: Apply Constraints
2026-07-26 01:58:56 - MayaTools.CNTManager3 - INFO - [CNTManager3] Operation Apply Constraints completed
2026-07-26 02:04:32 - MayaTools.CNTManager3 - INFO - [CNTManager3] Starting operation: Apply Constraints
2026-07-26 02:04:32 - MayaTools.CNTManager3 - INFO - [CNTManager3] Operation Apply Constraints completed
2026-07-26 02:04:53 - MayaTools.CNTManager3 - INFO - [CNTManager3] UI Action: Add items to B list
2026-07-26 02:04:53 - MayaTools.CNTManager3 - INFO - [CNTManager3] Added 8 items to B list
2026-07-26 02:04:56 - MayaTools.CNTManager3 - INFO - [CNTManager3] Starting operation: Apply Constraints
2026-07-26 02:04:57 - MayaTools.CNTManager3 - INFO - [CNTManager3] Operation Apply Constraints completed
2026-07-26 02:22:28 - MayaTools.CNTManager3 - INFO - [CNTManager3] UI Action: Add items to A list
2026-07-26 02:22:28 - MayaTools.CNTManager3 - INFO - [CNTManager3] Added 1 items to A list
2026-07-26 02:22:31 - MayaTools.CNTManager3 - INFO - [CNTManager3] UI Action: Add items to B list
2026-07-26 02:22:31 - MayaTools.CNTManager3 - INFO - [CNTManager3] Added 2 items to B list
2026-07-26 02:22:44 - MayaTools.CNTManager3 - INFO - [CNTManager3] Starting operation: List Connect
2026-07-26 02:22:44 - MayaTools.CNTManager3 - INFO - [CNTManager3] Operation List Connect completed
2026-07-26 02:28:10 - MayaTools.CNTManager3 - INFO - [CNTManager3] UI Action: Add items to B list
2026-07-26 02:28:10 - MayaTools.CNTManager3 - INFO - [CNTManager3] Added 2 items to B list
2026-07-26 02:28:18 - MayaTools.CNTManager3 - INFO - [CNTManager3] Starting operation: Apply Constraints
2026-07-26 02:28:18 - MayaTools.CNTManager3 - INFO - [CNTManager3] Operation Apply Constraints completed
2026-07-26 02:29:12 - MayaTools.CNTManager3 - INFO - [CNTManager3] UI Action: Add items to A list
2026-07-26 02:29:12 - MayaTools.CNTManager3 - INFO - [CNTManager3] Added 3 items to A list
2026-07-26 02:29:15 - MayaTools.CNTManager3 - INFO - [CNTManager3] UI Action: Add items to B list
2026-07-26 02:29:15 - MayaTools.CNTManager3 - INFO - [CNTManager3] Added 3 items to B list
2026-07-26 02:29:19 - MayaTools.CNTManager3 - INFO - [CNTManager3] Starting operation: List Connect
2026-07-26 02:29:19 - MayaTools.CNTManager3 - INFO - [CNTManager3] Operation List Connect completed
2026-07-26 02:29:26 - MayaTools.CNTManager3 - INFO - [CNTManager3] Starting operation: List Connect
2026-07-26 02:29:26 - MayaTools.CNTManager3 - INFO - [CNTManager3] Operation List Connect completed
2026-07-26 02:29:54 - MayaTools.CNTManager3 - INFO - [CNTManager3] UI Action: Add items to B list
2026-07-26 02:29:54 - MayaTools.CNTManager3 - INFO - [CNTManager3] Added 8 items to B list
2026-07-26 02:30:15 - MayaTools.CNTManager3 - INFO - [CNTManager3] UI Action: Add items to A list
2026-07-26 02:30:15 - MayaTools.CNTManager3 - INFO - [CNTManager3] Added 1 items to A list
2026-07-26 02:30:22 - MayaTools.CNTManager3 - INFO - [CNTManager3] Starting operation: Apply Constraints
2026-07-26 02:30:22 - MayaTools.CNTManager3 - INFO - [CNTManager3] Operation Apply Constraints completed
2026-07-26 02:31:19 - MayaTools.CNTManager3 - INFO - [CNTManager3] UI Action: Add items to B list
2026-07-26 02:31:19 - MayaTools.CNTManager3 - INFO - [CNTManager3] Added 8 items to B list
2026-07-26 02:31:25 - MayaTools.CNTManager3 - INFO - [CNTManager3] Starting operation: Apply Constraints
2026-07-26 02:31:26 - MayaTools.CNTManager3 - INFO - [CNTManager3] Operation Apply Constraints completed
2026-07-26 02:32:06 - MayaTools.CNTManager3 - INFO - [CNTManager3] UI Action: Add items to B list
2026-07-26 02:32:06 - MayaTools.CNTManager3 - INFO - [CNTManager3] Added 8 items to B list
2026-07-26 02:32:09 - MayaTools.CNTManager3 - INFO - [CNTManager3] Starting operation: Apply Constraints
2026-07-26 02:32:09 - MayaTools.CNTManager3 - INFO - [CNTManager3] Operation Apply Constraints completed
2026-07-26 02:34:01 - MayaTools.CNTManager3 - INFO - [CNTManager3] UI Action: Add items to B list
2026-07-26 02:34:01 - MayaTools.CNTManager3 - INFO - [CNTManager3] Added 6 items to B list
2026-07-26 02:34:15 - MayaTools.CNTManager3 - INFO - [CNTManager3] UI Action: Add items to A list
2026-07-26 02:34:15 - MayaTools.CNTManager3 - INFO - [CNTManager3] Added 6 items to A list
2026-07-26 02:34:23 - MayaTools.CNTManager3 - INFO - [CNTManager3] Starting operation: List Connect
2026-07-26 02:34:23 - MayaTools.CNTManager3 - INFO - [CNTManager3] Operation List Connect completed
2026-07-26 02:40:02 - MayaTools.CNTManager3 - INFO - [CNTManager3] UI Action: Add items to B list
2026-07-26 02:40:02 - MayaTools.CNTManager3 - INFO - [CNTManager3] Added 8 items to B list
2026-07-26 02:40:45 - MayaTools.CNTManager3 - INFO - [CNTManager3] UI Action: Add items to A list
2026-07-26 02:40:45 - MayaTools.CNTManager3 - INFO - [CNTManager3] Added 1 items to A list
2026-07-26 02:40:51 - MayaTools.CNTManager3 - INFO - [CNTManager3] Starting operation: List Connect
2026-07-26 02:40:52 - MayaTools.CNTManager3 - INFO - [CNTManager3] Operation List Connect completed
2026-07-26 02:41:10 - MayaTools.CNTManager3 - INFO - [CNTManager3] CNTManager3 cleanup completed
