2026-09-07 02:15:43 - MayaTools.CNTManager3 - INFO - [CNTManager3] CNTManager3 initialized
2026-09-07 02:15:44 - MayaTools.CNTManager3 - INFO - [CNTManager3] UI Action: Add items to B list
2026-09-07 02:15:44 - MayaTools.CNTManager3 - INFO - [CNTManager3] Added 345 items to B list
2026-09-07 02:15:50 - MayaTools.CNTManager3 - INFO - [CNTManager3] UI Action: Add items to A list
2026-09-07 02:15:50 - MayaTools.CNTManager3 - INFO - [CNTManager3] Added 1 items to A list
2026-09-07 02:16:09 - MayaTools.CNTManager3 - INFO - [CNTManager3] Starting operation: List Connect
2026-09-07 02:16:13 - MayaTools.CNTManager3 - INFO - [CNTManager3] Operation List Connect completed
2026-09-07 02:20:46 - MayaTools.CNTManager3 - INFO - [CNTManager3] UI Action: Add items to B list
2026-09-07 02:20:46 - MayaTools.CNTManager3 - INFO - [CNTManager3] Added 0 items to B list
2026-09-07 02:21:08 - MayaTools.CNTManager3 - INFO - [CNTManager3] UI Action: Add items to B list
2026-09-07 02:21:08 - MayaTools.CNTManager3 - INFO - [CNTManager3] Added 1 items to B list
2026-09-07 02:21:53 - MayaTools.CNTManager3 - INFO - [CNTManager3] UI Action: Add items to B list
2026-09-07 02:21:53 - MayaTools.CNTManager3 - INFO - [CNTManager3] Added 318 items to B list
2026-09-07 02:22:01 - MayaTools.CNTManager3 - INFO - [CNTManager3] Starting operation: List Connect
2026-09-07 02:22:05 - MayaTools.CNTManager3 - INFO - [CNTManager3] Operation List Connect completed
2026-09-07 02:23:47 - MayaTools.CNTManager3 - INFO - [CNTManager3] UI Action: Add items to B list
2026-09-07 02:23:47 - MayaTools.CNTManager3 - INFO - [CNTManager3] Added 235 items to B list
2026-09-07 02:23:52 - MayaTools.CNTManager3 - INFO - [CNTManager3] Starting operation: List Connect
2026-09-07 02:23:55 - MayaTools.CNTManager3 - INFO - [CNTManager3] Operation List Connect completed
2026-09-07 02:25:19 - MayaTools.CNTManager3 - INFO - [CNTManager3] UI Action: Add items to B list
2026-09-07 02:25:19 - MayaTools.CNTManager3 - INFO - [CNTManager3] Added 300 items to B list
2026-09-07 02:26:01 - MayaTools.CNTManager3 - INFO - [CNTManager3] Starting operation: List Connect
2026-09-07 02:26:05 - MayaTools.CNTManager3 - INFO - [CNTManager3] Operation List Connect completed
2026-09-07 02:28:32 - MayaTools.CNTManager3 - INFO - [CNTManager3] UI Action: Add items to B list
2026-09-07 02:28:32 - MayaTools.CNTManager3 - INFO - [CNTManager3] Added 208 items to B list
2026-09-07 02:28:37 - MayaTools.CNTManager3 - INFO - [CNTManager3] Starting operation: List Connect
2026-09-07 02:28:40 - MayaTools.CNTManager3 - INFO - [CNTManager3] Operation List Connect completed
2026-09-07 02:29:39 - MayaTools.CNTManager3 - INFO - [CNTManager3] UI Action: Add items to B list
2026-09-07 02:29:39 - MayaTools.CNTManager3 - INFO - [CNTManager3] Added 0 items to B list
2026-09-07 02:30:14 - MayaTools.CNTManager3 - INFO - [CNTManager3] UI Action: Add items to B list
2026-09-07 02:30:14 - MayaTools.CNTManager3 - INFO - [CNTManager3] Added 208 items to B list
2026-09-07 02:30:18 - MayaTools.CNTManager3 - INFO - [CNTManager3] Starting operation: List Connect
2026-09-07 02:30:20 - MayaTools.CNTManager3 - INFO - [CNTManager3] Operation List Connect completed
2026-09-07 02:33:44 - MayaTools.CNTManager3 - INFO - [CNTManager3] UI Action: Add items to B list
2026-09-07 02:33:44 - MayaTools.CNTManager3 - INFO - [CNTManager3] Added 2126 items to B list
2026-09-07 02:33:50 - MayaTools.CNTManager3 - INFO - [CNTManager3] Starting operation: List Connect
2026-09-07 02:34:15 - MayaTools.CNTManager3 - INFO - [CNTManager3] Operation List Connect completed
2026-09-07 02:37:03 - MayaTools.CNTManager3 - INFO - [CNTManager3] UI Action: Add items to B list
2026-09-07 02:37:03 - MayaTools.CNTManager3 - INFO - [CNTManager3] Added 1753 items to B list
2026-09-07 02:37:10 - MayaTools.CNTManager3 - INFO - [CNTManager3] Starting operation: List Connect
2026-09-07 02:37:32 - MayaTools.CNTManager3 - INFO - [CNTManager3] Operation List Connect completed
2026-09-07 02:38:51 - MayaTools.CNTManager3 - INFO - [CNTManager3] CNTManager3 cleanup completed
