2026-05-19 11:41:37 - MayaTools.CNTManager3 - INFO - [CNTManager3] CNTManager3 initialized
2026-05-19 11:41:38 - MayaTools.CNTManager3 - INFO - [CNTManager3] UI Action: Add items to A list
2026-05-19 11:41:38 - MayaTools.CNTManager3 - INFO - [CNTManager3] Added 32 items to A list
2026-05-19 11:41:44 - MayaTools.CNTManager3 - INFO - [CNTManager3] UI Action: Add items to B list
2026-05-19 11:41:44 - MayaTools.CNTManager3 - INFO - [CNTManager3] Added 32 items to B list
2026-05-19 11:42:14 - MayaTools.CNTManager3 - INFO - [CNTManager3] Starting operation: List Set
2026-05-19 11:42:14 - MayaTools.CNTManager3 - ERROR - [CNTManager3] Error in list set: setAttr: Error reading data element number 1: [(-90.0, 0.0, 0.0)]

2026-05-19 11:42:14 - MayaTools.CNTManager3 - INFO - [CNTManager3] Operation List Set completed
2026-05-19 11:42:30 - MayaTools.CNTManager3 - INFO - [CNTManager3] Starting operation: List Set
2026-05-19 11:42:30 - MayaTools.CNTManager3 - ERROR - [CNTManager3] Error in list set: setAttr: Error reading data element number 1: [(-90.0, 0.0, 0.0)]

2026-05-19 11:42:30 - MayaTools.CNTManager3 - INFO - [CNTManager3] Operation List Set completed
2026-05-19 11:42:42 - MayaTools.CNTManager3 - INFO - [CNTManager3] Starting operation: List Set
2026-05-19 11:42:42 - MayaTools.CNTManager3 - ERROR - [CNTManager3] Error in list set: setAttr: Error reading data element number 1: [(-90.0, 0.0, 0.0)]

2026-05-19 11:42:42 - MayaTools.CNTManager3 - INFO - [CNTManager3] Operation List Set completed
2026-05-19 11:42:48 - MayaTools.CNTManager3 - INFO - [CNTManager3] Starting operation: List Set
2026-05-19 11:42:48 - MayaTools.CNTManager3 - INFO - [CNTManager3] Operation List Set completed
2026-05-19 11:42:55 - MayaTools.CNTManager3 - INFO - [CNTManager3] Starting operation: List Set
2026-05-19 11:42:55 - MayaTools.CNTManager3 - INFO - [CNTManager3] Operation List Set completed
2026-05-19 11:43:00 - MayaTools.CNTManager3 - INFO - [CNTManager3] Starting operation: List Set
2026-05-19 11:43:00 - MayaTools.CNTManager3 - INFO - [CNTManager3] Operation List Set completed
2026-05-19 11:43:12 - MayaTools.CNTManager3 - INFO - [CNTManager3] CNTManager3 cleanup completed
2026-05-19 14:40:10 - MayaTools.CNTManager3 - INFO - [CNTManager3] CNTManager3 initialized
2026-05-19 14:40:12 - MayaTools.CNTManager3 - INFO - [CNTManager3] UI Action: Add items to B list
2026-05-19 14:40:12 - MayaTools.CNTManager3 - INFO - [CNTManager3] Added 7 items to B list
2026-05-19 14:40:17 - MayaTools.CNTManager3 - INFO - [CNTManager3] UI Action: Add items to A list
2026-05-19 14:40:17 - MayaTools.CNTManager3 - INFO - [CNTManager3] Added 7 items to A list
2026-05-19 14:40:34 - MayaTools.CNTManager3 - INFO - [CNTManager3] Starting operation: List Set
2026-05-19 14:40:34 - MayaTools.CNTManager3 - ERROR - [CNTManager3] Invalid selection for list set
2026-05-19 14:40:40 - MayaTools.CNTManager3 - INFO - [CNTManager3] Starting operation: List Set
2026-05-19 14:40:40 - MayaTools.CNTManager3 - INFO - [CNTManager3] Operation List Set completed
2026-05-19 14:40:48 - MayaTools.CNTManager3 - INFO - [CNTManager3] Starting operation: List Set
2026-05-19 14:40:48 - MayaTools.CNTManager3 - INFO - [CNTManager3] Operation List Set completed
2026-05-19 14:40:52 - MayaTools.CNTManager3 - INFO - [CNTManager3] Starting operation: List Set
2026-05-19 14:40:52 - MayaTools.CNTManager3 - INFO - [CNTManager3] Operation List Set completed
2026-05-19 14:41:13 - MayaTools.CNTManager3 - INFO - [CNTManager3] UI Action: Add items to B list
2026-05-19 14:41:13 - MayaTools.CNTManager3 - INFO - [CNTManager3] Added 25 items to B list
2026-05-19 14:42:22 - MayaTools.CNTManager3 - INFO - [CNTManager3] UI Action: Add items to A list
2026-05-19 14:42:22 - MayaTools.CNTManager3 - INFO - [CNTManager3] Added 25 items to A list
2026-05-19 14:42:35 - MayaTools.CNTManager3 - INFO - [CNTManager3] Starting operation: List Set
2026-05-19 14:42:35 - MayaTools.CNTManager3 - INFO - [CNTManager3] Operation List Set completed
2026-05-19 14:42:40 - MayaTools.CNTManager3 - INFO - [CNTManager3] Starting operation: List Set
2026-05-19 14:42:40 - MayaTools.CNTManager3 - INFO - [CNTManager3] Operation List Set completed
2026-05-19 14:42:44 - MayaTools.CNTManager3 - INFO - [CNTManager3] Starting operation: List Set
2026-05-19 14:42:44 - MayaTools.CNTManager3 - INFO - [CNTManager3] Operation List Set completed
2026-05-19 14:42:49 - MayaTools.CNTManager3 - INFO - [CNTManager3] CNTManager3 cleanup completed
2026-05-19 15:35:18 - MayaTools.CNTManager3 - INFO - [CNTManager3] CNTManager3 initialized
2026-05-19 15:36:07 - MayaTools.CNTManager3 - INFO - [CNTManager3] UI Action: Add items to B list
2026-05-19 15:36:07 - MayaTools.CNTManager3 - INFO - [CNTManager3] Added 27 items to B list
2026-05-19 15:36:12 - MayaTools.CNTManager3 - INFO - [CNTManager3] UI Action: Swap A and B lists
2026-05-19 15:36:12 - MayaTools.CNTManager3 - INFO - [CNTManager3] UI Action: Add items to A list
2026-05-19 15:36:12 - MayaTools.CNTManager3 - INFO - [CNTManager3] Added 27 items to A list
2026-05-19 15:36:12 - MayaTools.CNTManager3 - INFO - [CNTManager3] UI Action: Add items to B list
2026-05-19 15:36:12 - MayaTools.CNTManager3 - INFO - [CNTManager3] Added 0 items to B list
2026-05-19 15:36:12 - MayaTools.CNTManager3 - INFO - [CNTManager3] Lists swapped
2026-05-19 15:36:48 - MayaTools.CNTManager3 - INFO - [CNTManager3] UI Action: Add items to B list
2026-05-19 15:36:48 - MayaTools.CNTManager3 - INFO - [CNTManager3] Added 27 items to B list
2026-05-19 15:36:50 - MayaTools.CNTManager3 - INFO - [CNTManager3] UI Action: Sort items
2026-05-19 15:36:50 - MayaTools.CNTManager3 - INFO - [CNTManager3] UI Action: Add items to A list
2026-05-19 15:36:50 - MayaTools.CNTManager3 - INFO - [CNTManager3] Added 27 items to A list
2026-05-19 15:36:50 - MayaTools.CNTManager3 - INFO - [CNTManager3] UI Action: Add items to B list
2026-05-19 15:36:50 - MayaTools.CNTManager3 - INFO - [CNTManager3] Added 27 items to B list
2026-05-19 15:36:50 - MayaTools.CNTManager3 - INFO - [CNTManager3] Items sorted
2026-05-19 15:37:02 - MayaTools.CNTManager3 - INFO - [CNTManager3] Starting operation: Match Transform
2026-05-19 15:37:02 - MayaTools.CNTManager3 - INFO - [CNTManager3] Operation Match Transform completed
2026-05-19 15:37:07 - MayaTools.CNTManager3 - INFO - [CNTManager3] UI Action: Swap A and B lists
2026-05-19 15:37:07 - MayaTools.CNTManager3 - INFO - [CNTManager3] UI Action: Add items to A list
2026-05-19 15:37:07 - MayaTools.CNTManager3 - INFO - [CNTManager3] Added 27 items to A list
2026-05-19 15:37:07 - MayaTools.CNTManager3 - INFO - [CNTManager3] UI Action: Add items to B list
2026-05-19 15:37:07 - MayaTools.CNTManager3 - INFO - [CNTManager3] Added 27 items to B list
2026-05-19 15:37:07 - MayaTools.CNTManager3 - INFO - [CNTManager3] Lists swapped
2026-05-19 15:37:18 - MayaTools.CNTManager3 - INFO - [CNTManager3] Starting operation: Match Transform
2026-05-19 15:37:18 - MayaTools.CNTManager3 - INFO - [CNTManager3] Operation Match Transform completed
2026-05-19 15:37:31 - MayaTools.CNTManager3 - INFO - [CNTManager3] UI Action: Add items to B list
2026-05-19 15:37:31 - MayaTools.CNTManager3 - INFO - [CNTManager3] Added 27 items to B list
2026-05-19 15:37:36 - MayaTools.CNTManager3 - INFO - [CNTManager3] UI Action: Add items to A list
2026-05-19 15:37:36 - MayaTools.CNTManager3 - INFO - [CNTManager3] Added 2 items to A list
2026-05-19 15:37:41 - MayaTools.CNTManager3 - INFO - [CNTManager3] Starting operation: Match Transform
2026-05-19 15:37:41 - MayaTools.CNTManager3 - INFO - [CNTManager3] Operation Match Transform completed
2026-05-19 15:37:49 - MayaTools.CNTManager3 - INFO - [CNTManager3] UI Action: Add items to A list
2026-05-19 15:37:49 - MayaTools.CNTManager3 - INFO - [CNTManager3] Added 7 items to A list
2026-05-19 15:38:03 - MayaTools.CNTManager3 - INFO - [CNTManager3] Starting operation: Match Transform
2026-05-19 15:38:03 - MayaTools.CNTManager3 - INFO - [CNTManager3] Operation Match Transform completed
2026-05-19 15:38:16 - MayaTools.CNTManager3 - INFO - [CNTManager3] UI Action: Add items to A list
2026-05-19 15:38:16 - MayaTools.CNTManager3 - INFO - [CNTManager3] Added 2 items to A list
2026-05-19 15:38:21 - MayaTools.CNTManager3 - INFO - [CNTManager3] Starting operation: Match Transform
2026-05-19 15:38:21 - MayaTools.CNTManager3 - INFO - [CNTManager3] Operation Match Transform completed
2026-05-19 15:38:27 - MayaTools.CNTManager3 - INFO - [CNTManager3] UI Action: Add items to A list
2026-05-19 15:38:27 - MayaTools.CNTManager3 - INFO - [CNTManager3] Added 9 items to A list
2026-05-19 15:38:42 - MayaTools.CNTManager3 - INFO - [CNTManager3] Starting operation: Match Transform
2026-05-19 15:38:42 - MayaTools.CNTManager3 - INFO - [CNTManager3] Operation Match Transform completed
2026-05-19 15:38:55 - MayaTools.CNTManager3 - INFO - [CNTManager3] UI Action: Add items to A list
2026-05-19 15:38:55 - MayaTools.CNTManager3 - INFO - [CNTManager3] Added 4 items to A list
2026-05-19 15:39:06 - MayaTools.CNTManager3 - INFO - [CNTManager3] Starting operation: Match Transform
2026-05-19 15:39:06 - MayaTools.CNTManager3 - INFO - [CNTManager3] Operation Match Transform completed
2026-05-19 15:39:16 - MayaTools.CNTManager3 - INFO - [CNTManager3] UI Action: Add items to A list
2026-05-19 15:39:16 - MayaTools.CNTManager3 - INFO - [CNTManager3] Added 3 items to A list
2026-05-19 15:39:21 - MayaTools.CNTManager3 - INFO - [CNTManager3] Starting operation: Match Transform
2026-05-19 15:39:21 - MayaTools.CNTManager3 - INFO - [CNTManager3] Operation Match Transform completed
2026-05-19 15:39:35 - MayaTools.CNTManager3 - INFO - [CNTManager3] CNTManager3 cleanup completed
