2026-07-16 11:05:16 - MayaTools.CNTManager3 - INFO - [CNTManager3] CNTManager3 initialized
2026-07-16 11:05:17 - MayaTools.CNTManager3 - INFO - [CNTManager3] CNTManager3 cleanup completed
2026-07-16 11:23:49 - MayaTools.CNTManager3 - INFO - [CNTManager3] CNTManager3 initialized
2026-07-16 11:23:50 - MayaTools.CNTManager3 - INFO - [CNTManager3] UI Action: Add items to A list
2026-07-16 11:23:50 - MayaTools.CNTManager3 - INFO - [CNTManager3] Added 90 items to A list
2026-07-16 11:24:04 - MayaTools.CNTManager3 - INFO - [CNTManager3] Starting operation: Batch Attr Set
2026-07-16 11:24:04 - MayaTools.CNTManager3 - INFO - [CNTManager3] Operation Batch Attr Set completed
2026-07-16 11:24:04 - MayaTools.CNTManager3 - INFO - [CNTManager3] 완료: 90/90 오브젝트 처리됨
2026-07-16 11:24:05 - MayaTools.CNTManager3 - INFO - [CNTManager3] CNTManager3 cleanup completed
2026-07-16 11:48:45 - MayaTools.CNTManager3 - INFO - [CNTManager3] CNTManager3 initialized
2026-07-16 11:48:46 - MayaTools.CNTManager3 - INFO - [CNTManager3] UI Action: Add items to B list
2026-07-16 11:48:46 - MayaTools.CNTManager3 - INFO - [CNTManager3] Added 3 items to B list
2026-07-16 11:48:50 - MayaTools.CNTManager3 - INFO - [CNTManager3] UI Action: Add items to A list
2026-07-16 11:48:50 - MayaTools.CNTManager3 - INFO - [CNTManager3] Added 3 items to A list
2026-07-16 11:48:52 - MayaTools.CNTManager3 - INFO - [CNTManager3] Starting operation: Apply Constraints
2026-07-16 11:48:52 - MayaTools.CNTManager3 - INFO - [CNTManager3] Operation Apply Constraints completed
2026-07-16 11:48:54 - MayaTools.CNTManager3 - INFO - [CNTManager3] Starting operation: Apply Constraints
2026-07-16 11:48:54 - MayaTools.CNTManager3 - INFO - [CNTManager3] Operation Apply Constraints completed
2026-07-16 11:48:57 - MayaTools.CNTManager3 - INFO - [CNTManager3] Starting operation: Apply Constraints
2026-07-16 11:48:57 - MayaTools.CNTManager3 - INFO - [CNTManager3] Operation Apply Constraints completed
2026-07-16 11:48:57 - MayaTools.CNTManager3 - INFO - [CNTManager3] CNTManager3 cleanup completed
2026-07-16 13:08:02 - MayaTools.CNTManager3 - INFO - [CNTManager3] CNTManager3 initialized
2026-07-16 13:08:03 - MayaTools.CNTManager3 - INFO - [CNTManager3] UI Action: Add items to A list
2026-07-16 13:08:03 - MayaTools.CNTManager3 - INFO - [CNTManager3] Added 3 items to A list
2026-07-16 13:08:06 - MayaTools.CNTManager3 - INFO - [CNTManager3] UI Action: Add items to B list
2026-07-16 13:08:06 - MayaTools.CNTManager3 - INFO - [CNTManager3] Added 3 items to B list
2026-07-16 13:08:10 - MayaTools.CNTManager3 - INFO - [CNTManager3] Starting operation: Apply Constraints
2026-07-16 13:08:10 - MayaTools.CNTManager3 - INFO - [CNTManager3] Operation Apply Constraints completed
2026-07-16 13:08:12 - MayaTools.CNTManager3 - INFO - [CNTManager3] Starting operation: Apply Constraints
2026-07-16 13:08:12 - MayaTools.CNTManager3 - INFO - [CNTManager3] Operation Apply Constraints completed
2026-07-16 13:08:14 - MayaTools.CNTManager3 - INFO - [CNTManager3] Starting operation: Apply Constraints
2026-07-16 13:08:14 - MayaTools.CNTManager3 - INFO - [CNTManager3] Operation Apply Constraints completed
2026-07-16 13:08:31 - MayaTools.CNTManager3 - INFO - [CNTManager3] CNTManager3 cleanup completed
2026-07-16 14:50:24 - MayaTools.CNTManager3 - INFO - [CNTManager3] CNTManager3 initialized
2026-07-16 14:50:25 - MayaTools.CNTManager3 - INFO - [CNTManager3] UI Action: Add items to A list
2026-07-16 14:50:25 - MayaTools.CNTManager3 - INFO - [CNTManager3] Added 101 items to A list
2026-07-16 14:50:39 - MayaTools.CNTManager3 - INFO - [CNTManager3] Starting operation: Batch Attr Set
2026-07-16 14:50:39 - MayaTools.CNTManager3 - INFO - [CNTManager3] Operation Batch Attr Set completed
2026-07-16 14:50:39 - MayaTools.CNTManager3 - INFO - [CNTManager3] 완료: 101/101 오브젝트 처리됨
2026-07-16 14:50:40 - MayaTools.CNTManager3 - INFO - [CNTManager3] CNTManager3 cleanup completed
